<html>
<body>
<pre>
<h1>礦ision Build Log</h1>
<h2>Project:</h2>
C:\Users\mrer\Desktop\毕设下位机编程\Project\MDK-ARM(uV4)\project.uvproj
Project File Date:  03/28/2016

<h2>Output:</h2>
Rebuild target 'Flash'
compiling main.c...
compiling demo_spi_flash.c...
compiling mems_test.c...
compiling ad7705_test.c...
compiling bsp_key.c...
compiling bsp_led.c...
compiling bsp_timer.c...
compiling bsp_uart_fifo.c...
compiling stm32f4xx_it.c...
compiling stm32f4xx_assert.c...
compiling bsp.c...
compiling bsp_spi_flash.c...
compiling bsp_bmp085.c...
compiling bsp_i2c_gpio.c...
compiling bsp_tm7705.c...
compiling bsp_rtc.c...
assembling startup_stm32f40_41xxx.s...
compiling stm32f4xx_rcc.c...
compiling stm32f4xx_syscfg.c...
compiling misc.c...
compiling stm32f4xx_gpio.c...
compiling stm32f4xx_usart.c...
compiling stm32f4xx_spi.c...
compiling stm32f4xx_dma.c...
compiling stm32f4xx_iwdg.c...
compiling stm32f4xx_tim.c...
compiling stm32f4xx_wwdg.c...
compiling stm32f4xx_exti.c...
compiling stm32f4xx_rtc.c...
compiling stm32f4xx_pwr.c...
compiling system_stm32f4xx.c...
linking...
Program Size: Code=17536 RO-data=472 RW-data=84 ZI-data=29196  
FromELF: creating hex file...
After Build - User command #1: CopyHex_Flash.bat
C:\Users\mrer\Desktop\毕设下位机编程\Project\MDK-ARM(uV4)>copy Flash\Obj\output.hex ..\output(mdk).hex 
已复制         1 个文件。
".\Flash\Obj\output.axf" - 0 Error(s), 0 Warning(s).
Load "C:\\Users\\mrer\\Desktop\\毕设下位机编程\\Project\\MDK-ARM(uV4)\\Flash\\Obj\\output.axf" 
Set JLink Project File to "C:\Users\mrer\Desktop\毕设下位机编程\Project\MDK-ARM(uV4)\JLinkSettings.ini"
* JLink Info: Device "STM32F407IG" selected (1024 KB flash, 128 KB RAM).
 
JLink info:
------------
DLL: V4.80g, compiled Feb 13 2014 20:50:02
Firmware: J-Link V9 compiled Jan 29 2015 11:26:22
Hardware: V9.20
Feature(s) : GDB, RDI, FlashBP, FlashDL, JFlash 
 
* JLink Info: Found SWD-DP with ID 0x2BA01477
* JLink Info: Found SWD-DP with ID 0x2BA01477
* JLink Info: Found Cortex-M4 r0p1, Little endian.
* JLink Info: FPUnit: 6 code (BP) slots and 2 literal slots
* JLink Info: TPIU fitted.
* JLink Info: ETM fitted.
ROMTableAddr = 0xE00FF003
 
Target info:
------------
Device: STM32F407IG
VTarget = 3.316V
State of Pins: 
TCK: 0, TDI: 0, TDO: 0, TMS: 1, TRES: 1, TRST: 0
Hardware-Breakpoints: 6
Software-Breakpoints: 8192
Watchpoints:          4
JTAG speed: 6000 kHz
 
Erase Done.
Programming Done.
Verify OK.
Application running ...
</pre>
</body>
</html>
