ARM Linker, 5.03 [Build 76] [MDK-ARM Standard]

==============================================================================

Section Cross References

    main.o(i.PrintfLogo) refers to printf8.o(i.__0printf$8) for __2printf
    main.o(i.main) refers to bsp.o(i.bsp_Init) for bsp_Init
    main.o(i.main) refers to main.o(i.PrintfLogo) for PrintfLogo
    main.o(i.main) refers to bsp.o(i.bsp_Idle) for bsp_Idle
    main.o(i.main) refers to bsp_rtc.o(i.RTC_TimeShow) for RTC_TimeShow
    main.o(i.main) refers to bsp_rtc.o(i.RTC_DateShow) for RTC_DateShow
    main.o(i.main) refers to bsp_timer.o(i.bsp_DelayMS) for bsp_DelayMS
    main.o(i.main) refers to ad7705_test.o(i.GetAD7705) for GetAD7705
    main.o(i.main) refers to mems_test.o(i.GetBMP085) for GetBMP085
    main.o(i.main) refers to demo_spi_flash.o(i.F2CA) for F2CA
    main.o(i.main) refers to bsp_uart_fifo.o(i.comGetChar) for comGetChar
    main.o(i.main) refers to bsp_spi_flash.o(i.bsp_InitSFlash) for bsp_InitSFlash
    main.o(i.main) refers to bsp_spi_flash.o(i.sf_ReadBuffer) for sf_ReadBuffer
    main.o(i.main) refers to demo_spi_flash.o(i.CA2F) for CA2F
    main.o(i.main) refers to printf8.o(i.__0printf$8) for __2printf
    main.o(i.main) refers to bsp_rtc.o(.data) for RTC_TimeStructure
    main.o(i.main) refers to ad7705_test.o(.data) for volt1
    main.o(i.main) refers to bsp_bmp085.o(.bss) for g_tBMP085
    main.o(i.main) refers to bsp_spi_flash.o(.bss) for g_tSF
    main.o(i.main) refers to bsp_spi_flash.o(i.sf_WriteBuffer) for sf_WriteBuffer
    demo_spi_flash.o(i.DemoSpiFlash) refers to bsp_spi_flash.o(i.bsp_InitSFlash) for bsp_InitSFlash
    demo_spi_flash.o(i.DemoSpiFlash) refers to printf8.o(i.__0printf$8) for __2printf
    demo_spi_flash.o(i.DemoSpiFlash) refers to demo_spi_flash.o(i.sfDispMenu) for sfDispMenu
    demo_spi_flash.o(i.DemoSpiFlash) refers to bsp.o(i.bsp_Idle) for bsp_Idle
    demo_spi_flash.o(i.DemoSpiFlash) refers to bsp_uart_fifo.o(i.comGetChar) for comGetChar
    demo_spi_flash.o(i.DemoSpiFlash) refers to demo_spi_flash.o(i.sfReadTest) for sfReadTest
    demo_spi_flash.o(i.DemoSpiFlash) refers to demo_spi_flash.o(i.sfWriteTest) for sfWriteTest
    demo_spi_flash.o(i.DemoSpiFlash) refers to demo_spi_flash.o(i.sfErase) for sfErase
    demo_spi_flash.o(i.DemoSpiFlash) refers to demo_spi_flash.o(i.sfWriteAll) for sfWriteAll
    demo_spi_flash.o(i.DemoSpiFlash) refers to demo_spi_flash.o(i.sfTestReadSpeed) for sfTestReadSpeed
    demo_spi_flash.o(i.DemoSpiFlash) refers to demo_spi_flash.o(i.sfViewData) for sfViewData
    demo_spi_flash.o(i.DemoSpiFlash) refers to bsp_key.o(i.bsp_GetKey) for bsp_GetKey
    demo_spi_flash.o(i.DemoSpiFlash) refers to bsp_spi_flash.o(.bss) for g_tSF
    demo_spi_flash.o(i.sfDispMenu) refers to printf8.o(i.__0printf$8) for __2printf
    demo_spi_flash.o(i.sfErase) refers to bsp_timer.o(i.bsp_GetRunTime) for bsp_GetRunTime
    demo_spi_flash.o(i.sfErase) refers to bsp_spi_flash.o(i.sf_EraseChip) for sf_EraseChip
    demo_spi_flash.o(i.sfErase) refers to printf8.o(i.__0printf$8) for __2printf
    demo_spi_flash.o(i.sfReadTest) refers to bsp_timer.o(i.bsp_GetRunTime) for bsp_GetRunTime
    demo_spi_flash.o(i.sfReadTest) refers to bsp_spi_flash.o(i.sf_ReadBuffer) for sf_ReadBuffer
    demo_spi_flash.o(i.sfReadTest) refers to printf8.o(i.__0printf$8) for __2printf
    demo_spi_flash.o(i.sfTestReadSpeed) refers to bsp_timer.o(i.bsp_GetRunTime) for bsp_GetRunTime
    demo_spi_flash.o(i.sfTestReadSpeed) refers to bsp_spi_flash.o(i.sf_ReadBuffer) for sf_ReadBuffer
    demo_spi_flash.o(i.sfTestReadSpeed) refers to printf8.o(i.__0printf$8) for __2printf
    demo_spi_flash.o(i.sfTestReadSpeed) refers to bsp_spi_flash.o(.bss) for g_tSF
    demo_spi_flash.o(i.sfViewData) refers to bsp_spi_flash.o(i.sf_ReadBuffer) for sf_ReadBuffer
    demo_spi_flash.o(i.sfViewData) refers to printf8.o(i.__0printf$8) for __2printf
    demo_spi_flash.o(i.sfWriteAll) refers to bsp_timer.o(i.bsp_GetRunTime) for bsp_GetRunTime
    demo_spi_flash.o(i.sfWriteAll) refers to bsp_spi_flash.o(i.sf_WriteBuffer) for sf_WriteBuffer
    demo_spi_flash.o(i.sfWriteAll) refers to printf8.o(i.__0printf$8) for __2printf
    demo_spi_flash.o(i.sfWriteAll) refers to bsp_spi_flash.o(.bss) for g_tSF
    demo_spi_flash.o(i.sfWriteTest) refers to bsp_timer.o(i.bsp_GetRunTime) for bsp_GetRunTime
    demo_spi_flash.o(i.sfWriteTest) refers to bsp_spi_flash.o(i.sf_WriteBuffer) for sf_WriteBuffer
    demo_spi_flash.o(i.sfWriteTest) refers to printf8.o(i.__0printf$8) for __2printf
    mems_test.o(i.GetBMP085) refers to bsp_bmp085.o(i.bsp_InitBMP085) for bsp_InitBMP085
    mems_test.o(i.GetBMP085) refers to bsp_bmp085.o(i.BMP085_ReadTempPress) for BMP085_ReadTempPress
    mems_test.o(i.GetBMP085) refers to bsp_timer.o(i.bsp_StartAutoTimer) for bsp_StartAutoTimer
    ad7705_test.o(i.GetAD7705) refers to bsp_tm7705.o(i.bsp_InitTM7705) for bsp_InitTM7705
    ad7705_test.o(i.GetAD7705) refers to bsp_tm7705.o(i.TM7705_CalibSelf) for TM7705_CalibSelf
[...]
    ../clib/microlib/init/entry.s            0x00000000   Number         0  entry7a.o ABSOLUTE
    ../clib/microlib/init/entry.s            0x00000000   Number         0  entry5.o ABSOLUTE
    ../clib/microlib/init/entry.s            0x00000000   Number         0  entry10a.o ABSOLUTE
    ../clib/microlib/init/entry.s            0x00000000   Number         0  entry11a.o ABSOLUTE
    ../clib/microlib/init/entry.s            0x00000000   Number         0  entry2.o ABSOLUTE
    ../clib/microlib/init/entry.s            0x00000000   Number         0  entry10b.o ABSOLUTE
    ../clib/microlib/init/entry.s            0x00000000   Number         0  entry7b.o ABSOLUTE
    ../clib/microlib/init/entry.s            0x00000000   Number         0  entry.o ABSOLUTE
    ../clib/microlib/init/entry.s            0x00000000   Number         0  entry9b.o ABSOLUTE
    ../clib/microlib/longlong.c              0x00000000   Number         0  llsshr.o ABSOLUTE
    ../clib/microlib/longlong.c              0x00000000   Number         0  llushr.o ABSOLUTE
    ../clib/microlib/longlong.c              0x00000000   Number         0  llshl.o ABSOLUTE
    ../clib/microlib/printf/printf.c         0x00000000   Number         0  printf6.o ABSOLUTE
    ../clib/microlib/printf/printf.c         0x00000000   Number         0  printf5.o ABSOLUTE
    ../clib/microlib/printf/printf.c         0x00000000   Number         0  printf4.o ABSOLUTE
    ../clib/microlib/printf/printf.c         0x00000000   Number         0  printf3.o ABSOLUTE
    ../clib/microlib/printf/printf.c         0x00000000   Number         0  printf2.o ABSOLUTE
    ../clib/microlib/printf/printf.c         0x00000000   Number         0  printf1.o ABSOLUTE
    ../clib/microlib/printf/printf.c         0x00000000   Number         0  printf0.o ABSOLUTE
    ../clib/microlib/printf/printf.c         0x00000000   Number         0  printfb.o ABSOLUTE
    ../clib/microlib/printf/printf.c         0x00000000   Number         0  printfa.o ABSOLUTE
    ../clib/microlib/printf/printf.c         0x00000000   Number         0  printf8.o ABSOLUTE
    ../clib/microlib/printf/printf.c         0x00000000   Number         0  printf7.o ABSOLUTE
    ../clib/microlib/printf/stubs.s          0x00000000   Number         0  stubs.o ABSOLUTE
    ../clib/microlib/stdio/streams.c         0x00000000   Number         0  stdout.o ABSOLUTE
    ../clib/microlib/string/memcmp.c         0x00000000   Number         0  memcmp.o ABSOLUTE
    ../clib/microlib/string/memcpy.c         0x00000000   Number         0  memcpyb.o ABSOLUTE
    ../clib/microlib/string/memcpy.c         0x00000000   Number         0  memcpya.o ABSOLUTE
    ../clib/microlib/string/memset.c         0x00000000   Number         0  memseta.o ABSOLUTE
    ../clib/microlib/string/strcpy.c         0x00000000   Number         0  strcpy.o ABSOLUTE
    ../clib/microlib/stubs.s                 0x00000000   Number         0  iusefp.o ABSOLUTE
    ../fplib/microlib/fpadd.c                0x00000000   Number         0  dadd.o ABSOLUTE
    ../fplib/microlib/fpdiv.c                0x00000000   Number         0  ddiv.o ABSOLUTE
    ../fplib/microlib/fpepilogue.c           0x00000000   Number         0  depilogue.o ABSOLUTE
    ../fplib/microlib/fpfix.c                0x00000000   Number         0  dfixul.o ABSOLUTE
    ../fplib/microlib/fpmul.c                0x00000000   Number         0  dmul.o ABSOLUTE
    ..\..\Libraries\CMSIS\Device\ST\STM32F4xx\Source\Templates\arm\startup_stm32f40_41xxx.s 0x00000000   Number         0  startup_stm32f40_41xxx.o ABSOLUTE
    ..\..\Libraries\STM32F4xx_StdPeriph_Driver\src\misc.c 0x00000000   Number         0  misc.o ABSOLUTE
    ..\..\Libraries\STM32F4xx_StdPeriph_Driver\src\stm32f4xx_dma.c 0x00000000   Number         0  stm32f4xx_dma.o ABSOLUTE
    ..\..\Libraries\STM32F4xx_StdPeriph_Driver\src\stm32f4xx_exti.c 0x00000000   Number         0  stm32f4xx_exti.o ABSOLUTE
    ..\..\Libraries\STM32F4xx_StdPeriph_Driver\src\stm32f4xx_gpio.c 0x00000000   Number         0  stm32f4xx_gpio.o ABSOLUTE
    ..\..\Libraries\STM32F4xx_StdPeriph_Driver\src\stm32f4xx_iwdg.c 0x00000000   Number         0  stm32f4xx_iwdg.o ABSOLUTE
    ..\..\Libraries\STM32F4xx_StdPeriph_Driver\src\stm32f4xx_pwr.c 0x00000000   Number         0  stm32f4xx_pwr.o ABSOLUTE
    ..\..\Libraries\STM32F4xx_StdPeriph_Driver\src\stm32f4xx_rcc.c 0x00000000   Number         0  stm32f4xx_rcc.o ABSOLUTE
    ..\..\Libraries\STM32F4xx_StdPeriph_Driver\src\stm32f4xx_rtc.c 0x00000000   Number         0  stm32f4xx_rtc.o ABSOLUTE
    ..\..\Libraries\STM32F4xx_StdPeriph_Driver\src\stm32f4xx_spi.c 0x00000000   Number         0  stm32f4xx_spi.o ABSOLUTE
    ..\..\Libraries\STM32F4xx_StdPeriph_Driver\src\stm32f4xx_syscfg.c 0x00000000   Number         0  stm32f4xx_syscfg.o ABSOLUTE
    ..\..\Libraries\STM32F4xx_StdPeriph_Driver\src\stm32f4xx_tim.c 0x00000000   Number         0  stm32f4xx_tim.o ABSOLUTE
    ..\..\Libraries\STM32F4xx_StdPeriph_Driver\src\stm32f4xx_usart.c 0x00000000   Number         0  stm32f4xx_usart.o ABSOLUTE
    ..\..\Libraries\STM32F4xx_StdPeriph_Driver\src\stm32f4xx_wwdg.c 0x00000000   Number         0  stm32f4xx_wwdg.o ABSOLUTE
    ..\..\User\ad7705_test.c                 0x00000000   Number         0  ad7705_test.o ABSOLUTE
    ..\..\User\bsp_stm32f4xx\bsp.c           0x00000000   Number         0  bsp.o ABSOLUTE
    ..\..\User\bsp_stm32f4xx\src\bsp_bmp085.c 0x00000000   Number         0  bsp_bmp085.o ABSOLUTE
    ..\..\User\bsp_stm32f4xx\src\bsp_i2c_gpio.c 0x00000000   Number         0  bsp_i2c_gpio.o ABSOLUTE
    ..\..\User\bsp_stm32f4xx\src\bsp_key.c   0x00000000   Number         0  bsp_key.o ABSOLUTE
    ..\..\User\bsp_stm32f4xx\src\bsp_led.c   0x00000000   Number         0  bsp_led.o ABSOLUTE
    ..\..\User\bsp_stm32f4xx\src\bsp_rtc.c   0x00000000   Number         0  bsp_rtc.o ABSOLUTE
    ..\..\User\bsp_stm32f4xx\src\bsp_spi_flash.c 0x00000000   Number         0  bsp_spi_flash.o ABSOLUTE
    ..\..\User\bsp_stm32f4xx\src\bsp_timer.c 0x00000000   Number         0  bsp_timer.o ABSOLUTE
    ..\..\User\bsp_stm32f4xx\src\bsp_tm7705.c 0x00000000   Number         0  bsp_tm7705.o ABSOLUTE
    ..\..\User\bsp_stm32f4xx\src\bsp_uart_fifo.c 0x00000000   Number         0  bsp_uart_fifo.o ABSOLUTE
    ..\..\User\bsp_stm32f4xx\stm32f4xx_assert.c 0x00000000   Number         0  stm32f4xx_assert.o ABSOLUTE
    ..\..\User\bsp_stm32f4xx\stm32f4xx_it.c  0x00000000   Number         0  stm32f4xx_it.o ABSOLUTE
    ..\..\User\bsp_stm32f4xx\system_stm32f4xx.c 0x00000000   Number         0  system_stm32f4xx.o ABSOLUTE
    ..\..\User\demo_spi_flash.c              0x00000000   Number         0  demo_spi_flash.o ABSOLUTE
    ..\..\User\main.c                        0x00000000   Number         0  main.o ABSOLUTE
    ..\..\User\mems_test.c                   0x00000000   Number         0  mems_test.o ABSOLUTE
    ..\\..\\Libraries\\STM32F4xx_StdPeriph_Driver\\src\\misc.c 0x00000000   Number         0  misc.o ABSOLUTE
    ..\\..\\Libraries\\STM32F4xx_StdPeriph_Driver\\src\\stm32f4xx_dma.c 0x00000000   Number         0  stm32f4xx_dma.o ABSOLUTE
    ..\\..\\Libraries\\STM32F4xx_StdPeriph_Driver\\src\\stm32f4xx_exti.c 0x00000000   Number         0  stm32f4xx_exti.o ABSOLUTE
    ..\\..\\Libraries\\STM32F4xx_StdPeriph_Driver\\src\\stm32f4xx_gpio.c 0x00000000   Number         0  stm32f4xx_gpio.o ABSOLUTE
    ..\\..\\Libraries\\STM32F4xx_StdPeriph_Driver\\src\\stm32f4xx_iwdg.c 0x00000000   Number         0  stm32f4xx_iwdg.o ABSOLUTE
    ..\\..\\Libraries\\STM32F4xx_StdPeriph_Driver\\src\\stm32f4xx_pwr.c 0x00000000   Number         0  stm32f4xx_pwr.o ABSOLUTE
    ..\\..\\Libraries\\STM32F4xx_StdPeriph_Driver\\src\\stm32f4xx_rcc.c 0x00000000   Number         0  stm32f4xx_rcc.o ABSOLUTE
    ..\\..\\Libraries\\STM32F4xx_StdPeriph_Driver\\src\\stm32f4xx_rtc.c 0x00000000   Number         0  stm32f4xx_rtc.o ABSOLUTE
    ..\\..\\Libraries\\STM32F4xx_StdPeriph_Driver\\src\\stm32f4xx_spi.c 0x00000000   Number         0  stm32f4xx_spi.o ABSOLUTE
    ..\\..\\Libraries\\STM32F4xx_StdPeriph_Driver\\src\\stm32f4xx_syscfg.c 0x00000000   Number         0  stm32f4xx_syscfg.o ABSOLUTE
    ..\\..\\Libraries\\STM32F4xx_StdPeriph_Driver\\src\\stm32f4xx_tim.c 0x00000000   Number         0  stm32f4xx_tim.o ABSOLUTE
    ..\\..\\Libraries\\STM32F4xx_StdPeriph_Driver\\src\\stm32f4xx_usart.c 0x00000000   Number         0  stm32f4xx_usart.o ABSOLUTE
    ..\\..\\Libraries\\STM32F4xx_StdPeriph_Driver\\src\\stm32f4xx_wwdg.c 0x00000000   Number         0  stm32f4xx_wwdg.o ABSOLUTE
    ..\\..\\User\\ad7705_test.c              0x00000000   Number         0  ad7705_test.o ABSOLUTE
    ..\\..\\User\\bsp_stm32f4xx\\bsp.c       0x00000000   Number         0  bsp.o ABSOLUTE
    ..\\..\\User\\bsp_stm32f4xx\\src\\bsp_bmp085.c 0x00000000   Number         0  bsp_bmp085.o ABSOLUTE
    ..\\..\\User\\bsp_stm32f4xx\\src\\bsp_i2c_gpio.c 0x00000000   Number         0  bsp_i2c_gpio.o ABSOLUTE
    ..\\..\\User\\bsp_stm32f4xx\\src\\bsp_key.c 0x00000000   Number         0  bsp_key.o ABSOLUTE
    ..\\..\\User\\bsp_stm32f4xx\\src\\bsp_led.c 0x00000000   Number         0  bsp_led.o ABSOLUTE
    ..\\..\\User\\bsp_stm32f4xx\\src\\bsp_rtc.c 0x00000000   Number         0  bsp_rtc.o ABSOLUTE
    ..\\..\\User\\bsp_stm32f4xx\\src\\bsp_spi_flash.c 0x00000000   Number         0  bsp_spi_flash.o ABSOLUTE
    ..\\..\\User\\bsp_stm32f4xx\\src\\bsp_timer.c 0x00000000   Number         0  bsp_timer.o ABSOLUTE
    ..\\..\\User\\bsp_stm32f4xx\\src\\bsp_tm7705.c 0x00000000   Number         0  bsp_tm7705.o ABSOLUTE
    ..\\..\\User\\bsp_stm32f4xx\\src\\bsp_uart_fifo.c 0x00000000   Number         0  bsp_uart_fifo.o ABSOLUTE
    ..\\..\\User\\bsp_stm32f4xx\\stm32f4xx_assert.c 0x00000000   Number         0  stm32f4xx_assert.o ABSOLUTE
    ..\\..\\User\\bsp_stm32f4xx\\stm32f4xx_it.c 0x00000000   Number         0  stm32f4xx_it.o ABSOLUTE
    ..\\..\\User\\bsp_stm32f4xx\\system_stm32f4xx.c 0x00000000   Number         0  system_stm32f4xx.o ABSOLUTE
    ..\\..\\User\\demo_spi_flash.c           0x00000000   Number         0  demo_spi_flash.o ABSOLUTE
    ..\\..\\User\\main.c                     0x00000000   Number         0  main.o ABSOLUTE
    ..\\..\\User\\mems_test.c                0x00000000   Number         0  mems_test.o ABSOLUTE
    cdrcmple.s                               0x00000000   Number         0  cdrcmple.o ABSOLUTE
    dc.s                                     0x00000000   Number         0  dc.o ABSOLUTE
    handlers.s                               0x00000000   Number         0  handlers.o ABSOLUTE
    init.s                                   0x00000000   Number         0  init.o ABSOLUTE
    RESET                                    0x08000000   Section      392  startup_stm32f40_41xxx.o(RESET)
    .ARM.Collect$$$$00000000                 0x08000188   Section        0  entry.o(.ARM.Collect$$$$00000000)
    .ARM.Collect$$$$00000001                 0x08000188   Section        4  entry2.o(.ARM.Collect$$$$00000001)
    .ARM.Collect$$$$00000004                 0x0800018c   Section        4  entry5.o(.ARM.Collect$$$$00000004)
    .ARM.Collect$$$$00000008                 0x08000190   Section        0  entry7b.o(.ARM.Collect$$$$00000008)
    .ARM.Collect$$$$0000000A                 0x08000190   Section        0  entry8b.o(.ARM.Collect$$$$0000000A)
    .ARM.Collect$$$$0000000B                 0x08000190   Section        8  entry9a.o(.ARM.Collect$$$$0000000B)
    .ARM.Collect$$$$0000000D                 0x08000198   Section        0  entry10a.o(.ARM.Collect$$$$0000000D)
    .ARM.Collect$$$$0000000F                 0x08000198   Section        0  entry11a.o(.ARM.Collect$$$$0000000F)
    .ARM.Collect$$$$00002712                 0x08000198   Section        4  entry2.o(.ARM.Collect$$$$00002712)
    __lit__00000000                          0x08000198   Data           4  entry2.o(.ARM.Collect$$$$00002712)
    .text                                    0x0800019c   Section       36  startup_stm32f40_41xxx.o(.text)
    $v0                                      0x0800019c   Number         0  startup_stm32f40_41xxx.o(.text)
    .text                                    0x080001c0   Section        0  memcpya.o(.text)
    .text                                    0x080001e4   Section        0  memcmp.o(.text)
    .text                                    0x080001fe   Section        0  strcpy.o(.text)
    .text                                    0x08000210   Section        0  uldiv.o(.text)
    .text                                    0x08000274   Section       36  init.o(.text)
    .text                                    0x08000298   Section        0  llshl.o(.text)
    .text                                    0x080002b6   Section        0  llushr.o(.text)
    i.BMP085_Read2Bytes                      0x080002d6   Section        0  bsp_bmp085.o(i.BMP085_Read2Bytes)
    BMP085_Read2Bytes                        0x080002d7   Thumb Code    80  bsp_bmp085.o(i.BMP085_Read2Bytes)
    i.BMP085_Read3Bytes                      0x08000326   Section        0  bsp_bmp085.o(i.BMP085_Read3Bytes)
    BMP085_Read3Bytes                        0x08000327   Thumb Code    94  bsp_bmp085.o(i.BMP085_Read3Bytes)
    i.BMP085_ReadTempPress                   0x08000384   Section        0  bsp_bmp085.o(i.BMP085_ReadTempPress)
    i.BMP085_WaitConvert                     0x080004b8   Section        0  bsp_bmp085.o(i.BMP085_WaitConvert)
    BMP085_WaitConvert                       0x080004b9   Thumb Code    64  bsp_bmp085.o(i.BMP085_WaitConvert)
    i.BMP085_WriteReg                        0x080004fc   Section        0  bsp_bmp085.o(i.BMP085_WriteReg)
    BMP085_WriteReg                          0x080004fd   Thumb Code    46  bsp_bmp085.o(i.BMP085_WriteReg)
    i.BusFault_Handler                       0x0800052a   Section        0  stm32f4xx_it.o(i.BusFault_Handler)
    i.CA2F                                   0x0800052e   Section        0  demo_spi_flash.o(i.CA2F)
    i.ComToUart                              0x08000548   Section        0  bsp_uart_fifo.o(i.ComToUart)
    i.ConfigUartNVIC                         0x0800058c   Section        0  bsp_uart_fifo.o(i.ConfigUartNVIC)
    ConfigUartNVIC                           0x0800058d   Thumb Code   106  bsp_uart_fifo.o(i.ConfigUartNVIC)
    i.DebugMon_Handler                       0x080005f6   Section        0  stm32f4xx_it.o(i.DebugMon_Handler)
    i.EXTI_ClearITPendingBit                 0x080005f8   Section        0  stm32f4xx_exti.o(i.EXTI_ClearITPendingBit)
    i.EXTI_Init                              0x08000604   Section        0  stm32f4xx_exti.o(i.EXTI_Init)
    i.F2CA                                   0x08000698   Section        0  demo_spi_flash.o(i.F2CA)
    i.GPIO_Init                              0x080006b6   Section        0  stm32f4xx_gpio.o(i.GPIO_Init)
    i.GPIO_PinAFConfig                       0x08000746   Section        0  stm32f4xx_gpio.o(i.GPIO_PinAFConfig)
    i.GPIO_ReadInputDataBit                  0x0800078c   Section        0  stm32f4xx_gpio.o(i.GPIO_ReadInputDataBit)
    i.GPIO_ResetBits                         0x0800079e   Section        0  stm32f4xx_gpio.o(i.GPIO_ResetBits)
    i.GPIO_SetBits                           0x080007a2   Section        0  stm32f4xx_gpio.o(i.GPIO_SetBits)
    i.GetAD7705                              0x080007a8   Section        0  ad7705_test.o(i.GetAD7705)
    i.GetBMP085                              0x08000820   Section        0  mems_test.o(i.GetBMP085)
    i.HardFault_Handler                      0x0800083c   Section        0  stm32f4xx_it.o(i.HardFault_Handler)
    i.InitHardUart                           0x08000890   Section        0  bsp_uart_fifo.o(i.InitHardUart)
    InitHardUart                             0x08000891   Thumb Code   710  bsp_uart_fifo.o(i.InitHardUart)
    i.IsKeyDown1                             0x08000b78   Section        0  bsp_key.o(i.IsKeyDown1)
    IsKeyDown1                               0x08000b79   Thumb Code    18  bsp_key.o(i.IsKeyDown1)
    i.IsKeyDown10                            0x08000b90   Section        0  bsp_key.o(i.IsKeyDown10)
    IsKeyDown10                              0x08000b91   Thumb Code    22  bsp_key.o(i.IsKeyDown10)
    i.IsKeyDown2                             0x08000ba8   Section        0  bsp_key.o(i.IsKeyDown2)
    IsKeyDown2                               0x08000ba9   Thumb Code    18  bsp_key.o(i.IsKeyDown2)
    i.IsKeyDown3                             0x08000bc0   Section        0  bsp_key.o(i.IsKeyDown3)
    IsKeyDown3                               0x08000bc1   Thumb Code    18  bsp_key.o(i.IsKeyDown3)
    i.IsKeyDown4                             0x08000bd8   Section        0  bsp_key.o(i.IsKeyDown4)
    IsKeyDown4                               0x08000bd9   Thumb Code    18  bsp_key.o(i.IsKeyDown4)
    i.IsKeyDown5                             0x08000bf0   Section        0  bsp_key.o(i.IsKeyDown5)
    IsKeyDown5                               0x08000bf1   Thumb Code    18  bsp_key.o(i.IsKeyDown5)
    i.IsKeyDown6                             0x08000c08   Section        0  bsp_key.o(i.IsKeyDown6)
    IsKeyDown6                               0x08000c09   Thumb Code    18  bsp_key.o(i.IsKeyDown6)
    i.IsKeyDown7                             0x08000c20   Section        0  bsp_key.o(i.IsKeyDown7)
    IsKeyDown7                               0x08000c21   Thumb Code    18  bsp_key.o(i.IsKeyDown7)
    i.IsKeyDown8                             0x08000c38   Section        0  bsp_key.o(i.IsKeyDown8)
    IsKeyDown8                               0x08000c39   Thumb Code    18  bsp_key.o(i.IsKeyDown8)
    i.IsKeyDown9                             0x08000c50   Section        0  bsp_key.o(i.IsKeyDown9)
    IsKeyDown9                               0x08000c51   Thumb Code    22  bsp_key.o(i.IsKeyDown9)
    i.MemManage_Handler                      0x08000c66   Section        0  stm32f4xx_it.o(i.MemManage_Handler)
    i.NMI_Handler                            0x08000c6a   Section        0  stm32f4xx_it.o(i.NMI_Handler)
    i.NVIC_Init                              0x08000c6c   Section        0  misc.o(i.NVIC_Init)
    i.NVIC_PriorityGroupConfig               0x08000ce4   Section        0  misc.o(i.NVIC_PriorityGroupConfig)
    i.PWR_BackupAccessCmd                    0x08000cf8   Section        0  stm32f4xx_pwr.o(i.PWR_BackupAccessCmd)
    i.PendSV_Handler                         0x08000d04   Section        0  stm32f4xx_it.o(i.PendSV_Handler)
    i.PrintfLogo                             0x08000d08   Section        0  main.o(i.PrintfLogo)
    PrintfLogo                               0x08000d09   Thumb Code    88  main.o(i.PrintfLogo)
    i.RCC_AHB1PeriphClockCmd                 0x08000ebc   Section        0  stm32f4xx_rcc.o(i.RCC_AHB1PeriphClockCmd)
    i.RCC_APB1PeriphClockCmd                 0x08000edc   Section        0  stm32f4xx_rcc.o(i.RCC_APB1PeriphClockCmd)
    i.RCC_APB2PeriphClockCmd                 0x08000efc   Section        0  stm32f4xx_rcc.o(i.RCC_APB2PeriphClockCmd)
    i.RCC_GetClocksFreq                      0x08000f1c   Section        0  stm32f4xx_rcc.o(i.RCC_GetClocksFreq)
    i.RCC_GetFlagStatus                      0x08001004   Section        0  stm32f4xx_rcc.o(i.RCC_GetFlagStatus)
    i.RCC_LSEConfig                          0x08001044   Section        0  stm32f4xx_rcc.o(i.RCC_LSEConfig)
    i.RCC_RTCCLKCmd                          0x08001070   Section        0  stm32f4xx_rcc.o(i.RCC_RTCCLKCmd)
    i.RCC_RTCCLKConfig                       0x0800107c   Section        0  stm32f4xx_rcc.o(i.RCC_RTCCLKConfig)
    i.RTC_AlarmCmd                           0x080010b8   Section        0  stm32f4xx_rtc.o(i.RTC_AlarmCmd)
    i.RTC_Bcd2ToByte                         0x0800112c   Section        0  stm32f4xx_rtc.o(i.RTC_Bcd2ToByte)
    RTC_Bcd2ToByte                           0x0800112d   Thumb Code    22  stm32f4xx_rtc.o(i.RTC_Bcd2ToByte)
    i.RTC_ByteToBcd2                         0x08001142   Section        0  stm32f4xx_rtc.o(i.RTC_ByteToBcd2)
    RTC_ByteToBcd2                           0x08001143   Thumb Code    28  stm32f4xx_rtc.o(i.RTC_ByteToBcd2)
    i.RTC_ClearFlag                          0x08001160   Section        0  stm32f4xx_rtc.o(i.RTC_ClearFlag)
    i.RTC_Config                             0x0800117c   Section        0  bsp_rtc.o(i.RTC_Config)
    i.RTC_DateShow                           0x0800126c   Section        0  bsp_rtc.o(i.RTC_DateShow)
    i.RTC_EnterInitMode                      0x080012bc   Section        0  stm32f4xx_rtc.o(i.RTC_EnterInitMode)
    i.RTC_ExitInitMode                       0x0800130c   Section        0  stm32f4xx_rtc.o(i.RTC_ExitInitMode)
    i.RTC_GetDate                            0x08001320   Section        0  stm32f4xx_rtc.o(i.RTC_GetDate)
    i.RTC_GetTime                            0x0800136c   Section        0  stm32f4xx_rtc.o(i.RTC_GetTime)
    i.RTC_ITConfig                           0x080013bc   Section        0  stm32f4xx_rtc.o(i.RTC_ITConfig)
    i.RTC_Init                               0x08001420   Section        0  stm32f4xx_rtc.o(i.RTC_Init)
    i.RTC_ReadBackupRegister                 0x08001484   Section        0  stm32f4xx_rtc.o(i.RTC_ReadBackupRegister)
    i.RTC_SetAlarm                           0x080014a4   Section        0  stm32f4xx_rtc.o(i.RTC_SetAlarm)
    i.RTC_SetDate                            0x08001590   Section        0  stm32f4xx_rtc.o(i.RTC_SetDate)
    i.RTC_SetTime                            0x08001658   Section        0  stm32f4xx_rtc.o(i.RTC_SetTime)
    i.RTC_TimeShow                           0x08001728   Section        0  bsp_rtc.o(i.RTC_TimeShow)
    i.RTC_WaitForSynchro                     0x08001764   Section        0  stm32f4xx_rtc.o(i.RTC_WaitForSynchro)
    i.RTC_WriteBackupRegister                0x080017c4   Section        0  stm32f4xx_rtc.o(i.RTC_WriteBackupRegister)
    i.SPI_Cmd                                0x080017e0   Section        0  stm32f4xx_spi.o(i.SPI_Cmd)
    i.SPI_I2S_GetFlagStatus                  0x080017f8   Section        0  stm32f4xx_spi.o(i.SPI_I2S_GetFlagStatus)
    i.SPI_I2S_ReceiveData                    0x0800180a   Section        0  stm32f4xx_spi.o(i.SPI_I2S_ReceiveData)
    i.SPI_I2S_SendData                       0x08001810   Section        0  stm32f4xx_spi.o(i.SPI_I2S_SendData)
    i.SPI_Init                               0x08001814   Section        0  stm32f4xx_spi.o(i.SPI_Init)
    i.SVC_Handler                            0x08001850   Section        0  stm32f4xx_it.o(i.SVC_Handler)
    i.SetSysClock                            0x08001854   Section        0  system_stm32f4xx.o(i.SetSysClock)
    SetSysClock                              0x08001855   Thumb Code   218  system_stm32f4xx.o(i.SetSysClock)
    i.SysTick_Handler                        0x08001940   Section        0  bsp_timer.o(i.SysTick_Handler)
    i.SysTick_ISR                            0x08001948   Section        0  bsp_timer.o(i.SysTick_ISR)
    i.SystemInit                             0x080019cc   Section        0  system_stm32f4xx.o(i.SystemInit)
    i.TM7705_CalibSelf                       0x08001a34   Section        0  bsp_tm7705.o(i.TM7705_CalibSelf)
    i.TM7705_Delay                           0x08001a64   Section        0  bsp_tm7705.o(i.TM7705_Delay)
    TM7705_Delay                             0x08001a65   Thumb Code    14  bsp_tm7705.o(i.TM7705_Delay)
    i.TM7705_Read2Byte                       0x08001a74   Section        0  bsp_tm7705.o(i.TM7705_Read2Byte)
    TM7705_Read2Byte                         0x08001a75   Thumb Code    44  bsp_tm7705.o(i.TM7705_Read2Byte)
    i.TM7705_Read3Byte                       0x08001aa4   Section        0  bsp_tm7705.o(i.TM7705_Read3Byte)
    TM7705_Read3Byte                         0x08001aa5   Thumb Code    44  bsp_tm7705.o(i.TM7705_Read3Byte)
    i.TM7705_ReadAdc                         0x08001ad4   Section        0  bsp_tm7705.o(i.TM7705_ReadAdc)
    i.TM7705_ReadByte                        0x08001b0c   Section        0  bsp_tm7705.o(i.TM7705_ReadByte)
    TM7705_ReadByte                          0x08001b0d   Thumb Code    28  bsp_tm7705.o(i.TM7705_ReadByte)
    i.TM7705_ReadReg                         0x08001b2c   Section        0  bsp_tm7705.o(i.TM7705_ReadReg)
    i.TM7705_Recive8Bit                      0x08001b9c   Section        0  bsp_tm7705.o(i.TM7705_Recive8Bit)
    TM7705_Recive8Bit                        0x08001b9d   Thumb Code    64  bsp_tm7705.o(i.TM7705_Recive8Bit)
    i.TM7705_ResetHard                       0x08001be0   Section        0  bsp_tm7705.o(i.TM7705_ResetHard)
    TM7705_ResetHard                         0x08001be1   Thumb Code    46  bsp_tm7705.o(i.TM7705_ResetHard)
    i.TM7705_Send8Bit                        0x08001c14   Section        0  bsp_tm7705.o(i.TM7705_Send8Bit)
    TM7705_Send8Bit                          0x08001c15   Thumb Code    70  bsp_tm7705.o(i.TM7705_Send8Bit)
    i.TM7705_SyncSPI                         0x08001c60   Section        0  bsp_tm7705.o(i.TM7705_SyncSPI)
    TM7705_SyncSPI                           0x08001c61   Thumb Code    44  bsp_tm7705.o(i.TM7705_SyncSPI)
    i.TM7705_WaitDRDY                        0x08001c90   Section        0  bsp_tm7705.o(i.TM7705_WaitDRDY)
    TM7705_WaitDRDY                          0x08001c91   Thumb Code    52  bsp_tm7705.o(i.TM7705_WaitDRDY)
    i.TM7705_WriteByte                       0x08001cf4   Section        0  bsp_tm7705.o(i.TM7705_WriteByte)
    TM7705_WriteByte                         0x08001cf5   Thumb Code    28  bsp_tm7705.o(i.TM7705_WriteByte)
    i.USART1_IRQHandler                      0x08001d14   Section        0  bsp_uart_fifo.o(i.USART1_IRQHandler)
    i.USART2_IRQHandler                      0x08001d24   Section        0  bsp_uart_fifo.o(i.USART2_IRQHandler)
    i.USART3_IRQHandler                      0x08001d34   Section        0  bsp_uart_fifo.o(i.USART3_IRQHandler)
    i.USART3_SendBefor                       0x08001d44   Section        0  bsp_uart_fifo.o(i.USART3_SendBefor)
    i.USART3_SendOver                        0x08001d50   Section        0  bsp_uart_fifo.o(i.USART3_SendOver)
    i.USART6_IRQHandler                      0x08001d5c   Section        0  bsp_uart_fifo.o(i.USART6_IRQHandler)
    i.USART_ClearFlag                        0x08001d6c   Section        0  stm32f4xx_usart.o(i.USART_ClearFlag)
    i.USART_Cmd                              0x08001d7e   Section        0  stm32f4xx_usart.o(i.USART_Cmd)
    i.USART_GetITStatus                      0x08001d96   Section        0  stm32f4xx_usart.o(i.USART_GetITStatus)
    i.USART_ITConfig                         0x08001dea   Section        0  stm32f4xx_usart.o(i.USART_ITConfig)
    i.USART_Init                             0x08001e34   Section        0  stm32f4xx_usart.o(i.USART_Init)
    i.USART_ReceiveData                      0x08001f08   Section        0  stm32f4xx_usart.o(i.USART_ReceiveData)
    i.USART_SendData                         0x08001f12   Section        0  stm32f4xx_usart.o(i.USART_SendData)
    i.UartGetChar                            0x08001f1a   Section        0  bsp_uart_fifo.o(i.UartGetChar)
    UartGetChar                              0x08001f1b   Thumb Code    74  bsp_uart_fifo.o(i.UartGetChar)
    i.UartIRQ                                0x08001f64   Section        0  bsp_uart_fifo.o(i.UartIRQ)
    UartIRQ                                  0x08001f65   Thumb Code   230  bsp_uart_fifo.o(i.UartIRQ)
    i.UartSend                               0x0800204a   Section        0  bsp_uart_fifo.o(i.UartSend)
    UartSend                                 0x0800204b   Thumb Code   114  bsp_uart_fifo.o(i.UartSend)
    i.UartVarInit                            0x080020bc   Section        0  bsp_uart_fifo.o(i.UartVarInit)
    UartVarInit                              0x080020bd   Thumb Code   176  bsp_uart_fifo.o(i.UartVarInit)
    i.UsageFault_Handler                     0x080021b4   Section        0  stm32f4xx_it.o(i.UsageFault_Handler)
    i.__0printf$8                            0x080021b8   Section        0  printf8.o(i.__0printf$8)
    i.__0sprintf$8                           0x080021d8   Section        0  printf8.o(i.__0sprintf$8)
    i.__scatterload_copy                     0x08002200   Section       14  handlers.o(i.__scatterload_copy)
    i.__scatterload_null                     0x0800220e   Section        2  handlers.o(i.__scatterload_null)
    i.__scatterload_zeroinit                 0x08002210   Section       14  handlers.o(i.__scatterload_zeroinit)
    i.__set_PRIMASK                          0x0800221e   Section        0  bsp_timer.o(i.__set_PRIMASK)
    __set_PRIMASK                            0x0800221f   Thumb Code     6  bsp_timer.o(i.__set_PRIMASK)
    i.__set_PRIMASK                          0x08002224   Section        0  bsp_uart_fifo.o(i.__set_PRIMASK)
    __set_PRIMASK                            0x08002225   Thumb Code     6  bsp_uart_fifo.o(i.__set_PRIMASK)
    i._printf_core                           0x0800222c   Section        0  printf8.o(i._printf_core)
    _printf_core                             0x0800222d   Thumb Code   988  printf8.o(i._printf_core)
    i._printf_post_padding                   0x08002634   Section        0  printf8.o(i._printf_post_padding)
    _printf_post_padding                     0x08002635   Thumb Code    38  printf8.o(i._printf_post_padding)
    i._printf_pre_padding                    0x0800265a   Section        0  printf8.o(i._printf_pre_padding)
    _printf_pre_padding                      0x0800265b   Thumb Code    48  printf8.o(i._printf_pre_padding)
    i._sputc                                 0x0800268a   Section        0  printf8.o(i._sputc)
    _sputc                                   0x0800268b   Thumb Code    10  printf8.o(i._sputc)
    i.bsp_CfgSPIForSFlash                    0x08002694   Section        0  bsp_spi_flash.o(i.bsp_CfgSPIForSFlash)
    bsp_CfgSPIForSFlash                      0x08002695   Thumb Code    96  bsp_spi_flash.o(i.bsp_CfgSPIForSFlash)
    i.bsp_DelayMS                            0x080026f8   Section        0  bsp_timer.o(i.bsp_DelayMS)
    i.bsp_DetectKey                          0x0800273c   Section        0  bsp_key.o(i.bsp_DetectKey)
    bsp_DetectKey                            0x0800273d   Thumb Code   198  bsp_key.o(i.bsp_DetectKey)
    i.bsp_Idle                               0x08002808   Section        0  bsp.o(i.bsp_Idle)
    i.bsp_Init                               0x0800280a   Section        0  bsp.o(i.bsp_Init)
    i.bsp_InitBMP085                         0x0800282c   Section        0  bsp_bmp085.o(i.bsp_InitBMP085)
    i.bsp_InitI2C                            0x080028b8   Section        0  bsp_i2c_gpio.o(i.bsp_InitI2C)
    i.bsp_InitKey                            0x080028f0   Section        0  bsp_key.o(i.bsp_InitKey)
    i.bsp_InitKeyHard                        0x080028fc   Section        0  bsp_key.o(i.bsp_InitKeyHard)
    bsp_InitKeyHard                          0x080028fd   Thumb Code   138  bsp_key.o(i.bsp_InitKeyHard)
    i.bsp_InitKeyVar                         0x0800299c   Section        0  bsp_key.o(i.bsp_InitKeyVar)
    bsp_InitKeyVar                           0x0800299d   Thumb Code   164  bsp_key.o(i.bsp_InitKeyVar)
    i.bsp_InitRTC                            0x08002a70   Section        0  bsp_rtc.o(i.bsp_InitRTC)
    i.bsp_InitSFlash                         0x08002b6c   Section        0  bsp_spi_flash.o(i.bsp_InitSFlash)
    i.bsp_InitTM7705                         0x08002c18   Section        0  bsp_tm7705.o(i.bsp_InitTM7705)
    i.bsp_InitTimer                          0x08002d0c   Section        0  bsp_timer.o(i.bsp_InitTimer)
    i.bsp_InitUart                           0x08002da4   Section        0  bsp_uart_fifo.o(i.bsp_InitUart)
    i.bsp_KeyScan                            0x08002db4   Section        0  bsp_key.o(i.bsp_KeyScan)
    i.bsp_PutKey                             0x08002dcc   Section        0  bsp_key.o(i.bsp_PutKey)
    i.bsp_RunPer10ms                         0x08002dec   Section        0  bsp.o(i.bsp_RunPer10ms)
    i.bsp_RunPer1ms                          0x08002df4   Section        0  bsp.o(i.bsp_RunPer1ms)
    i.bsp_SoftTimerDec                       0x08002df6   Section        0  bsp_timer.o(i.bsp_SoftTimerDec)
    bsp_SoftTimerDec                         0x08002df7   Thumb Code    28  bsp_timer.o(i.bsp_SoftTimerDec)
    i.bsp_StartAutoTimer                     0x08002e14   Section        0  bsp_timer.o(i.bsp_StartAutoTimer)
    i.comGetChar                             0x08002ebc   Section        0  bsp_uart_fifo.o(i.comGetChar)
    i.comSendBuf                             0x08002eda   Section        0  bsp_uart_fifo.o(i.comSendBuf)
    i.comSendChar                            0x08002f08   Section        0  bsp_uart_fifo.o(i.comSendChar)
    i.fputc                                  0x08002f18   Section        0  bsp_uart_fifo.o(i.fputc)
    i.i2c_Ack                                0x08002f2c   Section        0  bsp_i2c_gpio.o(i.i2c_Ack)
    i.i2c_Delay                              0x08002f5c   Section        0  bsp_i2c_gpio.o(i.i2c_Delay)
    i2c_Delay                                0x08002f5d   Thumb Code    14  bsp_i2c_gpio.o(i.i2c_Delay)
    i.i2c_NAck                               0x08002f6c   Section        0  bsp_i2c_gpio.o(i.i2c_NAck)
    i.i2c_ReadByte                           0x08002f94   Section        0  bsp_i2c_gpio.o(i.i2c_ReadByte)
    i.i2c_SendByte                           0x08002fd8   Section        0  bsp_i2c_gpio.o(i.i2c_SendByte)
    i.i2c_Start                              0x0800302c   Section        0  bsp_i2c_gpio.o(i.i2c_Start)
    i.i2c_Stop                               0x0800305c   Section        0  bsp_i2c_gpio.o(i.i2c_Stop)
    i.i2c_WaitAck                            0x0800307c   Section        0  bsp_i2c_gpio.o(i.i2c_WaitAck)
    i.main                                   0x080030b8   Section        0  main.o(i.main)
    i.sf_AutoWritePage                       0x080037ac   Section        0  bsp_spi_flash.o(i.sf_AutoWritePage)
    sf_AutoWritePage                         0x080037ad   Thumb Code   268  bsp_spi_flash.o(i.sf_AutoWritePage)
    i.sf_CmpData                             0x080038c0   Section        0  bsp_spi_flash.o(i.sf_CmpData)
    sf_CmpData                               0x080038c1   Thumb Code   122  bsp_spi_flash.o(i.sf_CmpData)
    i.sf_EraseSector                         0x08003944   Section        0  bsp_spi_flash.o(i.sf_EraseSector)
    i.sf_NeedErase                           0x08003984   Section        0  bsp_spi_flash.o(i.sf_NeedErase)
    sf_NeedErase                             0x08003985   Thumb Code    40  bsp_spi_flash.o(i.sf_NeedErase)
    i.sf_PageWrite                           0x080039ac   Section        0  bsp_spi_flash.o(i.sf_PageWrite)
    i.sf_ReadBuffer                          0x08003b08   Section        0  bsp_spi_flash.o(i.sf_ReadBuffer)
    i.sf_ReadID                              0x08003b6c   Section        0  bsp_spi_flash.o(i.sf_ReadID)
    i.sf_ReadInfo                            0x08003bb4   Section        0  bsp_spi_flash.o(i.sf_ReadInfo)
    i.sf_SendByte                            0x08003c80   Section        0  bsp_spi_flash.o(i.sf_SendByte)
    sf_SendByte                              0x08003c81   Thumb Code    50  bsp_spi_flash.o(i.sf_SendByte)
    i.sf_WaitForWriteEnd                     0x08003cb8   Section        0  bsp_spi_flash.o(i.sf_WaitForWriteEnd)
    sf_WaitForWriteEnd                       0x08003cb9   Thumb Code    42  bsp_spi_flash.o(i.sf_WaitForWriteEnd)
    i.sf_WriteBuffer                         0x08003ce8   Section        0  bsp_spi_flash.o(i.sf_WriteBuffer)
    i.sf_WriteEnable                         0x08003e5c   Section        0  bsp_spi_flash.o(i.sf_WriteEnable)
    sf_WriteEnable                           0x08003e5d   Thumb Code    28  bsp_spi_flash.o(i.sf_WriteEnable)
    i.sf_WriteStatus                         0x08003e7c   Section        0  bsp_spi_flash.o(i.sf_WriteStatus)
    sf_WriteStatus                           0x08003e7d   Thumb Code    98  bsp_spi_flash.o(i.sf_WriteStatus)
    .constdata                               0x08003eec   Section       48  bsp_timer.o(.constdata)
    __FUNCTION__                             0x08003eec   Data          15  bsp_timer.o(.constdata)
    __FUNCTION__                             0x08003efb   Data          19  bsp_timer.o(.constdata)
    __FUNCTION__                             0x08003f0e   Data          14  bsp_timer.o(.constdata)
    .data                                    0x20000000   Section       12  ad7705_test.o(.data)
    .data                                    0x2000000c   Section       13  bsp_timer.o(.data)
    s_uiDelayCount                           0x2000000c   Data           4  bsp_timer.o(.data)
    s_ucTimeOutFlag                          0x20000010   Data           1  bsp_timer.o(.data)
    s_count                                  0x20000018   Data           1  bsp_timer.o(.data)
    .data                                    0x20000019   Section        1  bsp_uart_fifo.o(.data)
    g_TxBuf2                                 0x20000019   Data           1  bsp_uart_fifo.o(.data)
    .data                                    0x2000001a   Section        1  bsp_tm7705.o(.data)
    .data                                    0x2000001c   Section       16  bsp_rtc.o(.data)
    .data                                    0x2000002c   Section       16  stm32f4xx_rcc.o(.data)
    APBAHBPrescTable                         0x2000002c   Data          16  stm32f4xx_rcc.o(.data)
    .data                                    0x2000003c   Section       20  system_stm32f4xx.o(.data)
    .data                                    0x20000050   Section        4  stdout.o(.data)
    .bss                                     0x20000054   Section      173  bsp_key.o(.bss)
    s_tBtn                                   0x20000054   Data         160  bsp_key.o(.bss)
    s_tKey                                   0x200000f4   Data          13  bsp_key.o(.bss)
    .bss                                     0x20000104   Section       48  bsp_timer.o(.bss)
    s_tTmr                                   0x20000104   Data          48  bsp_timer.o(.bss)
    .bss                                     0x20000134   Section     8352  bsp_uart_fifo.o(.bss)
    g_tUart1                                 0x20000134   Data          40  bsp_uart_fifo.o(.bss)
    g_TxBuf1                                 0x2000015c   Data        1024  bsp_uart_fifo.o(.bss)
    g_RxBuf1                                 0x2000055c   Data        1024  bsp_uart_fifo.o(.bss)
    g_tUart2                                 0x2000095c   Data          40  bsp_uart_fifo.o(.bss)
    g_RxBuf2                                 0x20000984   Data        2048  bsp_uart_fifo.o(.bss)
    g_tUart3                                 0x20001184   Data          40  bsp_uart_fifo.o(.bss)
    g_TxBuf3                                 0x200011ac   Data        1024  bsp_uart_fifo.o(.bss)
    g_RxBuf3                                 0x200015ac   Data        1024  bsp_uart_fifo.o(.bss)
    g_tUart6                                 0x200019ac   Data          40  bsp_uart_fifo.o(.bss)
    g_TxBuf6                                 0x200019d4   Data        1024  bsp_uart_fifo.o(.bss)
    g_RxBuf6                                 0x20001dd4   Data        1024  bsp_uart_fifo.o(.bss)
    .bss                                     0x200021d4   Section     4124  bsp_spi_flash.o(.bss)
    s_spiBuf                                 0x200021f0   Data        4096  bsp_spi_flash.o(.bss)
    .bss                                     0x200031f0   Section       32  bsp_bmp085.o(.bss)
    .bss                                     0x20003210   Section       80  bsp_rtc.o(.bss)
    STACK                                    0x20003260   Section    16384  startup_stm32f40_41xxx.o(STACK)

    Global Symbols

    Symbol Name                              Value     Ov Type        Size  Object(Section)

    BuildAttributes$$THM_ISAv4$E$P$D$K$B$S$7EM$VFPi3$EXTD16$VFPS$VFMA$PE$A:L22UL41UL21$X:L11$S22US41US21$IEEE1$IW$USESV6$~STKCKD$USESV7$~SHL$OSPACE$ROPI$EBA8$MICROLIB$REQ8$PRES8$EABIv2 0x00000000   Number         0  anon$$obj.o ABSOLUTE
    __ARM_use_no_argv                        0x00000000   Number         0  main.o ABSOLUTE
    _printf_a                                0x00000000   Number         0  stubs.o ABSOLUTE
    _printf_c                                0x00000000   Number         0  stubs.o ABSOLUTE
    _printf_charcount                        0x00000000   Number         0  stubs.o ABSOLUTE
    _printf_d                                0x00000000   Number         0  stubs.o ABSOLUTE
    _printf_e                                0x00000000   Number         0  stubs.o ABSOLUTE
    _printf_f                                0x00000000   Number         0  stubs.o ABSOLUTE
    _printf_flags                            0x00000000   Number         0  stubs.o ABSOLUTE
    _printf_fp_dec                           0x00000000   Number         0  stubs.o ABSOLUTE
    _printf_fp_hex                           0x00000000   Number         0  stubs.o ABSOLUTE
    _printf_g                                0x00000000   Number         0  stubs.o ABSOLUTE
    _printf_i                                0x00000000   Number         0  stubs.o ABSOLUTE
    _printf_int_dec                          0x00000000   Number         0  stubs.o ABSOLUTE
    _printf_l                                0x00000000   Number         0  stubs.o ABSOLUTE
    _printf_lc                               0x00000000   Number         0  stubs.o ABSOLUTE
    _printf_ll                               0x00000000   Number         0  stubs.o ABSOLUTE
    _printf_lld                              0x00000000   Number         0  stubs.o ABSOLUTE
    _printf_lli                              0x00000000   Number         0  stubs.o ABSOLUTE
    _printf_llo                              0x00000000   Number         0  stubs.o ABSOLUTE
    _printf_llu                              0x00000000   Number         0  stubs.o ABSOLUTE
    _printf_llx                              0x00000000   Number         0  stubs.o ABSOLUTE
    _printf_longlong_dec                     0x00000000   Number         0  stubs.o ABSOLUTE
    _printf_longlong_hex                     0x00000000   Number         0  stubs.o ABSOLUTE
    _printf_longlong_oct                     0x00000000   Number         0  stubs.o ABSOLUTE
    _printf_ls                               0x00000000   Number         0  stubs.o ABSOLUTE
    _printf_mbtowc                           0x00000000   Number         0  stubs.o ABSOLUTE
    _printf_n                                0x00000000   Number         0  stubs.o ABSOLUTE
    _printf_o                                0x00000000   Number         0  stubs.o ABSOLUTE
    _printf_p                                0x00000000   Number         0  stubs.o ABSOLUTE
    _printf_percent                          0x00000000   Number         0  stubs.o ABSOLUTE
    _printf_pre_padding                      0x00000000   Number         0  stubs.o ABSOLUTE
    _printf_return_value                     0x00000000   Number         0  stubs.o ABSOLUTE
    _printf_s                                0x00000000   Number         0  stubs.o ABSOLUTE
    _printf_sizespec                         0x00000000   Number         0  stubs.o ABSOLUTE
    _printf_str                              0x00000000   Number         0  stubs.o ABSOLUTE
    _printf_truncate_signed                  0x00000000   Number         0  stubs.o ABSOLUTE
    _printf_truncate_unsigned                0x00000000   Number         0  stubs.o ABSOLUTE
    _printf_u                                0x00000000   Number         0  stubs.o ABSOLUTE
    _printf_wc                               0x00000000   Number         0  stubs.o ABSOLUTE
    _printf_wctomb                           0x00000000   Number         0  stubs.o ABSOLUTE
    _printf_widthprec                        0x00000000   Number         0  stubs.o ABSOLUTE
    _printf_x                                0x00000000   Number         0  stubs.o ABSOLUTE
    __cpp_initialize__aeabi_                  - Undefined Weak Reference
    __cxa_finalize                            - Undefined Weak Reference
    __decompress                              - Undefined Weak Reference
    _clock_init                               - Undefined Weak Reference
    _microlib_exit                            - Undefined Weak Reference
    __Vectors_Size                           0x00000188   Number         0  startup_stm32f40_41xxx.o ABSOLUTE
    __Vectors                                0x08000000   Data           4  startup_stm32f40_41xxx.o(RESET)
    __Vectors_End                            0x08000188   Data           0  startup_stm32f40_41xxx.o(RESET)
    __main                                   0x08000189   Thumb Code     0  entry.o(.ARM.Collect$$$$00000000)
    _main_stk                                0x08000189   Thumb Code     0  entry2.o(.ARM.Collect$$$$00000001)
    _main_scatterload                        0x0800018d   Thumb Code     0  entry5.o(.ARM.Collect$$$$00000004)
    __main_after_scatterload                 0x08000191   Thumb Code     0  entry5.o(.ARM.Collect$$$$00000004)
    _main_clock                              0x08000191   Thumb Code     0  entry7b.o(.ARM.Collect$$$$00000008)
    _main_cpp_init                           0x08000191   Thumb Code     0  entry8b.o(.ARM.Collect$$$$0000000A)
    _main_init                               0x08000191   Thumb Code     0  entry9a.o(.ARM.Collect$$$$0000000B)
    __rt_final_cpp                           0x08000199   Thumb Code     0  entry10a.o(.ARM.Collect$$$$0000000D)
    __rt_final_exit                          0x08000199   Thumb Code     0  entry11a.o(.ARM.Collect$$$$0000000F)
    Reset_Handler                            0x0800019d   Thumb Code     8  startup_stm32f40_41xxx.o(.text)
    ADC_IRQHandler                           0x080001b7   Thumb Code     0  startup_stm32f40_41xxx.o(.text)
    CAN1_RX0_IRQHandler                      0x080001b7   Thumb Code     0  startup_stm32f40_41xxx.o(.text)
    CAN1_RX1_IRQHandler                      0x080001b7   Thumb Code     0  startup_stm32f40_41xxx.o(.text)
    CAN1_SCE_IRQHandler                      0x080001b7   Thumb Code     0  startup_stm32f40_41xxx.o(.text)
    CAN1_TX_IRQHandler                       0x080001b7   Thumb Code     0  startup_stm32f40_41xxx.o(.text)
    CAN2_RX0_IRQHandler                      0x080001b7   Thumb Code     0  startup_stm32f40_41xxx.o(.text)
    CAN2_RX1_IRQHandler                      0x080001b7   Thumb Code     0  startup_stm32f40_41xxx.o(.text)
    CAN2_SCE_IRQHandler                      0x080001b7   Thumb Code     0  startup_stm32f40_41xxx.o(.text)
    CAN2_TX_IRQHandler                       0x080001b7   Thumb Code     0  startup_stm32f40_41xxx.o(.text)
    CRYP_IRQHandler                          0x080001b7   Thumb Code     0  startup_stm32f40_41xxx.o(.text)
    DCMI_IRQHandler                          0x080001b7   Thumb Code     0  startup_stm32f40_41xxx.o(.text)
    DMA1_Stream0_IRQHandler                  0x080001b7   Thumb Code     0  startup_stm32f40_41xxx.o(.text)
    DMA1_Stream1_IRQHandler                  0x080001b7   Thumb Code     0  startup_stm32f40_41xxx.o(.text)
    DMA1_Stream2_IRQHandler                  0x080001b7   Thumb Code     0  startup_stm32f40_41xxx.o(.text)
    DMA1_Stream3_IRQHandler                  0x080001b7   Thumb Code     0  startup_stm32f40_41xxx.o(.text)
    DMA1_Stream4_IRQHandler                  0x080001b7   Thumb Code     0  startup_stm32f40_41xxx.o(.text)
    DMA1_Stream5_IRQHandler                  0x080001b7   Thumb Code     0  startup_stm32f40_41xxx.o(.text)
    DMA1_Stream6_IRQHandler                  0x080001b7   Thumb Code     0  startup_stm32f40_41xxx.o(.text)
    DMA1_Stream7_IRQHandler                  0x080001b7   Thumb Code     0  startup_stm32f40_41xxx.o(.text)
    DMA2_Stream0_IRQHandler                  0x080001b7   Thumb Code     0  startup_stm32f40_41xxx.o(.text)
    DMA2_Stream1_IRQHandler                  0x080001b7   Thumb Code     0  startup_stm32f40_41xxx.o(.text)
    DMA2_Stream2_IRQHandler                  0x080001b7   Thumb Code     0  startup_stm32f40_41xxx.o(.text)
    DMA2_Stream3_IRQHandler                  0x080001b7   Thumb Code     0  startup_stm32f40_41xxx.o(.text)
    DMA2_Stream4_IRQHandler                  0x080001b7   Thumb Code     0  startup_stm32f40_41xxx.o(.text)
    DMA2_Stream5_IRQHandler                  0x080001b7   Thumb Code     0  startup_stm32f40_41xxx.o(.text)
    DMA2_Stream6_IRQHandler                  0x080001b7   Thumb Code     0  startup_stm32f40_41xxx.o(.text)
    DMA2_Stream7_IRQHandler                  0x080001b7   Thumb Code     0  startup_stm32f40_41xxx.o(.text)
    ETH_IRQHandler                           0x080001b7   Thumb Code     0  startup_stm32f40_41xxx.o(.text)
    ETH_WKUP_IRQHandler                      0x080001b7   Thumb Code     0  startup_stm32f40_41xxx.o(.text)
    EXTI0_IRQHandler                         0x080001b7   Thumb Code     0  startup_stm32f40_41xxx.o(.text)
    EXTI15_10_IRQHandler                     0x080001b7   Thumb Code     0  startup_stm32f40_41xxx.o(.text)
    EXTI1_IRQHandler                         0x080001b7   Thumb Code     0  startup_stm32f40_41xxx.o(.text)
    EXTI2_IRQHandler                         0x080001b7   Thumb Code     0  startup_stm32f40_41xxx.o(.text)
    EXTI3_IRQHandler                         0x080001b7   Thumb Code     0  startup_stm32f40_41xxx.o(.text)
    EXTI4_IRQHandler                         0x080001b7   Thumb Code     0  startup_stm32f40_41xxx.o(.text)
    EXTI9_5_IRQHandler                       0x080001b7   Thumb Code     0  startup_stm32f40_41xxx.o(.text)
    FLASH_IRQHandler                         0x080001b7   Thumb Code     0  startup_stm32f40_41xxx.o(.text)
    FPU_IRQHandler                           0x080001b7   Thumb Code     0  startup_stm32f40_41xxx.o(.text)
    FSMC_IRQHandler                          0x080001b7   Thumb Code     0  startup_stm32f40_41xxx.o(.text)
    HASH_RNG_IRQHandler                      0x080001b7   Thumb Code     0  startup_stm32f40_41xxx.o(.text)
    I2C1_ER_IRQHandler                       0x080001b7   Thumb Code     0  startup_stm32f40_41xxx.o(.text)
    I2C1_EV_IRQHandler                       0x080001b7   Thumb Code     0  startup_stm32f40_41xxx.o(.text)
    I2C2_ER_IRQHandler                       0x080001b7   Thumb Code     0  startup_stm32f40_41xxx.o(.text)
    I2C2_EV_IRQHandler                       0x080001b7   Thumb Code     0  startup_stm32f40_41xxx.o(.text)
    I2C3_ER_IRQHandler                       0x080001b7   Thumb Code     0  startup_stm32f40_41xxx.o(.text)
    I2C3_EV_IRQHandler                       0x080001b7   Thumb Code     0  startup_stm32f40_41xxx.o(.text)
    OTG_FS_IRQHandler                        0x080001b7   Thumb Code     0  startup_stm32f40_41xxx.o(.text)
    OTG_FS_WKUP_IRQHandler                   0x080001b7   Thumb Code     0  startup_stm32f40_41xxx.o(.text)
    OTG_HS_EP1_IN_IRQHandler                 0x080001b7   Thumb Code     0  startup_stm32f40_41xxx.o(.text)
    OTG_HS_EP1_OUT_IRQHandler                0x080001b7   Thumb Code     0  startup_stm32f40_41xxx.o(.text)
    OTG_HS_IRQHandler                        0x080001b7   Thumb Code     0  startup_stm32f40_41xxx.o(.text)
    OTG_HS_WKUP_IRQHandler                   0x080001b7   Thumb Code     0  startup_stm32f40_41xxx.o(.text)
    PVD_IRQHandler                           0x080001b7   Thumb Code     0  startup_stm32f40_41xxx.o(.text)
    RCC_IRQHandler                           0x080001b7   Thumb Code     0  startup_stm32f40_41xxx.o(.text)
    RTC_Alarm_IRQHandler                     0x080001b7   Thumb Code     0  startup_stm32f40_41xxx.o(.text)
    RTC_WKUP_IRQHandler                      0x080001b7   Thumb Code     0  startup_stm32f40_41xxx.o(.text)
    SDIO_IRQHandler                          0x080001b7   Thumb Code     0  startup_stm32f40_41xxx.o(.text)
    SPI1_IRQHandler                          0x080001b7   Thumb Code     0  startup_stm32f40_41xxx.o(.text)
    SPI2_IRQHandler                          0x080001b7   Thumb Code     0  startup_stm32f40_41xxx.o(.text)
    SPI3_IRQHandler                          0x080001b7   Thumb Code     0  startup_stm32f40_41xxx.o(.text)
    TAMP_STAMP_IRQHandler                    0x080001b7   Thumb Code     0  startup_stm32f40_41xxx.o(.text)
    TIM1_BRK_TIM9_IRQHandler                 0x080001b7   Thumb Code     0  startup_stm32f40_41xxx.o(.text)
    TIM1_CC_IRQHandler                       0x080001b7   Thumb Code     0  startup_stm32f40_41xxx.o(.text)
    TIM1_TRG_COM_TIM11_IRQHandler            0x080001b7   Thumb Code     0  startup_stm32f40_41xxx.o(.text)
    TIM1_UP_TIM10_IRQHandler                 0x080001b7   Thumb Code     0  startup_stm32f40_41xxx.o(.text)
    TIM2_IRQHandler                          0x080001b7   Thumb Code     0  startup_stm32f40_41xxx.o(.text)
    TIM3_IRQHandler                          0x080001b7   Thumb Code     0  startup_stm32f40_41xxx.o(.text)
    TIM4_IRQHandler                          0x080001b7   Thumb Code     0  startup_stm32f40_41xxx.o(.text)
    TIM5_IRQHandler                          0x080001b7   Thumb Code     0  startup_stm32f40_41xxx.o(.text)
    TIM6_DAC_IRQHandler                      0x080001b7   Thumb Code     0  startup_stm32f40_41xxx.o(.text)
    TIM7_IRQHandler                          0x080001b7   Thumb Code     0  startup_stm32f40_41xxx.o(.text)
    TIM8_BRK_TIM12_IRQHandler                0x080001b7   Thumb Code     0  startup_stm32f40_41xxx.o(.text)
    TIM8_CC_IRQHandler                       0x080001b7   Thumb Code     0  startup_stm32f40_41xxx.o(.text)
    TIM8_TRG_COM_TIM14_IRQHandler            0x080001b7   Thumb Code     0  startup_stm32f40_41xxx.o(.text)
    TIM8_UP_TIM13_IRQHandler                 0x080001b7   Thumb Code     0  startup_stm32f40_41xxx.o(.text)
    UART4_IRQHandler                         0x080001b7   Thumb Code     0  startup_stm32f40_41xxx.o(.text)
    UART5_IRQHandler                         0x080001b7   Thumb Code     0  startup_stm32f40_41xxx.o(.text)
    WWDG_IRQHandler                          0x080001b7   Thumb Code     0  startup_stm32f40_41xxx.o(.text)
    __aeabi_memcpy                           0x080001c1   Thumb Code    36  memcpya.o(.text)
    __aeabi_memcpy4                          0x080001c1   Thumb Code     0  memcpya.o(.text)
    __aeabi_memcpy8                          0x080001c1   Thumb Code     0  memcpya.o(.text)
    memcmp                                   0x080001e5   Thumb Code    26  memcmp.o(.text)
    strcpy                                   0x080001ff   Thumb Code    18  strcpy.o(.text)
    __aeabi_uldivmod                         0x08000211   Thumb Code    98  uldiv.o(.text)
    __scatterload                            0x08000275   Thumb Code    28  init.o(.text)
    __scatterload_rt2                        0x08000275   Thumb Code     0  init.o(.text)
    __aeabi_llsl                             0x08000299   Thumb Code    30  llshl.o(.text)
    _ll_shift_l                              0x08000299   Thumb Code     0  llshl.o(.text)
    __aeabi_llsr                             0x080002b7   Thumb Code    32  llushr.o(.text)
    _ll_ushift_r                             0x080002b7   Thumb Code     0  llushr.o(.text)
    BMP085_ReadTempPress                     0x08000385   Thumb Code   300  bsp_bmp085.o(i.BMP085_ReadTempPress)
    BusFault_Handler                         0x0800052b   Thumb Code     4  stm32f4xx_it.o(i.BusFault_Handler)
    CA2F                                     0x0800052f   Thumb Code    26  demo_spi_flash.o(i.CA2F)
    ComToUart                                0x08000549   Thumb Code    52  bsp_uart_fifo.o(i.ComToUart)
    DebugMon_Handler                         0x080005f7   Thumb Code     2  stm32f4xx_it.o(i.DebugMon_Handler)
    EXTI_ClearITPendingBit                   0x080005f9   Thumb Code     6  stm32f4xx_exti.o(i.EXTI_ClearITPendingBit)
    EXTI_Init                                0x08000605   Thumb Code   142  stm32f4xx_exti.o(i.EXTI_Init)
    F2CA                                     0x08000699   Thumb Code    30  demo_spi_flash.o(i.F2CA)
    GPIO_Init                                0x080006b7   Thumb Code   144  stm32f4xx_gpio.o(i.GPIO_Init)
    GPIO_PinAFConfig                         0x08000747   Thumb Code    70  stm32f4xx_gpio.o(i.GPIO_PinAFConfig)
    GPIO_ReadInputDataBit                    0x0800078d   Thumb Code    18  stm32f4xx_gpio.o(i.GPIO_ReadInputDataBit)
    GPIO_ResetBits                           0x0800079f   Thumb Code     4  stm32f4xx_gpio.o(i.GPIO_ResetBits)
    GPIO_SetBits                             0x080007a3   Thumb Code     4  stm32f4xx_gpio.o(i.GPIO_SetBits)
    GetAD7705                                0x080007a9   Thumb Code   104  ad7705_test.o(i.GetAD7705)
    GetBMP085                                0x08000821   Thumb Code    26  mems_test.o(i.GetBMP085)
    HardFault_Handler                        0x0800083d   Thumb Code    36  stm32f4xx_it.o(i.HardFault_Handler)
    MemManage_Handler                        0x08000c67   Thumb Code     4  stm32f4xx_it.o(i.MemManage_Handler)
    NMI_Handler                              0x08000c6b   Thumb Code     2  stm32f4xx_it.o(i.NMI_Handler)
    NVIC_Init                                0x08000c6d   Thumb Code   108  misc.o(i.NVIC_Init)
    NVIC_PriorityGroupConfig                 0x08000ce5   Thumb Code    10  misc.o(i.NVIC_PriorityGroupConfig)
    PWR_BackupAccessCmd                      0x08000cf9   Thumb Code     6  stm32f4xx_pwr.o(i.PWR_BackupAccessCmd)
    PendSV_Handler                           0x08000d05   Thumb Code     2  stm32f4xx_it.o(i.PendSV_Handler)
    RCC_AHB1PeriphClockCmd                   0x08000ebd   Thumb Code    26  stm32f4xx_rcc.o(i.RCC_AHB1PeriphClockCmd)
    RCC_APB1PeriphClockCmd                   0x08000edd   Thumb Code    26  stm32f4xx_rcc.o(i.RCC_APB1PeriphClockCmd)
    RCC_APB2PeriphClockCmd                   0x08000efd   Thumb Code    26  stm32f4xx_rcc.o(i.RCC_APB2PeriphClockCmd)
    RCC_GetClocksFreq                        0x08000f1d   Thumb Code   214  stm32f4xx_rcc.o(i.RCC_GetClocksFreq)
    RCC_GetFlagStatus                        0x08001005   Thumb Code    60  stm32f4xx_rcc.o(i.RCC_GetFlagStatus)
    RCC_LSEConfig                            0x08001045   Thumb Code    40  stm32f4xx_rcc.o(i.RCC_LSEConfig)
    RCC_RTCCLKCmd                            0x08001071   Thumb Code     6  stm32f4xx_rcc.o(i.RCC_RTCCLKCmd)
    RCC_RTCCLKConfig                         0x0800107d   Thumb Code    50  stm32f4xx_rcc.o(i.RCC_RTCCLKConfig)
    RTC_AlarmCmd                             0x080010b9   Thumb Code   112  stm32f4xx_rtc.o(i.RTC_AlarmCmd)
    RTC_ClearFlag                            0x08001161   Thumb Code    24  stm32f4xx_rtc.o(i.RTC_ClearFlag)
    RTC_Config                               0x0800117d   Thumb Code   214  bsp_rtc.o(i.RTC_Config)
    RTC_DateShow                             0x0800126d   Thumb Code    38  bsp_rtc.o(i.RTC_DateShow)
    RTC_EnterInitMode                        0x080012bd   Thumb Code    76  stm32f4xx_rtc.o(i.RTC_EnterInitMode)
    RTC_ExitInitMode                         0x0800130d   Thumb Code    14  stm32f4xx_rtc.o(i.RTC_ExitInitMode)
    RTC_GetDate                              0x08001321   Thumb Code    68  stm32f4xx_rtc.o(i.RTC_GetDate)
    RTC_GetTime                              0x0800136d   Thumb Code    72  stm32f4xx_rtc.o(i.RTC_GetTime)
    RTC_ITConfig                             0x080013bd   Thumb Code    94  stm32f4xx_rtc.o(i.RTC_ITConfig)
    RTC_Init                                 0x08001421   Thumb Code    94  stm32f4xx_rtc.o(i.RTC_Init)
    RTC_ReadBackupRegister                   0x08001485   Thumb Code    26  stm32f4xx_rtc.o(i.RTC_ReadBackupRegister)
    RTC_SetAlarm                             0x080014a5   Thumb Code   230  stm32f4xx_rtc.o(i.RTC_SetAlarm)
    RTC_SetDate                              0x08001591   Thumb Code   190  stm32f4xx_rtc.o(i.RTC_SetDate)
    RTC_SetTime                              0x08001659   Thumb Code   198  stm32f4xx_rtc.o(i.RTC_SetTime)
    RTC_TimeShow                             0x08001729   Thumb Code    32  bsp_rtc.o(i.RTC_TimeShow)
    RTC_WaitForSynchro                       0x08001765   Thumb Code    92  stm32f4xx_rtc.o(i.RTC_WaitForSynchro)
    RTC_WriteBackupRegister                  0x080017c5   Thumb Code    24  stm32f4xx_rtc.o(i.RTC_WriteBackupRegister)
    SPI_Cmd                                  0x080017e1   Thumb Code    24  stm32f4xx_spi.o(i.SPI_Cmd)
    SPI_I2S_GetFlagStatus                    0x080017f9   Thumb Code    18  stm32f4xx_spi.o(i.SPI_I2S_GetFlagStatus)
    SPI_I2S_ReceiveData                      0x0800180b   Thumb Code     6  stm32f4xx_spi.o(i.SPI_I2S_ReceiveData)
    SPI_I2S_SendData                         0x08001811   Thumb Code     4  stm32f4xx_spi.o(i.SPI_I2S_SendData)
    SPI_Init                                 0x08001815   Thumb Code    60  stm32f4xx_spi.o(i.SPI_Init)
    SVC_Handler                              0x08001851   Thumb Code     2  stm32f4xx_it.o(i.SVC_Handler)
    SysTick_Handler                          0x08001941   Thumb Code     8  bsp_timer.o(i.SysTick_Handler)
    SysTick_ISR                              0x08001949   Thumb Code   110  bsp_timer.o(i.SysTick_ISR)
    SystemInit                               0x080019cd   Thumb Code    88  system_stm32f4xx.o(i.SystemInit)
    TM7705_CalibSelf                         0x08001a35   Thumb Code    48  bsp_tm7705.o(i.TM7705_CalibSelf)
    TM7705_ReadAdc                           0x08001ad5   Thumb Code    54  bsp_tm7705.o(i.TM7705_ReadAdc)
    TM7705_ReadReg                           0x08001b2d   Thumb Code   110  bsp_tm7705.o(i.TM7705_ReadReg)
    USART1_IRQHandler                        0x08001d15   Thumb Code    10  bsp_uart_fifo.o(i.USART1_IRQHandler)
    USART2_IRQHandler                        0x08001d25   Thumb Code    10  bsp_uart_fifo.o(i.USART2_IRQHandler)
    USART3_IRQHandler                        0x08001d35   Thumb Code    10  bsp_uart_fifo.o(i.USART3_IRQHandler)
    USART3_SendBefor                         0x08001d45   Thumb Code     8  bsp_uart_fifo.o(i.USART3_SendBefor)
    USART3_SendOver                          0x08001d51   Thumb Code     8  bsp_uart_fifo.o(i.USART3_SendOver)
    USART6_IRQHandler                        0x08001d5d   Thumb Code    10  bsp_uart_fifo.o(i.USART6_IRQHandler)
    USART_ClearFlag                          0x08001d6d   Thumb Code    18  stm32f4xx_usart.o(i.USART_ClearFlag)
    USART_Cmd                                0x08001d7f   Thumb Code    24  stm32f4xx_usart.o(i.USART_Cmd)
    USART_GetITStatus                        0x08001d97   Thumb Code    84  stm32f4xx_usart.o(i.USART_GetITStatus)
    USART_ITConfig                           0x08001deb   Thumb Code    74  stm32f4xx_usart.o(i.USART_ITConfig)
    USART_Init                               0x08001e35   Thumb Code   204  stm32f4xx_usart.o(i.USART_Init)
    USART_ReceiveData                        0x08001f09   Thumb Code    10  stm32f4xx_usart.o(i.USART_ReceiveData)
    USART_SendData                           0x08001f13   Thumb Code     8  stm32f4xx_usart.o(i.USART_SendData)
    UsageFault_Handler                       0x080021b5   Thumb Code     4  stm32f4xx_it.o(i.UsageFault_Handler)
    __0printf$8                              0x080021b9   Thumb Code    22  printf8.o(i.__0printf$8)
    __1printf$8                              0x080021b9   Thumb Code     0  printf8.o(i.__0printf$8)
    __2printf                                0x080021b9   Thumb Code     0  printf8.o(i.__0printf$8)
    __0sprintf$8                             0x080021d9   Thumb Code    34  printf8.o(i.__0sprintf$8)
    __1sprintf$8                             0x080021d9   Thumb Code     0  printf8.o(i.__0sprintf$8)
    __2sprintf                               0x080021d9   Thumb Code     0  printf8.o(i.__0sprintf$8)
    __scatterload_copy                       0x08002201   Thumb Code    14  handlers.o(i.__scatterload_copy)
    __scatterload_null                       0x0800220f   Thumb Code     2  handlers.o(i.__scatterload_null)
    __scatterload_zeroinit                   0x08002211   Thumb Code    14  handlers.o(i.__scatterload_zeroinit)
    bsp_DelayMS                              0x080026f9   Thumb Code    58  bsp_timer.o(i.bsp_DelayMS)
    bsp_Idle                                 0x08002809   Thumb Code     2  bsp.o(i.bsp_Idle)
    bsp_Init                                 0x0800280b   Thumb Code    32  bsp.o(i.bsp_Init)
    bsp_InitBMP085                           0x0800282d   Thumb Code   134  bsp_bmp085.o(i.bsp_InitBMP085)
    bsp_InitI2C                              0x080028b9   Thumb Code    50  bsp_i2c_gpio.o(i.bsp_InitI2C)
    bsp_InitKey                              0x080028f1   Thumb Code    12  bsp_key.o(i.bsp_InitKey)
    bsp_InitRTC                              0x08002a71   Thumb Code   182  bsp_rtc.o(i.bsp_InitRTC)
    bsp_InitSFlash                           0x08002b6d   Thumb Code   164  bsp_spi_flash.o(i.bsp_InitSFlash)
    bsp_InitTM7705                           0x08002c19   Thumb Code   224  bsp_tm7705.o(i.bsp_InitTM7705)
    bsp_InitTimer                            0x08002d0d   Thumb Code   136  bsp_timer.o(i.bsp_InitTimer)
    bsp_InitUart                             0x08002da5   Thumb Code    16  bsp_uart_fifo.o(i.bsp_InitUart)
    bsp_KeyScan                              0x08002db5   Thumb Code    22  bsp_key.o(i.bsp_KeyScan)
    bsp_PutKey                               0x08002dcd   Thumb Code    28  bsp_key.o(i.bsp_PutKey)
    bsp_RunPer10ms                           0x08002ded   Thumb Code     8  bsp.o(i.bsp_RunPer10ms)
    bsp_RunPer1ms                            0x08002df5   Thumb Code     2  bsp.o(i.bsp_RunPer1ms)
    bsp_StartAutoTimer                       0x08002e15   Thumb Code    84  bsp_timer.o(i.bsp_StartAutoTimer)
    comGetChar                               0x08002ebd   Thumb Code    30  bsp_uart_fifo.o(i.comGetChar)
    comSendBuf                               0x08002edb   Thumb Code    46  bsp_uart_fifo.o(i.comSendBuf)
    comSendChar                              0x08002f09   Thumb Code    16  bsp_uart_fifo.o(i.comSendChar)
    fputc                                    0x08002f19   Thumb Code    18  bsp_uart_fifo.o(i.fputc)
    i2c_Ack                                  0x08002f2d   Thumb Code    44  bsp_i2c_gpio.o(i.i2c_Ack)
    i2c_NAck                                 0x08002f6d   Thumb Code    36  bsp_i2c_gpio.o(i.i2c_NAck)
    i2c_ReadByte                             0x08002f95   Thumb Code    62  bsp_i2c_gpio.o(i.i2c_ReadByte)
    i2c_SendByte                             0x08002fd9   Thumb Code    80  bsp_i2c_gpio.o(i.i2c_SendByte)
    i2c_Start                                0x0800302d   Thumb Code    42  bsp_i2c_gpio.o(i.i2c_Start)
    i2c_Stop                                 0x0800305d   Thumb Code    28  bsp_i2c_gpio.o(i.i2c_Stop)
    i2c_WaitAck                              0x0800307d   Thumb Code    56  bsp_i2c_gpio.o(i.i2c_WaitAck)
    main                                     0x080030b9   Thumb Code  1694  main.o(i.main)
    sf_EraseSector                           0x08003945   Thumb Code    60  bsp_spi_flash.o(i.sf_EraseSector)
    sf_PageWrite                             0x080039ad   Thumb Code   336  bsp_spi_flash.o(i.sf_PageWrite)
    sf_ReadBuffer                            0x08003b09   Thumb Code    92  bsp_spi_flash.o(i.sf_ReadBuffer)
    sf_ReadID                                0x08003b6d   Thumb Code    68  bsp_spi_flash.o(i.sf_ReadID)
    sf_ReadInfo                              0x08003bb5   Thumb Code   134  bsp_spi_flash.o(i.sf_ReadInfo)
    sf_WriteBuffer                           0x08003ce9   Thumb Code   366  bsp_spi_flash.o(i.sf_WriteBuffer)
    Region$$Table$$Base                      0x08003f1c   Number         0  anon$$obj.o(Region$$Table)
    Region$$Table$$Limit                     0x08003f3c   Number         0  anon$$obj.o(Region$$Table)
    adc1                                     0x20000000   Data           2  ad7705_test.o(.data)
    adc2                                     0x20000002   Data           2  ad7705_test.o(.data)
    volt1                                    0x20000004   Data           4  ad7705_test.o(.data)
    volt2                                    0x20000008   Data           4  ad7705_test.o(.data)
    g_iRunTime                               0x20000014   Data           4  bsp_timer.o(.data)
    g_TM7705_OK                              0x2000001a   Data           1  bsp_tm7705.o(.data)
    uwAsynchPrediv                           0x2000001c   Data           4  bsp_rtc.o(.data)
    uwSynchPrediv                            0x20000020   Data           4  bsp_rtc.o(.data)
    RTC_TimeStructure                        0x20000024   Data           4  bsp_rtc.o(.data)
    RTC_DateStructure                        0x20000028   Data           4  bsp_rtc.o(.data)
    SystemCoreClock                          0x2000003c   Data           4  system_stm32f4xx.o(.data)
    AHBPrescTable                            0x20000040   Data          16  system_stm32f4xx.o(.data)
    __stdout                                 0x20000050   Data           4  stdout.o(.data)
    g_tSF                                    0x200021d4   Data          28  bsp_spi_flash.o(.bss)
    g_tBMP085                                0x200031f0   Data          32  bsp_bmp085.o(.bss)
    aShowTime                                0x20003210   Data          50  bsp_rtc.o(.bss)
    RTC_InitStructure                        0x20003244   Data          12  bsp_rtc.o(.bss)
    RTC_AlarmStructure                       0x20003250   Data          16  bsp_rtc.o(.bss)
    __initial_sp                             0x20007260   Data           0  startup_stm32f40_41xxx.o(STACK)



==============================================================================

Memory Map of the image

  Image Entry point : 0x08000189

  Load Region LR_IROM1 (Base: 0x08000000, Size: 0x00003f90, Max: 0x00100000, ABSOLUTE)

    Execution Region ER_IROM1 (Base: 0x08000000, Size: 0x00003f3c, Max: 0x00100000, ABSOLUTE)

    Base Addr    Size         Type   Attr      Idx    E Section Name        Object

    0x08000000   0x00000188   Data   RO         1250    RESET               startup_stm32f40_41xxx.o
    0x08000188   0x00000000   Code   RO         3498  * .ARM.Collect$$$$00000000  mc_w.l(entry.o)
    0x08000188   0x00000004   Code   RO         3772    .ARM.Collect$$$$00000001  mc_w.l(entry2.o)
    0x0800018c   0x00000004   Code   RO         3775    .ARM.Collect$$$$00000004  mc_w.l(entry5.o)
    0x08000190   0x00000000   Code   RO         3777    .ARM.Collect$$$$00000008  mc_w.l(entry7b.o)
    0x08000190   0x00000000   Code   RO         3779    .ARM.Collect$$$$0000000A  mc_w.l(entry8b.o)
    0x08000190   0x00000008   Code   RO         3780    .ARM.Collect$$$$0000000B  mc_w.l(entry9a.o)
    0x08000198   0x00000000   Code   RO         3782    .ARM.Collect$$$$0000000D  mc_w.l(entry10a.o)
    0x08000198   0x00000000   Code   RO         3784    .ARM.Collect$$$$0000000F  mc_w.l(entry11a.o)
    0x08000198   0x00000004   Code   RO         3773    .ARM.Collect$$$$00002712  mc_w.l(entry2.o)
    0x0800019c   0x00000024   Code   RO         1251    .text               startup_stm32f40_41xxx.o
    0x080001c0   0x00000024   Code   RO         3501    .text               mc_w.l(memcpya.o)
    0x080001e4   0x0000001a   Code   RO         3505    .text               mc_w.l(memcmp.o)
    0x080001fe   0x00000012   Code   RO         3507    .text               mc_w.l(strcpy.o)
    0x08000210   0x00000062   Code   RO         3789    .text               mc_w.l(uldiv.o)
    0x08000272   0x00000002   PAD
    0x08000274   0x00000024   Code   RO         3802    .text               mc_w.l(init.o)
    0x08000298   0x0000001e   Code   RO         3804    .text               mc_w.l(llshl.o)
    0x080002b6   0x00000020   Code   RO         3806    .text               mc_w.l(llushr.o)
    0x080002d6   0x00000050   Code   RO          948    i.BMP085_Read2Bytes  bsp_bmp085.o
    0x08000326   0x0000005e   Code   RO          949    i.BMP085_Read3Bytes  bsp_bmp085.o
    0x08000384   0x00000134   Code   RO          950    i.BMP085_ReadTempPress  bsp_bmp085.o
    0x080004b8   0x00000044   Code   RO          951    i.BMP085_WaitConvert  bsp_bmp085.o
    0x080004fc   0x0000002e   Code   RO          952    i.BMP085_WriteReg   bsp_bmp085.o
    0x0800052a   0x00000004   Code   RO          723    i.BusFault_Handler  stm32f4xx_it.o
    0x0800052e   0x0000001a   Code   RO          185    i.CA2F              demo_spi_flash.o
    0x08000548   0x00000044   Code   RO          581    i.ComToUart         bsp_uart_fifo.o
    0x0800058c   0x0000006a   Code   RO          582    i.ConfigUartNVIC    bsp_uart_fifo.o
    0x080005f6   0x00000002   Code   RO          724    i.DebugMon_Handler  stm32f4xx_it.o
    0x080005f8   0x0000000c   Code   RO         2938    i.EXTI_ClearITPendingBit  stm32f4xx_exti.o
    0x08000604   0x00000094   Code   RO         2943    i.EXTI_Init         stm32f4xx_exti.o
    0x08000698   0x0000001e   Code   RO          187    i.F2CA              demo_spi_flash.o
    0x080006b6   0x00000090   Code   RO         1686    i.GPIO_Init         stm32f4xx_gpio.o
    0x08000746   0x00000046   Code   RO         1687    i.GPIO_PinAFConfig  stm32f4xx_gpio.o
    0x0800078c   0x00000012   Code   RO         1690    i.GPIO_ReadInputDataBit  stm32f4xx_gpio.o
    0x0800079e   0x00000004   Code   RO         1693    i.GPIO_ResetBits    stm32f4xx_gpio.o
    0x080007a2   0x00000004   Code   RO         1694    i.GPIO_SetBits      stm32f4xx_gpio.o
    0x080007a6   0x00000002   PAD
    0x080007a8   0x00000078   Code   RO          272    i.GetAD7705         ad7705_test.o
    0x08000820   0x0000001a   Code   RO          252    i.GetBMP085         mems_test.o
    0x0800083a   0x00000002   PAD
    0x0800083c   0x00000054   Code   RO          725    i.HardFault_Handler  stm32f4xx_it.o
    0x08000890   0x000002e8   Code   RO          583    i.InitHardUart      bsp_uart_fifo.o
    0x08000b78   0x00000018   Code   RO          295    i.IsKeyDown1        bsp_key.o
    0x08000b90   0x00000016   Code   RO          296    i.IsKeyDown10       bsp_key.o
    0x08000ba6   0x00000002   PAD
    0x08000ba8   0x00000018   Code   RO          297    i.IsKeyDown2        bsp_key.o
    0x08000bc0   0x00000018   Code   RO          298    i.IsKeyDown3        bsp_key.o
    0x08000bd8   0x00000018   Code   RO          299    i.IsKeyDown4        bsp_key.o
    0x08000bf0   0x00000018   Code   RO          300    i.IsKeyDown5        bsp_key.o
    0x08000c08   0x00000018   Code   RO          301    i.IsKeyDown6        bsp_key.o
    0x08000c20   0x00000018   Code   RO          302    i.IsKeyDown7        bsp_key.o
    0x08000c38   0x00000018   Code   RO          303    i.IsKeyDown8        bsp_key.o
    0x08000c50   0x00000016   Code   RO          304    i.IsKeyDown9        bsp_key.o
    0x08000c66   0x00000004   Code   RO          726    i.MemManage_Handler  stm32f4xx_it.o
    0x08000c6a   0x00000002   Code   RO          727    i.NMI_Handler       stm32f4xx_it.o
    0x08000c6c   0x00000078   Code   RO         1641    i.NVIC_Init         misc.o
    0x08000ce4   0x00000014   Code   RO         1642    i.NVIC_PriorityGroupConfig  misc.o
    0x08000cf8   0x0000000c   Code   RO         3353    i.PWR_BackupAccessCmd  stm32f4xx_pwr.o
    0x08000d04   0x00000002   Code   RO          728    i.PendSV_Handler    stm32f4xx_it.o
    0x08000d06   0x00000002   PAD
    0x08000d08   0x000001b4   Code   RO            3    i.PrintfLogo        main.o
    0x08000ebc   0x00000020   Code   RO         1257    i.RCC_AHB1PeriphClockCmd  stm32f4xx_rcc.o
    0x08000edc   0x00000020   Code   RO         1266    i.RCC_APB1PeriphClockCmd  stm32f4xx_rcc.o
    0x08000efc   0x00000020   Code   RO         1269    i.RCC_APB2PeriphClockCmd  stm32f4xx_rcc.o
    0x08000f1c   0x000000e8   Code   RO         1278    i.RCC_GetClocksFreq  stm32f4xx_rcc.o
    0x08001004   0x00000040   Code   RO         1279    i.RCC_GetFlagStatus  stm32f4xx_rcc.o
    0x08001044   0x0000002c   Code   RO         1287    i.RCC_LSEConfig     stm32f4xx_rcc.o
    0x08001070   0x0000000c   Code   RO         1300    i.RCC_RTCCLKCmd     stm32f4xx_rcc.o
    0x0800107c   0x0000003c   Code   RO         1301    i.RCC_RTCCLKConfig  stm32f4xx_rcc.o
    0x080010b8   0x00000074   Code   RO         2999    i.RTC_AlarmCmd      stm32f4xx_rtc.o
    0x0800112c   0x00000016   Code   RO         3002    i.RTC_Bcd2ToByte    stm32f4xx_rtc.o
    0x08001142   0x0000001c   Code   RO         3004    i.RTC_ByteToBcd2    stm32f4xx_rtc.o
    0x0800115e   0x00000002   PAD
    0x08001160   0x0000001c   Code   RO         3007    i.RTC_ClearFlag     stm32f4xx_rtc.o
    0x0800117c   0x000000f0   Code   RO         1191    i.RTC_Config        bsp_rtc.o
    0x0800126c   0x00000050   Code   RO         1192    i.RTC_DateShow      bsp_rtc.o
    0x080012bc   0x00000050   Code   RO         3014    i.RTC_EnterInitMode  stm32f4xx_rtc.o
    0x0800130c   0x00000014   Code   RO         3015    i.RTC_ExitInitMode  stm32f4xx_rtc.o
    0x08001320   0x0000004c   Code   RO         3018    i.RTC_GetDate       stm32f4xx_rtc.o
    0x0800136c   0x00000050   Code   RO         3023    i.RTC_GetTime       stm32f4xx_rtc.o
    0x080013bc   0x00000064   Code   RO         3027    i.RTC_ITConfig      stm32f4xx_rtc.o
    0x08001420   0x00000064   Code   RO         3028    i.RTC_Init          stm32f4xx_rtc.o
    0x08001484   0x00000020   Code   RO         3031    i.RTC_ReadBackupRegister  stm32f4xx_rtc.o
    0x080014a4   0x000000ec   Code   RO         3033    i.RTC_SetAlarm      stm32f4xx_rtc.o
    0x08001590   0x000000c8   Code   RO         3034    i.RTC_SetDate       stm32f4xx_rtc.o
    0x08001658   0x000000d0   Code   RO         3035    i.RTC_SetTime       stm32f4xx_rtc.o
    0x08001728   0x0000003c   Code   RO         1194    i.RTC_TimeShow      bsp_rtc.o
    0x08001764   0x00000060   Code   RO         3051    i.RTC_WaitForSynchro  stm32f4xx_rtc.o
    0x080017c4   0x0000001c   Code   RO         3054    i.RTC_WriteBackupRegister  stm32f4xx_rtc.o
    0x080017e0   0x00000018   Code   RO         1977    i.SPI_Cmd           stm32f4xx_spi.o
    0x080017f8   0x00000012   Code   RO         1985    i.SPI_I2S_GetFlagStatus  stm32f4xx_spi.o
    0x0800180a   0x00000006   Code   RO         1988    i.SPI_I2S_ReceiveData  stm32f4xx_spi.o
    0x08001810   0x00000004   Code   RO         1989    i.SPI_I2S_SendData  stm32f4xx_spi.o
    0x08001814   0x0000003c   Code   RO         1990    i.SPI_Init          stm32f4xx_spi.o
    0x08001850   0x00000002   Code   RO          729    i.SVC_Handler       stm32f4xx_it.o
    0x08001852   0x00000002   PAD
    0x08001854   0x000000ec   Code   RO         3463    i.SetSysClock       system_stm32f4xx.o
    0x08001940   0x00000008   Code   RO          485    i.SysTick_Handler   bsp_timer.o
    0x08001948   0x00000084   Code   RO          486    i.SysTick_ISR       bsp_timer.o
    0x080019cc   0x00000068   Code   RO         3465    i.SystemInit        system_stm32f4xx.o
    0x08001a34   0x00000030   Code   RO         1073    i.TM7705_CalibSelf  bsp_tm7705.o
    0x08001a64   0x0000000e   Code   RO         1074    i.TM7705_Delay      bsp_tm7705.o
    0x08001a72   0x00000002   PAD
    0x08001a74   0x00000030   Code   RO         1075    i.TM7705_Read2Byte  bsp_tm7705.o
    0x08001aa4   0x00000030   Code   RO         1076    i.TM7705_Read3Byte  bsp_tm7705.o
    0x08001ad4   0x00000036   Code   RO         1077    i.TM7705_ReadAdc    bsp_tm7705.o
    0x08001b0a   0x00000002   PAD
    0x08001b0c   0x00000020   Code   RO         1078    i.TM7705_ReadByte   bsp_tm7705.o
    0x08001b2c   0x0000006e   Code   RO         1079    i.TM7705_ReadReg    bsp_tm7705.o
    0x08001b9a   0x00000002   PAD
    0x08001b9c   0x00000044   Code   RO         1080    i.TM7705_Recive8Bit  bsp_tm7705.o
    0x08001be0   0x00000034   Code   RO         1081    i.TM7705_ResetHard  bsp_tm7705.o
    0x08001c14   0x0000004c   Code   RO         1082    i.TM7705_Send8Bit   bsp_tm7705.o
    0x08001c60   0x00000030   Code   RO         1083    i.TM7705_SyncSPI    bsp_tm7705.o
    0x08001c90   0x00000064   Code   RO         1086    i.TM7705_WaitDRDY   bsp_tm7705.o
    0x08001cf4   0x00000020   Code   RO         1088    i.TM7705_WriteByte  bsp_tm7705.o
    0x08001d14   0x00000010   Code   RO          584    i.USART1_IRQHandler  bsp_uart_fifo.o
    0x08001d24   0x00000010   Code   RO          585    i.USART2_IRQHandler  bsp_uart_fifo.o
    0x08001d34   0x00000010   Code   RO          586    i.USART3_IRQHandler  bsp_uart_fifo.o
    0x08001d44   0x0000000c   Code   RO          587    i.USART3_SendBefor  bsp_uart_fifo.o
    0x08001d50   0x0000000c   Code   RO          588    i.USART3_SendOver   bsp_uart_fifo.o
    0x08001d5c   0x00000010   Code   RO          589    i.USART6_IRQHandler  bsp_uart_fifo.o
    0x08001d6c   0x00000012   Code   RO         1783    i.USART_ClearFlag   stm32f4xx_usart.o
    0x08001d7e   0x00000018   Code   RO         1787    i.USART_Cmd         stm32f4xx_usart.o
    0x08001d96   0x00000054   Code   RO         1791    i.USART_GetITStatus  stm32f4xx_usart.o
    0x08001dea   0x0000004a   Code   RO         1793    i.USART_ITConfig    stm32f4xx_usart.o
    0x08001e34   0x000000d4   Code   RO         1794    i.USART_Init        stm32f4xx_usart.o
    0x08001f08   0x0000000a   Code   RO         1801    i.USART_ReceiveData  stm32f4xx_usart.o
    0x08001f12   0x00000008   Code   RO         1804    i.USART_SendData    stm32f4xx_usart.o
    0x08001f1a   0x0000004a   Code   RO          590    i.UartGetChar       bsp_uart_fifo.o
    0x08001f64   0x000000e6   Code   RO          591    i.UartIRQ           bsp_uart_fifo.o
    0x0800204a   0x00000072   Code   RO          592    i.UartSend          bsp_uart_fifo.o
    0x080020bc   0x000000f8   Code   RO          593    i.UartVarInit       bsp_uart_fifo.o
    0x080021b4   0x00000004   Code   RO          730    i.UsageFault_Handler  stm32f4xx_it.o
    0x080021b8   0x00000020   Code   RO         3718    i.__0printf$8       mc_w.l(printf8.o)
    0x080021d8   0x00000028   Code   RO         3720    i.__0sprintf$8      mc_w.l(printf8.o)
    0x08002200   0x0000000e   Code   RO         3814    i.__scatterload_copy  mc_w.l(handlers.o)
    0x0800220e   0x00000002   Code   RO         3815    i.__scatterload_null  mc_w.l(handlers.o)
    0x08002210   0x0000000e   Code   RO         3816    i.__scatterload_zeroinit  mc_w.l(handlers.o)
    0x0800221e   0x00000006   Code   RO          487    i.__set_PRIMASK     bsp_timer.o
    0x08002224   0x00000006   Code   RO          594    i.__set_PRIMASK     bsp_uart_fifo.o
    0x0800222a   0x00000002   PAD
    0x0800222c   0x00000408   Code   RO         3725    i._printf_core      mc_w.l(printf8.o)
    0x08002634   0x00000026   Code   RO         3726    i._printf_post_padding  mc_w.l(printf8.o)
    0x0800265a   0x00000030   Code   RO         3727    i._printf_pre_padding  mc_w.l(printf8.o)
    0x0800268a   0x0000000a   Code   RO         3729    i._sputc            mc_w.l(printf8.o)
    0x08002694   0x00000064   Code   RO          840    i.bsp_CfgSPIForSFlash  bsp_spi_flash.o
    0x080026f8   0x00000044   Code   RO          489    i.bsp_DelayMS       bsp_timer.o
    0x0800273c   0x000000cc   Code   RO          306    i.bsp_DetectKey     bsp_key.o
    0x08002808   0x00000002   Code   RO          802    i.bsp_Idle          bsp.o
    0x0800280a   0x00000020   Code   RO          803    i.bsp_Init          bsp.o
    0x0800282a   0x00000002   PAD
    0x0800282c   0x0000008c   Code   RO          953    i.bsp_InitBMP085    bsp_bmp085.o
    0x080028b8   0x00000038   Code   RO         1000    i.bsp_InitI2C       bsp_i2c_gpio.o
    0x080028f0   0x0000000c   Code   RO          310    i.bsp_InitKey       bsp_key.o
    0x080028fc   0x000000a0   Code   RO          311    i.bsp_InitKeyHard   bsp_key.o
    0x0800299c   0x000000d4   Code   RO          312    i.bsp_InitKeyVar    bsp_key.o
    0x08002a70   0x000000fc   Code   RO         1196    i.bsp_InitRTC       bsp_rtc.o
    0x08002b6c   0x000000ac   Code   RO          841    i.bsp_InitSFlash    bsp_spi_flash.o
    0x08002c18   0x000000f4   Code   RO         1090    i.bsp_InitTM7705    bsp_tm7705.o
    0x08002d0c   0x00000098   Code   RO          492    i.bsp_InitTimer     bsp_timer.o
    0x08002da4   0x00000010   Code   RO          595    i.bsp_InitUart      bsp_uart_fifo.o
    0x08002db4   0x00000016   Code   RO          313    i.bsp_KeyScan       bsp_key.o
    0x08002dca   0x00000002   PAD
    0x08002dcc   0x00000020   Code   RO          314    i.bsp_PutKey        bsp_key.o
    0x08002dec   0x00000008   Code   RO          804    i.bsp_RunPer10ms    bsp.o
    0x08002df4   0x00000002   Code   RO          805    i.bsp_RunPer1ms     bsp.o
    0x08002df6   0x0000001c   Code   RO          493    i.bsp_SoftTimerDec  bsp_timer.o
    0x08002e12   0x00000002   PAD
    0x08002e14   0x000000a8   Code   RO          494    i.bsp_StartAutoTimer  bsp_timer.o
    0x08002ebc   0x0000001e   Code   RO          598    i.comGetChar        bsp_uart_fifo.o
    0x08002eda   0x0000002e   Code   RO          599    i.comSendBuf        bsp_uart_fifo.o
    0x08002f08   0x00000010   Code   RO          600    i.comSendChar       bsp_uart_fifo.o
    0x08002f18   0x00000012   Code   RO          602    i.fputc             bsp_uart_fifo.o
    0x08002f2a   0x00000002   PAD
    0x08002f2c   0x00000030   Code   RO         1001    i.i2c_Ack           bsp_i2c_gpio.o
    0x08002f5c   0x0000000e   Code   RO         1003    i.i2c_Delay         bsp_i2c_gpio.o
    0x08002f6a   0x00000002   PAD
    0x08002f6c   0x00000028   Code   RO         1004    i.i2c_NAck          bsp_i2c_gpio.o
    0x08002f94   0x00000044   Code   RO         1005    i.i2c_ReadByte      bsp_i2c_gpio.o
    0x08002fd8   0x00000054   Code   RO         1006    i.i2c_SendByte      bsp_i2c_gpio.o
    0x0800302c   0x00000030   Code   RO         1007    i.i2c_Start         bsp_i2c_gpio.o
    0x0800305c   0x00000020   Code   RO         1008    i.i2c_Stop          bsp_i2c_gpio.o
    0x0800307c   0x0000003c   Code   RO         1009    i.i2c_WaitAck       bsp_i2c_gpio.o
    0x080030b8   0x000006f4   Code   RO            4    i.main              main.o
    0x080037ac   0x00000114   Code   RO          842    i.sf_AutoWritePage  bsp_spi_flash.o
    0x080038c0   0x00000084   Code   RO          843    i.sf_CmpData        bsp_spi_flash.o
    0x08003944   0x00000040   Code   RO          845    i.sf_EraseSector    bsp_spi_flash.o
    0x08003984   0x00000028   Code   RO          846    i.sf_NeedErase      bsp_spi_flash.o
    0x080039ac   0x0000015c   Code   RO          847    i.sf_PageWrite      bsp_spi_flash.o
    0x08003b08   0x00000064   Code   RO          848    i.sf_ReadBuffer     bsp_spi_flash.o
    0x08003b6c   0x00000048   Code   RO          849    i.sf_ReadID         bsp_spi_flash.o
    0x08003bb4   0x000000cc   Code   RO          850    i.sf_ReadInfo       bsp_spi_flash.o
    0x08003c80   0x00000038   Code   RO          851    i.sf_SendByte       bsp_spi_flash.o
    0x08003cb8   0x00000030   Code   RO          852    i.sf_WaitForWriteEnd  bsp_spi_flash.o
    0x08003ce8   0x00000174   Code   RO          853    i.sf_WriteBuffer    bsp_spi_flash.o
    0x08003e5c   0x00000020   Code   RO          854    i.sf_WriteEnable    bsp_spi_flash.o
    0x08003e7c   0x00000070   Code   RO          855    i.sf_WriteStatus    bsp_spi_flash.o
    0x08003eec   0x00000030   Data   RO          498    .constdata          bsp_timer.o
    0x08003f1c   0x00000020   Data   RO         3812    Region$$Table       anon$$obj.o


    Execution Region RW_IRAM1 (Base: 0x20000000, Size: 0x00007260, Max: 0x00020000, ABSOLUTE)

    Base Addr    Size         Type   Attr      Idx    E Section Name        Object

    0x20000000   0x0000000c   Data   RW          273    .data               ad7705_test.o
    0x2000000c   0x0000000d   Data   RW          499    .data               bsp_timer.o
    0x20000019   0x00000001   Data   RW          604    .data               bsp_uart_fifo.o
    0x2000001a   0x00000001   Data   RW         1091    .data               bsp_tm7705.o
    0x2000001b   0x00000001   PAD
    0x2000001c   0x00000010   Data   RW         1198    .data               bsp_rtc.o
    0x2000002c   0x00000010   Data   RW         1309    .data               stm32f4xx_rcc.o
    0x2000003c   0x00000014   Data   RW         3466    .data               system_stm32f4xx.o
    0x20000050   0x00000004   Data   RW         3786    .data               mc_w.l(stdout.o)
    0x20000054   0x000000ad   Zero   RW          316    .bss                bsp_key.o
    0x20000101   0x00000003   PAD
    0x20000104   0x00000030   Zero   RW          497    .bss                bsp_timer.o
    0x20000134   0x000020a0   Zero   RW          603    .bss                bsp_uart_fifo.o
    0x200021d4   0x0000101c   Zero   RW          856    .bss                bsp_spi_flash.o
    0x200031f0   0x00000020   Zero   RW          954    .bss                bsp_bmp085.o
    0x20003210   0x00000050   Zero   RW         1197    .bss                bsp_rtc.o
    0x20003260   0x00004000   Zero   RW         1248    STACK               startup_stm32f40_41xxx.o


==============================================================================

Image component sizes


      Code (inc. data)   RO Data    RW Data    ZI Data      Debug   Object Name

       120         16          0         12          0        776   ad7705_test.o
        44          0          0          0          0       1899   bsp.o
       736         18          0          0         32       4828   bsp_bmp085.o
       450         38          0          0          0       4990   bsp_i2c_gpio.o
       878        128          0          0        173      12977   bsp_key.o
       632        166          0         16         80       3207   bsp_rtc.o
      2128        164          0          0       4124      12028   bsp_spi_flash.o
       562        132         48         13         48      33760   bsp_timer.o
       974        104          0          1          0       8236   bsp_tm7705.o
      1804        154          0          1       8352      12396   bsp_uart_fifo.o
        56          0          0          0          0       1266   demo_spi_flash.o
      2216        488          0          0          0     289823   main.o
        26          0          0          0          0        476   mems_test.o
       140         22          0          0          0       1711   misc.o
        36          8        392          0      16384        908   startup_stm32f40_41xxx.o
       160         12          0          0          0       1677   stm32f4xx_exti.o
       240          0          0          0          0       3823   stm32f4xx_gpio.o
       104         48          0          0          0       3976   stm32f4xx_it.o
        12          6          0          0          0        578   stm32f4xx_pwr.o
       508         60          0         16          0       7406   stm32f4xx_rcc.o
      1450         86          0          0          0      12015   stm32f4xx_rtc.o
       112          0          0          0          0       3790   stm32f4xx_spi.o
       430          8          0          0          0       5769   stm32f4xx_usart.o
       340         34          0         20          0       1901   system_stm32f4xx.o

    ----------------------------------------------------------------------
     14188       1692        472         80      29196     430216   Object Totals
         0          0         32          0          0          0   (incl. Generated)
        30          0          0          1          3          0   (incl. Padding)

    ----------------------------------------------------------------------

      Code (inc. data)   RO Data    RW Data    ZI Data      Debug   Library Member Name

         0          0          0          0          0          0   entry.o
         0          0          0          0          0          0   entry10a.o
         0          0          0          0          0          0   entry11a.o
         8          4          0          0          0          0   entry2.o
         4          0          0          0          0          0   entry5.o
         0          0          0          0          0          0   entry7b.o
         0          0          0          0          0          0   entry8b.o
         8          4          0          0          0          0   entry9a.o
        30          0          0          0          0          0   handlers.o
        36          8          0          0          0         68   init.o
        30          0          0          0          0         68   llshl.o
        32          0          0          0          0         68   llushr.o
        26          0          0          0          0         80   memcmp.o
        36          0          0          0          0         68   memcpya.o
      1200         60          0          0          0        504   printf8.o
         0          0          0          4          0          0   stdout.o
        18          0          0          0          0         68   strcpy.o
        98          0          0          0          0         92   uldiv.o

    ----------------------------------------------------------------------
      1528         76          0          4          0       1016   Library Totals
         2          0          0          0          0          0   (incl. Padding)

    ----------------------------------------------------------------------

      Code (inc. data)   RO Data    RW Data    ZI Data      Debug   Library Name

      1526         76          0          4          0       1016   mc_w.l

    ----------------------------------------------------------------------
      1528         76          0          4          0       1016   Library Totals

    ----------------------------------------------------------------------

==============================================================================


      Code (inc. data)   RO Data    RW Data    ZI Data      Debug   

     15716       1768        472         84      29196     415812   Grand Totals
     15716       1768        472         84      29196     415812   ELF Image Totals
     15716       1768        472         84          0          0   ROM Totals

==============================================================================

    Total RO  Size (Code + RO Data)                16188 (  15.81kB)
    Total RW  Size (RW Data + ZI Data)             29280 (  28.59kB)
    Total ROM Size (Code + RO Data + RW Data)      16272 (  15.89kB)

==============================================================================

