ARM Linker, 5.03 [Build 76] [MDK-ARM Standard]

==============================================================================

Section Cross References

    main.o(i.PrintfLogo) refers to printf8.o(i.__0printf$8) for __2printf
    main.o(i.main) refers to bsp.o(i.bsp_Init) for bsp_Init
    main.o(i.main) refers to main.o(i.PrintfLogo) for PrintfLogo
    main.o(i.main) refers to bsp.o(i.bsp_Idle) for bsp_Idle
    main.o(i.main) refers to ad7705_test.o(i.GetAD7705) for GetAD7705
    main.o(i.main) refers to mems_test.o(i.GetBMP085) for GetBMP085
    main.o(i.main) refers to demo_spi_flash.o(i.F2CA) for F2CA
    main.o(i.main) refers to bsp_uart_fifo.o(i.comGetChar) for comGetChar
    main.o(i.main) refers to bsp_spi_flash.o(i.sf_ReadBuffer) for sf_ReadBuffer
    main.o(i.main) refers to printf8.o(i.__0printf$8) for __2printf
    main.o(i.main) refers to bsp_spi_flash.o(i.bsp_InitSFlash) for bsp_InitSFlash
    main.o(i.main) refers to bsp_spi_flash.o(i.sf_WriteBuffer) for sf_WriteBuffer
    main.o(i.main) refers to ad7705_test.o(.data) for volt1
    main.o(i.main) refers to bsp_bmp085.o(.bss) for g_tBMP085
    main.o(i.main) refers to bsp_spi_flash.o(.bss) for g_tSF
    demo_spi_flash.o(i.DemoSpiFlash) refers to bsp_spi_flash.o(i.bsp_InitSFlash) for bsp_InitSFlash
    demo_spi_flash.o(i.DemoSpiFlash) refers to printf8.o(i.__0printf$8) for __2printf
    demo_spi_flash.o(i.DemoSpiFlash) refers to demo_spi_flash.o(i.sfDispMenu) for sfDispMenu
    demo_spi_flash.o(i.DemoSpiFlash) refers to bsp.o(i.bsp_Idle) for bsp_Idle
    demo_spi_flash.o(i.DemoSpiFlash) refers to bsp_uart_fifo.o(i.comGetChar) for comGetChar
    demo_spi_flash.o(i.DemoSpiFlash) refers to demo_spi_flash.o(i.sfReadTest) for sfReadTest
    demo_spi_flash.o(i.DemoSpiFlash) refers to demo_spi_flash.o(i.sfWriteTest) for sfWriteTest
    demo_spi_flash.o(i.DemoSpiFlash) refers to demo_spi_flash.o(i.sfErase) for sfErase
    demo_spi_flash.o(i.DemoSpiFlash) refers to demo_spi_flash.o(i.sfWriteAll) for sfWriteAll
    demo_spi_flash.o(i.DemoSpiFlash) refers to demo_spi_flash.o(i.sfTestReadSpeed) for sfTestReadSpeed
    demo_spi_flash.o(i.DemoSpiFlash) refers to demo_spi_flash.o(i.sfViewData) for sfViewData
    demo_spi_flash.o(i.DemoSpiFlash) refers to bsp_key.o(i.bsp_GetKey) for bsp_GetKey
    demo_spi_flash.o(i.DemoSpiFlash) refers to bsp_spi_flash.o(.bss) for g_tSF
    demo_spi_flash.o(i.sfDispMenu) refers to printf8.o(i.__0printf$8) for __2printf
    demo_spi_flash.o(i.sfErase) refers to bsp_timer.o(i.bsp_GetRunTime) for bsp_GetRunTime
    demo_spi_flash.o(i.sfErase) refers to bsp_spi_flash.o(i.sf_EraseChip) for sf_EraseChip
    demo_spi_flash.o(i.sfErase) refers to printf8.o(i.__0printf$8) for __2printf
    demo_spi_flash.o(i.sfReadTest) refers to bsp_timer.o(i.bsp_GetRunTime) for bsp_GetRunTime
    demo_spi_flash.o(i.sfReadTest) refers to bsp_spi_flash.o(i.sf_ReadBuffer) for sf_ReadBuffer
    demo_spi_flash.o(i.sfReadTest) refers to printf8.o(i.__0printf$8) for __2printf
    demo_spi_flash.o(i.sfTestReadSpeed) refers to bsp_timer.o(i.bsp_GetRunTime) for bsp_GetRunTime
    demo_spi_flash.o(i.sfTestReadSpeed) refers to bsp_spi_flash.o(i.sf_ReadBuffer) for sf_ReadBuffer
    demo_spi_flash.o(i.sfTestReadSpeed) refers to printf8.o(i.__0printf$8) for __2printf
    demo_spi_flash.o(i.sfTestReadSpeed) refers to bsp_spi_flash.o(.bss) for g_tSF
    demo_spi_flash.o(i.sfViewData) refers to bsp_spi_flash.o(i.sf_ReadBuffer) for sf_ReadBuffer
    demo_spi_flash.o(i.sfViewData) refers to printf8.o(i.__0printf$8) for __2printf
    demo_spi_flash.o(i.sfWriteAll) refers to bsp_timer.o(i.bsp_GetRunTime) for bsp_GetRunTime
    demo_spi_flash.o(i.sfWriteAll) refers to bsp_spi_flash.o(i.sf_WriteBuffer) for sf_WriteBuffer
    demo_spi_flash.o(i.sfWriteAll) refers to printf8.o(i.__0printf$8) for __2printf
    demo_spi_flash.o(i.sfWriteAll) refers to bsp_spi_flash.o(.bss) for g_tSF
    demo_spi_flash.o(i.sfWriteTest) refers to bsp_timer.o(i.bsp_GetRunTime) for bsp_GetRunTime
    demo_spi_flash.o(i.sfWriteTest) refers to bsp_spi_flash.o(i.sf_WriteBuffer) for sf_WriteBuffer
    demo_spi_flash.o(i.sfWriteTest) refers to printf8.o(i.__0printf$8) for __2printf
    mems_test.o(i.GetBMP085) refers to bsp_bmp085.o(i.bsp_InitBMP085) for bsp_InitBMP085
    mems_test.o(i.GetBMP085) refers to bsp_bmp085.o(i.BMP085_ReadTempPress) for BMP085_ReadTempPress
    mems_test.o(i.GetBMP085) refers to bsp_timer.o(i.bsp_StartAutoTimer) for bsp_StartAutoTimer
    ad7705_test.o(i.GetAD7705) refers to bsp_tm7705.o(i.bsp_InitTM7705) for bsp_InitTM7705
    ad7705_test.o(i.GetAD7705) refers to bsp_tm7705.o(i.TM7705_CalibSelf) for TM7705_CalibSelf
    ad7705_test.o(i.GetAD7705) refers to bsp_tm7705.o(i.TM7705_ReadAdc) for TM7705_ReadAdc
    ad7705_test.o(i.GetAD7705) refers to ad7705_test.o(.data) for adc1
    bsp_key.o(i.IsKeyDown10) refers to bsp_key.o(i.IsKeyDown1) for IsKeyDown1
    bsp_key.o(i.IsKeyDown10) refers to bsp_key.o(i.IsKeyDown2) for IsKeyDown2
[...]
    dfixul.o(.text) refers to llshl.o(.text) for __aeabi_llsl
    init.o(.text) refers to entry5.o(.ARM.Collect$$$$00000004) for __main_after_scatterload
    depilogue.o(.text) refers to llshl.o(.text) for __aeabi_llsl
    depilogue.o(.text) refers to llushr.o(.text) for __aeabi_llsr


==============================================================================

Removing Unused input sections from the image.

    Removing main.o(.rev16_text), (4 bytes).
    Removing main.o(.revsh_text), (4 bytes).
    Removing demo_spi_flash.o(.rev16_text), (4 bytes).
    Removing demo_spi_flash.o(.revsh_text), (4 bytes).
    Removing demo_spi_flash.o(i.CA2F), (30 bytes).
    Removing demo_spi_flash.o(i.DemoSpiFlash), (684 bytes).
    Removing demo_spi_flash.o(i.sfDispMenu), (496 bytes).
    Removing demo_spi_flash.o(i.sfErase), (64 bytes).
    Removing demo_spi_flash.o(i.sfReadTest), (228 bytes).
    Removing demo_spi_flash.o(i.sfTestReadSpeed), (156 bytes).
    Removing demo_spi_flash.o(i.sfViewData), (136 bytes).
    Removing demo_spi_flash.o(i.sfWriteAll), (244 bytes).
    Removing demo_spi_flash.o(i.sfWriteTest), (188 bytes).
    Removing mems_test.o(.rev16_text), (4 bytes).
    Removing mems_test.o(.revsh_text), (4 bytes).
    Removing ad7705_test.o(.rev16_text), (4 bytes).
    Removing ad7705_test.o(.revsh_text), (4 bytes).
    Removing bsp_key.o(.rev16_text), (4 bytes).
    Removing bsp_key.o(.revsh_text), (4 bytes).
    Removing bsp_key.o(i.bsp_ClearKey), (16 bytes).
    Removing bsp_key.o(i.bsp_GetKey), (52 bytes).
    Removing bsp_key.o(i.bsp_GetKey2), (52 bytes).
    Removing bsp_key.o(i.bsp_GetKeyState), (16 bytes).
    Removing bsp_key.o(i.bsp_SetKeyParam), (36 bytes).
    Removing bsp_led.o(.rev16_text), (4 bytes).
    Removing bsp_led.o(.revsh_text), (4 bytes).
    Removing bsp_led.o(i.bsp_InitLed), (124 bytes).
    Removing bsp_led.o(i.bsp_IsLedOn), (108 bytes).
    Removing bsp_led.o(i.bsp_LedOff), (64 bytes).
    Removing bsp_led.o(i.bsp_LedOn), (64 bytes).
    Removing bsp_led.o(i.bsp_LedToggle), (84 bytes).
    Removing bsp_timer.o(.rev16_text), (4 bytes).
    Removing bsp_timer.o(.revsh_text), (4 bytes).
    Removing bsp_timer.o(i.bsp_CheckTimer), (52 bytes).
    Removing bsp_timer.o(i.bsp_DelayUS), (84 bytes).
    Removing bsp_timer.o(i.bsp_GetRunTime), (28 bytes).
    Removing bsp_timer.o(i.bsp_StartTimer), (164 bytes).
    Removing bsp_timer.o(i.bsp_StopTimer), (152 bytes).
    Removing bsp_uart_fifo.o(.rev16_text), (4 bytes).
    Removing bsp_uart_fifo.o(.revsh_text), (4 bytes).
    Removing bsp_uart_fifo.o(i.comClearRxFifo), (28 bytes).
    Removing bsp_uart_fifo.o(i.comClearTxFifo), (28 bytes).
    Removing bsp_uart_fifo.o(i.fgetc), (24 bytes).
    Removing stm32f4xx_it.o(.rev16_text), (4 bytes).
    Removing stm32f4xx_it.o(.revsh_text), (4 bytes).
    Removing stm32f4xx_assert.o(.rev16_text), (4 bytes).
    Removing stm32f4xx_assert.o(.revsh_text), (4 bytes).
    Removing bsp.o(.rev16_text), (4 bytes).
    Removing bsp.o(.revsh_text), (4 bytes).
    Removing bsp_spi_flash.o(.rev16_text), (4 bytes).
    Removing bsp_spi_flash.o(.revsh_text), (4 bytes).
    Removing bsp_spi_flash.o(i.sf_EraseChip), (40 bytes).
    Removing bsp_bmp085.o(.rev16_text), (4 bytes).
    Removing bsp_bmp085.o(.revsh_text), (4 bytes).
    Removing bsp_i2c_gpio.o(.rev16_text), (4 bytes).
    Removing bsp_i2c_gpio.o(.revsh_text), (4 bytes).
    Removing bsp_i2c_gpio.o(i.i2c_CheckDevice), (56 bytes).
    Removing bsp_tm7705.o(.rev16_text), (4 bytes).
    Removing bsp_tm7705.o(.revsh_text), (4 bytes).
    Removing bsp_tm7705.o(i.TM7705_SytemCalibFull), (48 bytes).
    Removing bsp_tm7705.o(i.TM7705_SytemCalibZero), (48 bytes).
    Removing bsp_tm7705.o(i.TM7705_Write3Byte), (48 bytes).
    Removing bsp_tm7705.o(i.TM7705_WriteReg), (94 bytes).
    Removing startup_stm32f40_41xxx.o(HEAP), (512 bytes).
    Removing stm32f4xx_rcc.o(.rev16_text), (4 bytes).
    Removing stm32f4xx_rcc.o(.revsh_text), (4 bytes).
    Removing stm32f4xx_rcc.o(i.RCC_AHB1PeriphClockLPModeCmd), (32 bytes).
    Removing stm32f4xx_rcc.o(i.RCC_AHB1PeriphResetCmd), (32 bytes).
    Removing stm32f4xx_rcc.o(i.RCC_AHB2PeriphClockCmd), (32 bytes).
    Removing stm32f4xx_rcc.o(i.RCC_AHB2PeriphClockLPModeCmd), (32 bytes).
    Removing stm32f4xx_rcc.o(i.RCC_AHB2PeriphResetCmd), (32 bytes).
    Removing stm32f4xx_rcc.o(i.RCC_AHB3PeriphClockCmd), (32 bytes).
    Removing stm32f4xx_rcc.o(i.RCC_AHB3PeriphClockLPModeCmd), (32 bytes).
    Removing stm32f4xx_rcc.o(i.RCC_AHB3PeriphResetCmd), (32 bytes).
    Removing stm32f4xx_rcc.o(i.RCC_APB1PeriphClockLPModeCmd), (32 bytes).
    Removing stm32f4xx_rcc.o(i.RCC_APB1PeriphResetCmd), (32 bytes).
    Removing stm32f4xx_rcc.o(i.RCC_APB2PeriphClockLPModeCmd), (32 bytes).
    Removing stm32f4xx_rcc.o(i.RCC_APB2PeriphResetCmd), (32 bytes).
    Removing stm32f4xx_rcc.o(i.RCC_AdjustHSICalibrationValue), (24 bytes).
    Removing stm32f4xx_rcc.o(i.RCC_BackupResetCmd), (12 bytes).
    Removing stm32f4xx_rcc.o(i.RCC_ClearFlag), (20 bytes).
    Removing stm32f4xx_rcc.o(i.RCC_ClearITPendingBit), (12 bytes).
    Removing stm32f4xx_rcc.o(i.RCC_ClockSecuritySystemCmd), (12 bytes).
    Removing stm32f4xx_rcc.o(i.RCC_DeInit), (100 bytes).
    Removing stm32f4xx_rcc.o(i.RCC_GetFlagStatus), (64 bytes).
    Removing stm32f4xx_rcc.o(i.RCC_GetITStatus), (24 bytes).
    Removing stm32f4xx_rcc.o(i.RCC_GetSYSCLKSource), (16 bytes).
    Removing stm32f4xx_rcc.o(i.RCC_HCLKConfig), (24 bytes).
    Removing stm32f4xx_rcc.o(i.RCC_HSEConfig), (16 bytes).
    Removing stm32f4xx_rcc.o(i.RCC_HSICmd), (12 bytes).
    Removing stm32f4xx_rcc.o(i.RCC_I2SCLKConfig), (12 bytes).
    Removing stm32f4xx_rcc.o(i.RCC_ITConfig), (32 bytes).
    Removing stm32f4xx_rcc.o(i.RCC_LSEConfig), (44 bytes).
    Removing stm32f4xx_rcc.o(i.RCC_LSICmd), (12 bytes).
    Removing stm32f4xx_rcc.o(i.RCC_LTDCCLKDivConfig), (24 bytes).
    Removing stm32f4xx_rcc.o(i.RCC_MCO1Config), (28 bytes).
    Removing stm32f4xx_rcc.o(i.RCC_MCO2Config), (28 bytes).
    Removing stm32f4xx_rcc.o(i.RCC_PCLK1Config), (24 bytes).
    Removing stm32f4xx_rcc.o(i.RCC_PCLK2Config), (24 bytes).
    Removing stm32f4xx_rcc.o(i.RCC_PLLCmd), (12 bytes).
    Removing stm32f4xx_rcc.o(i.RCC_PLLConfig), (36 bytes).
    Removing stm32f4xx_rcc.o(i.RCC_PLLI2SCmd), (12 bytes).
    Removing stm32f4xx_rcc.o(i.RCC_PLLI2SConfig), (16 bytes).
    Removing stm32f4xx_rcc.o(i.RCC_PLLSAICmd), (12 bytes).
    Removing stm32f4xx_rcc.o(i.RCC_PLLSAIConfig), (24 bytes).
    Removing stm32f4xx_rcc.o(i.RCC_RTCCLKCmd), (12 bytes).
    Removing stm32f4xx_rcc.o(i.RCC_RTCCLKConfig), (60 bytes).
    Removing stm32f4xx_rcc.o(i.RCC_SAIBlockACLKConfig), (24 bytes).
    Removing stm32f4xx_rcc.o(i.RCC_SAIBlockBCLKConfig), (24 bytes).
    Removing stm32f4xx_rcc.o(i.RCC_SAIPLLI2SClkDivConfig), (28 bytes).
    Removing stm32f4xx_rcc.o(i.RCC_SAIPLLSAIClkDivConfig), (28 bytes).
    Removing stm32f4xx_rcc.o(i.RCC_SYSCLKConfig), (24 bytes).
    Removing stm32f4xx_rcc.o(i.RCC_TIMCLKPresConfig), (12 bytes).
    Removing stm32f4xx_rcc.o(i.RCC_WaitForHSEStartUp), (56 bytes).
    Removing stm32f4xx_syscfg.o(.rev16_text), (4 bytes).
    Removing stm32f4xx_syscfg.o(.revsh_text), (4 bytes).
    Removing stm32f4xx_syscfg.o(i.SYSCFG_CompensationCellCmd), (12 bytes).
    Removing stm32f4xx_syscfg.o(i.SYSCFG_DeInit), (22 bytes).
    Removing stm32f4xx_syscfg.o(i.SYSCFG_ETH_MediaInterfaceConfig), (12 bytes).
    Removing stm32f4xx_syscfg.o(i.SYSCFG_EXTILineConfig), (64 bytes).
    Removing stm32f4xx_syscfg.o(i.SYSCFG_GetCompensationCellStatus), (24 bytes).
    Removing stm32f4xx_syscfg.o(i.SYSCFG_MemoryRemapConfig), (12 bytes).
    Removing stm32f4xx_syscfg.o(i.SYSCFG_MemorySwappingBank), (12 bytes).
    Removing misc.o(.rev16_text), (4 bytes).
    Removing misc.o(.revsh_text), (4 bytes).
    Removing misc.o(i.NVIC_SetVectorTable), (20 bytes).
    Removing misc.o(i.NVIC_SystemLPConfig), (32 bytes).
    Removing misc.o(i.SysTick_CLKSourceConfig), (40 bytes).
    Removing stm32f4xx_gpio.o(.rev16_text), (4 bytes).
    Removing stm32f4xx_gpio.o(.revsh_text), (4 bytes).
    Removing stm32f4xx_gpio.o(i.GPIO_DeInit), (312 bytes).
    Removing stm32f4xx_gpio.o(i.GPIO_PinLockConfig), (34 bytes).
    Removing stm32f4xx_gpio.o(i.GPIO_ReadInputData), (8 bytes).
    Removing stm32f4xx_gpio.o(i.GPIO_ReadOutputData), (8 bytes).
    Removing stm32f4xx_gpio.o(i.GPIO_ReadOutputDataBit), (18 bytes).
    Removing stm32f4xx_gpio.o(i.GPIO_StructInit), (18 bytes).
    Removing stm32f4xx_gpio.o(i.GPIO_ToggleBits), (8 bytes).
    Removing stm32f4xx_gpio.o(i.GPIO_Write), (4 bytes).
    Removing stm32f4xx_gpio.o(i.GPIO_WriteBit), (10 bytes).
    Removing stm32f4xx_usart.o(.rev16_text), (4 bytes).
    Removing stm32f4xx_usart.o(.revsh_text), (4 bytes).
    Removing stm32f4xx_usart.o(i.USART_ClearITPendingBit), (30 bytes).
    Removing stm32f4xx_usart.o(i.USART_ClockInit), (32 bytes).
    Removing stm32f4xx_usart.o(i.USART_ClockStructInit), (12 bytes).
    Removing stm32f4xx_usart.o(i.USART_DMACmd), (18 bytes).
    Removing stm32f4xx_usart.o(i.USART_DeInit), (240 bytes).
    Removing stm32f4xx_usart.o(i.USART_GetFlagStatus), (26 bytes).
    Removing stm32f4xx_usart.o(i.USART_HalfDuplexCmd), (24 bytes).
    Removing stm32f4xx_usart.o(i.USART_IrDACmd), (24 bytes).
    Removing stm32f4xx_usart.o(i.USART_IrDAConfig), (18 bytes).
    Removing stm32f4xx_usart.o(i.USART_LINBreakDetectLengthConfig), (18 bytes).
    Removing stm32f4xx_usart.o(i.USART_LINCmd), (24 bytes).
    Removing stm32f4xx_usart.o(i.USART_OneBitMethodCmd), (24 bytes).
    Removing stm32f4xx_usart.o(i.USART_OverSampling8Cmd), (22 bytes).
    Removing stm32f4xx_usart.o(i.USART_ReceiverWakeUpCmd), (24 bytes).
    Removing stm32f4xx_usart.o(i.USART_SendBreak), (10 bytes).
    Removing stm32f4xx_usart.o(i.USART_SetAddress), (18 bytes).
    Removing stm32f4xx_usart.o(i.USART_SetGuardTime), (16 bytes).
    Removing stm32f4xx_usart.o(i.USART_SetPrescaler), (16 bytes).
    Removing stm32f4xx_usart.o(i.USART_SmartCardCmd), (24 bytes).
    Removing stm32f4xx_usart.o(i.USART_SmartCardNACKCmd), (24 bytes).
    Removing stm32f4xx_usart.o(i.USART_StructInit), (24 bytes).
    Removing stm32f4xx_usart.o(i.USART_WakeUpConfig), (18 bytes).
    Removing stm32f4xx_spi.o(.rev16_text), (4 bytes).
    Removing stm32f4xx_spi.o(.revsh_text), (4 bytes).
    Removing stm32f4xx_spi.o(i.I2S_Cmd), (24 bytes).
    Removing stm32f4xx_spi.o(i.I2S_FullDuplexConfig), (80 bytes).
    Removing stm32f4xx_spi.o(i.I2S_Init), (356 bytes).
    Removing stm32f4xx_spi.o(i.I2S_StructInit), (20 bytes).
    Removing stm32f4xx_spi.o(i.SPI_BiDirectionalLineConfig), (28 bytes).
    Removing stm32f4xx_spi.o(i.SPI_CalculateCRC), (24 bytes).
    Removing stm32f4xx_spi.o(i.SPI_DataSizeConfig), (18 bytes).
    Removing stm32f4xx_spi.o(i.SPI_GetCRC), (16 bytes).
    Removing stm32f4xx_spi.o(i.SPI_GetCRCPolynomial), (6 bytes).
    Removing stm32f4xx_spi.o(i.SPI_I2S_ClearFlag), (6 bytes).
    Removing stm32f4xx_spi.o(i.SPI_I2S_ClearITPendingBit), (20 bytes).
    Removing stm32f4xx_spi.o(i.SPI_I2S_DMACmd), (18 bytes).
    Removing stm32f4xx_spi.o(i.SPI_I2S_DeInit), (176 bytes).
    Removing stm32f4xx_spi.o(i.SPI_I2S_GetITStatus), (52 bytes).
    Removing stm32f4xx_spi.o(i.SPI_I2S_ITConfig), (32 bytes).
    Removing stm32f4xx_spi.o(i.SPI_NSSInternalSoftwareConfig), (30 bytes).
    Removing stm32f4xx_spi.o(i.SPI_SSOutputCmd), (24 bytes).
    Removing stm32f4xx_spi.o(i.SPI_StructInit), (24 bytes).
    Removing stm32f4xx_spi.o(i.SPI_TIModeCmd), (24 bytes).
    Removing stm32f4xx_spi.o(i.SPI_TransmitCRC), (10 bytes).
    Removing system_stm32f4xx.o(.rev16_text), (4 bytes).
    Removing system_stm32f4xx.o(.revsh_text), (4 bytes).
    Removing system_stm32f4xx.o(i.SystemCoreClockUpdate), (192 bytes).
    Removing dadd.o(.text), (334 bytes).
    Removing dmul.o(.text), (228 bytes).
    Removing ddiv.o(.text), (222 bytes).
    Removing dfixul.o(.text), (48 bytes).
    Removing cdrcmple.o(.text), (40 bytes).
    Removing depilogue.o(.text), (190 bytes).

194 unused section(s) (total 9350 bytes) removed from the image.

==============================================================================

Image Symbol Table

    Local Symbols

    Symbol Name                              Value     Ov Type        Size  Object(Section)

    ../clib/microlib/division.c              0x00000000   Number         0  uldiv.o ABSOLUTE
    ../clib/microlib/division.c              0x00000000   Number         0  uidiv.o ABSOLUTE
    ../clib/microlib/init/entry.s            0x00000000   Number         0  entry7b.o ABSOLUTE
    ../clib/microlib/init/entry.s            0x00000000   Number         0  entry5.o ABSOLUTE
    ../clib/microlib/init/entry.s            0x00000000   Number         0  entry.o ABSOLUTE
    ../clib/microlib/init/entry.s            0x00000000   Number         0  entry2.o ABSOLUTE
    ../clib/microlib/init/entry.s            0x00000000   Number         0  entry8a.o ABSOLUTE
    ../clib/microlib/init/entry.s            0x00000000   Number         0  entry8b.o ABSOLUTE
    ../clib/microlib/init/entry.s            0x00000000   Number         0  entry9a.o ABSOLUTE
    ../clib/microlib/init/entry.s            0x00000000   Number         0  entry9b.o ABSOLUTE
    ../clib/microlib/init/entry.s            0x00000000   Number         0  entry10a.o ABSOLUTE
    ../clib/microlib/init/entry.s            0x00000000   Number         0  entry10b.o ABSOLUTE
    ../clib/microlib/init/entry.s            0x00000000   Number         0  entry11a.o ABSOLUTE
    ../clib/microlib/init/entry.s            0x00000000   Number         0  entry11b.o ABSOLUTE
    ../clib/microlib/init/entry.s            0x00000000   Number         0  entry7a.o ABSOLUTE
    ../clib/microlib/longlong.c              0x00000000   Number         0  llshl.o ABSOLUTE
    ../clib/microlib/longlong.c              0x00000000   Number         0  llushr.o ABSOLUTE
    ../clib/microlib/longlong.c              0x00000000   Number         0  llsshr.o ABSOLUTE
    ../clib/microlib/printf/printf.c         0x00000000   Number         0  printf8.o ABSOLUTE
    ../clib/microlib/printf/printf.c         0x00000000   Number         0  printf4.o ABSOLUTE
    ../clib/microlib/printf/printf.c         0x00000000   Number         0  printfa.o ABSOLUTE
    ../clib/microlib/printf/printf.c         0x00000000   Number         0  printf0.o ABSOLUTE
    ../clib/microlib/printf/printf.c         0x00000000   Number         0  printfb.o ABSOLUTE
    ../clib/microlib/printf/printf.c         0x00000000   Number         0  printf5.o ABSOLUTE
    ../clib/microlib/printf/printf.c         0x00000000   Number         0  printf6.o ABSOLUTE
    ../clib/microlib/printf/printf.c         0x00000000   Number         0  printf1.o ABSOLUTE
    ../clib/microlib/printf/printf.c         0x00000000   Number         0  printf7.o ABSOLUTE
    ../clib/microlib/printf/printf.c         0x00000000   Number         0  printf2.o ABSOLUTE
    ../clib/microlib/printf/printf.c         0x00000000   Number         0  printf3.o ABSOLUTE
    ../clib/microlib/printf/stubs.s          0x00000000   Number         0  stubs.o ABSOLUTE
    ../clib/microlib/stdio/streams.c         0x00000000   Number         0  stdout.o ABSOLUTE
    ../clib/microlib/string/memcmp.c         0x00000000   Number         0  memcmp.o ABSOLUTE
    ../clib/microlib/string/memcpy.c         0x00000000   Number         0  memcpyb.o ABSOLUTE
    ../clib/microlib/string/memcpy.c         0x00000000   Number         0  memcpya.o ABSOLUTE
    ../clib/microlib/string/strcpy.c         0x00000000   Number         0  strcpy.o ABSOLUTE
    ../clib/microlib/stubs.s                 0x00000000   Number         0  iusefp.o ABSOLUTE
    ../fplib/microlib/fpadd.c                0x00000000   Number         0  dadd.o ABSOLUTE
    ../fplib/microlib/fpdiv.c                0x00000000   Number         0  ddiv.o ABSOLUTE
    ../fplib/microlib/fpepilogue.c           0x00000000   Number         0  depilogue.o ABSOLUTE
    ../fplib/microlib/fpfix.c                0x00000000   Number         0  dfixul.o ABSOLUTE
    ../fplib/microlib/fpmul.c                0x00000000   Number         0  dmul.o ABSOLUTE
    ..\..\Libraries\CMSIS\Device\ST\STM32F4xx\Source\Templates\arm\startup_stm32f40_41xxx.s 0x00000000   Number         0  startup_stm32f40_41xxx.o ABSOLUTE
    ..\..\Libraries\STM32F4xx_StdPeriph_Driver\src\misc.c 0x00000000   Number         0  misc.o ABSOLUTE
    ..\..\Libraries\STM32F4xx_StdPeriph_Driver\src\stm32f4xx_gpio.c 0x00000000   Number         0  stm32f4xx_gpio.o ABSOLUTE
    ..\..\Libraries\STM32F4xx_StdPeriph_Driver\src\stm32f4xx_rcc.c 0x00000000   Number         0  stm32f4xx_rcc.o ABSOLUTE
    ..\..\Libraries\STM32F4xx_StdPeriph_Driver\src\stm32f4xx_spi.c 0x00000000   Number         0  stm32f4xx_spi.o ABSOLUTE
    ..\..\Libraries\STM32F4xx_StdPeriph_Driver\src\stm32f4xx_syscfg.c 0x00000000   Number         0  stm32f4xx_syscfg.o ABSOLUTE
    ..\..\Libraries\STM32F4xx_StdPeriph_Driver\src\stm32f4xx_usart.c 0x00000000   Number         0  stm32f4xx_usart.o ABSOLUTE
    ..\..\User\ad7705_test.c                 0x00000000   Number         0  ad7705_test.o ABSOLUTE
    ..\..\User\bsp_stm32f4xx\bsp.c           0x00000000   Number         0  bsp.o ABSOLUTE
    ..\..\User\bsp_stm32f4xx\src\bsp_bmp085.c 0x00000000   Number         0  bsp_bmp085.o ABSOLUTE
    ..\..\User\bsp_stm32f4xx\src\bsp_i2c_gpio.c 0x00000000   Number         0  bsp_i2c_gpio.o ABSOLUTE
    ..\..\User\bsp_stm32f4xx\src\bsp_key.c   0x00000000   Number         0  bsp_key.o ABSOLUTE
    ..\..\User\bsp_stm32f4xx\src\bsp_led.c   0x00000000   Number         0  bsp_led.o ABSOLUTE
    ..\..\User\bsp_stm32f4xx\src\bsp_spi_flash.c 0x00000000   Number         0  bsp_spi_flash.o ABSOLUTE
    ..\..\User\bsp_stm32f4xx\src\bsp_timer.c 0x00000000   Number         0  bsp_timer.o ABSOLUTE
    ..\..\User\bsp_stm32f4xx\src\bsp_tm7705.c 0x00000000   Number         0  bsp_tm7705.o ABSOLUTE
    ..\..\User\bsp_stm32f4xx\src\bsp_uart_fifo.c 0x00000000   Number         0  bsp_uart_fifo.o ABSOLUTE
    ..\..\User\bsp_stm32f4xx\stm32f4xx_assert.c 0x00000000   Number         0  stm32f4xx_assert.o ABSOLUTE
    ..\..\User\bsp_stm32f4xx\stm32f4xx_it.c  0x00000000   Number         0  stm32f4xx_it.o ABSOLUTE
    ..\..\User\bsp_stm32f4xx\system_stm32f4xx.c 0x00000000   Number         0  system_stm32f4xx.o ABSOLUTE
    ..\..\User\demo_spi_flash.c              0x00000000   Number         0  demo_spi_flash.o ABSOLUTE
    ..\..\User\main.c                        0x00000000   Number         0  main.o ABSOLUTE
    ..\..\User\mems_test.c                   0x00000000   Number         0  mems_test.o ABSOLUTE
    ..\\..\\Libraries\\STM32F4xx_StdPeriph_Driver\\src\\misc.c 0x00000000   Number         0  misc.o ABSOLUTE
    ..\\..\\Libraries\\STM32F4xx_StdPeriph_Driver\\src\\stm32f4xx_gpio.c 0x00000000   Number         0  stm32f4xx_gpio.o ABSOLUTE
    ..\\..\\Libraries\\STM32F4xx_StdPeriph_Driver\\src\\stm32f4xx_rcc.c 0x00000000   Number         0  stm32f4xx_rcc.o ABSOLUTE
    ..\\..\\Libraries\\STM32F4xx_StdPeriph_Driver\\src\\stm32f4xx_spi.c 0x00000000   Number         0  stm32f4xx_spi.o ABSOLUTE
    ..\\..\\Libraries\\STM32F4xx_StdPeriph_Driver\\src\\stm32f4xx_syscfg.c 0x00000000   Number         0  stm32f4xx_syscfg.o ABSOLUTE
    ..\\..\\Libraries\\STM32F4xx_StdPeriph_Driver\\src\\stm32f4xx_usart.c 0x00000000   Number         0  stm32f4xx_usart.o ABSOLUTE
    ..\\..\\User\\ad7705_test.c              0x00000000   Number         0  ad7705_test.o ABSOLUTE
    ..\\..\\User\\bsp_stm32f4xx\\bsp.c       0x00000000   Number         0  bsp.o ABSOLUTE
    ..\\..\\User\\bsp_stm32f4xx\\src\\bsp_bmp085.c 0x00000000   Number         0  bsp_bmp085.o ABSOLUTE
    ..\\..\\User\\bsp_stm32f4xx\\src\\bsp_i2c_gpio.c 0x00000000   Number         0  bsp_i2c_gpio.o ABSOLUTE
    ..\\..\\User\\bsp_stm32f4xx\\src\\bsp_key.c 0x00000000   Number         0  bsp_key.o ABSOLUTE
    ..\\..\\User\\bsp_stm32f4xx\\src\\bsp_led.c 0x00000000   Number         0  bsp_led.o ABSOLUTE
    ..\\..\\User\\bsp_stm32f4xx\\src\\bsp_spi_flash.c 0x00000000   Number         0  bsp_spi_flash.o ABSOLUTE
    ..\\..\\User\\bsp_stm32f4xx\\src\\bsp_timer.c 0x00000000   Number         0  bsp_timer.o ABSOLUTE
    ..\\..\\User\\bsp_stm32f4xx\\src\\bsp_tm7705.c 0x00000000   Number         0  bsp_tm7705.o ABSOLUTE
    ..\\..\\User\\bsp_stm32f4xx\\src\\bsp_uart_fifo.c 0x00000000   Number         0  bsp_uart_fifo.o ABSOLUTE
    ..\\..\\User\\bsp_stm32f4xx\\stm32f4xx_assert.c 0x00000000   Number         0  stm32f4xx_assert.o ABSOLUTE
    ..\\..\\User\\bsp_stm32f4xx\\stm32f4xx_it.c 0x00000000   Number         0  stm32f4xx_it.o ABSOLUTE
    ..\\..\\User\\bsp_stm32f4xx\\system_stm32f4xx.c 0x00000000   Number         0  system_stm32f4xx.o ABSOLUTE
    ..\\..\\User\\demo_spi_flash.c           0x00000000   Number         0  demo_spi_flash.o ABSOLUTE
    ..\\..\\User\\main.c                     0x00000000   Number         0  main.o ABSOLUTE
    ..\\..\\User\\mems_test.c                0x00000000   Number         0  mems_test.o ABSOLUTE
    cdrcmple.s                               0x00000000   Number         0  cdrcmple.o ABSOLUTE
    dc.s                                     0x00000000   Number         0  dc.o ABSOLUTE
    handlers.s                               0x00000000   Number         0  handlers.o ABSOLUTE
    init.s                                   0x00000000   Number         0  init.o ABSOLUTE
    RESET                                    0x08000000   Section      392  startup_stm32f40_41xxx.o(RESET)
    .ARM.Collect$$$$00000000                 0x08000188   Section        0  entry.o(.ARM.Collect$$$$00000000)
    .ARM.Collect$$$$00000001                 0x08000188   Section        4  entry2.o(.ARM.Collect$$$$00000001)
    .ARM.Collect$$$$00000004                 0x0800018c   Section        4  entry5.o(.ARM.Collect$$$$00000004)
    .ARM.Collect$$$$00000008                 0x08000190   Section        0  entry7b.o(.ARM.Collect$$$$00000008)
    .ARM.Collect$$$$0000000A                 0x08000190   Section        0  entry8b.o(.ARM.Collect$$$$0000000A)
    .ARM.Collect$$$$0000000B                 0x08000190   Section        8  entry9a.o(.ARM.Collect$$$$0000000B)
    .ARM.Collect$$$$0000000D                 0x08000198   Section        0  entry10a.o(.ARM.Collect$$$$0000000D)
    .ARM.Collect$$$$0000000F                 0x08000198   Section        0  entry11a.o(.ARM.Collect$$$$0000000F)
    .ARM.Collect$$$$00002712                 0x08000198   Section        4  entry2.o(.ARM.Collect$$$$00002712)
    __lit__00000000                          0x08000198   Data           4  entry2.o(.ARM.Collect$$$$00002712)
    .text                                    0x0800019c   Section       36  startup_stm32f40_41xxx.o(.text)
    $v0                                      0x0800019c   Number         0  startup_stm32f40_41xxx.o(.text)
    .text                                    0x080001c0   Section        0  memcpya.o(.text)
    .text                                    0x080001e4   Section        0  memcmp.o(.text)
    .text                                    0x080001fe   Section        0  strcpy.o(.text)
    .text                                    0x08000210   Section        0  uldiv.o(.text)
    .text                                    0x08000274   Section       36  init.o(.text)
    .text                                    0x08000298   Section        0  llshl.o(.text)
    .text                                    0x080002b6   Section        0  llushr.o(.text)
    i.BMP085_Read2Bytes                      0x080002d6   Section        0  bsp_bmp085.o(i.BMP085_Read2Bytes)
    BMP085_Read2Bytes                        0x080002d7   Thumb Code    80  bsp_bmp085.o(i.BMP085_Read2Bytes)
    i.BMP085_Read3Bytes                      0x08000326   Section        0  bsp_bmp085.o(i.BMP085_Read3Bytes)
    BMP085_Read3Bytes                        0x08000327   Thumb Code    94  bsp_bmp085.o(i.BMP085_Read3Bytes)
    i.BMP085_ReadTempPress                   0x08000384   Section        0  bsp_bmp085.o(i.BMP085_ReadTempPress)
    i.BMP085_WaitConvert                     0x080004b8   Section        0  bsp_bmp085.o(i.BMP085_WaitConvert)
    BMP085_WaitConvert                       0x080004b9   Thumb Code    64  bsp_bmp085.o(i.BMP085_WaitConvert)
    i.BMP085_WriteReg                        0x080004fc   Section        0  bsp_bmp085.o(i.BMP085_WriteReg)
    BMP085_WriteReg                          0x080004fd   Thumb Code    46  bsp_bmp085.o(i.BMP085_WriteReg)
    i.BusFault_Handler                       0x0800052a   Section        0  stm32f4xx_it.o(i.BusFault_Handler)
    i.ComToUart                              0x08000530   Section        0  bsp_uart_fifo.o(i.ComToUart)
    i.ConfigUartNVIC                         0x08000574   Section        0  bsp_uart_fifo.o(i.ConfigUartNVIC)
    ConfigUartNVIC                           0x08000575   Thumb Code   106  bsp_uart_fifo.o(i.ConfigUartNVIC)
    i.DebugMon_Handler                       0x080005de   Section        0  stm32f4xx_it.o(i.DebugMon_Handler)
    i.F2CA                                   0x080005e0   Section        0  demo_spi_flash.o(i.F2CA)
    i.GPIO_Init                              0x080005fe   Section        0  stm32f4xx_gpio.o(i.GPIO_Init)
    i.GPIO_PinAFConfig                       0x0800068e   Section        0  stm32f4xx_gpio.o(i.GPIO_PinAFConfig)
    i.GPIO_ReadInputDataBit                  0x080006d4   Section        0  stm32f4xx_gpio.o(i.GPIO_ReadInputDataBit)
    i.GPIO_ResetBits                         0x080006e6   Section        0  stm32f4xx_gpio.o(i.GPIO_ResetBits)
    i.GPIO_SetBits                           0x080006ea   Section        0  stm32f4xx_gpio.o(i.GPIO_SetBits)
    i.GetAD7705                              0x080006f0   Section        0  ad7705_test.o(i.GetAD7705)
    i.GetBMP085                              0x08000768   Section        0  mems_test.o(i.GetBMP085)
    i.HardFault_Handler                      0x08000784   Section        0  stm32f4xx_it.o(i.HardFault_Handler)
    i.InitHardUart                           0x080007d8   Section        0  bsp_uart_fifo.o(i.InitHardUart)
    InitHardUart                             0x080007d9   Thumb Code   710  bsp_uart_fifo.o(i.InitHardUart)
    i.IsKeyDown1                             0x08000ac0   Section        0  bsp_key.o(i.IsKeyDown1)
    IsKeyDown1                               0x08000ac1   Thumb Code    18  bsp_key.o(i.IsKeyDown1)
    i.IsKeyDown10                            0x08000ad8   Section        0  bsp_key.o(i.IsKeyDown10)
    IsKeyDown10                              0x08000ad9   Thumb Code    22  bsp_key.o(i.IsKeyDown10)
    i.IsKeyDown2                             0x08000af0   Section        0  bsp_key.o(i.IsKeyDown2)
    IsKeyDown2                               0x08000af1   Thumb Code    18  bsp_key.o(i.IsKeyDown2)
    i.IsKeyDown3                             0x08000b08   Section        0  bsp_key.o(i.IsKeyDown3)
    IsKeyDown3                               0x08000b09   Thumb Code    18  bsp_key.o(i.IsKeyDown3)
    i.IsKeyDown4                             0x08000b20   Section        0  bsp_key.o(i.IsKeyDown4)
    IsKeyDown4                               0x08000b21   Thumb Code    18  bsp_key.o(i.IsKeyDown4)
    i.IsKeyDown5                             0x08000b38   Section        0  bsp_key.o(i.IsKeyDown5)
    IsKeyDown5                               0x08000b39   Thumb Code    18  bsp_key.o(i.IsKeyDown5)
    i.IsKeyDown6                             0x08000b50   Section        0  bsp_key.o(i.IsKeyDown6)
    IsKeyDown6                               0x08000b51   Thumb Code    18  bsp_key.o(i.IsKeyDown6)
    i.IsKeyDown7                             0x08000b68   Section        0  bsp_key.o(i.IsKeyDown7)
    IsKeyDown7                               0x08000b69   Thumb Code    18  bsp_key.o(i.IsKeyDown7)
    i.IsKeyDown8                             0x08000b80   Section        0  bsp_key.o(i.IsKeyDown8)
    IsKeyDown8                               0x08000b81   Thumb Code    18  bsp_key.o(i.IsKeyDown8)
    i.IsKeyDown9                             0x08000b98   Section        0  bsp_key.o(i.IsKeyDown9)
    IsKeyDown9                               0x08000b99   Thumb Code    22  bsp_key.o(i.IsKeyDown9)
    i.MemManage_Handler                      0x08000bae   Section        0  stm32f4xx_it.o(i.MemManage_Handler)
    i.NMI_Handler                            0x08000bb2   Section        0  stm32f4xx_it.o(i.NMI_Handler)
    i.NVIC_Init                              0x08000bb4   Section        0  misc.o(i.NVIC_Init)
    i.NVIC_PriorityGroupConfig               0x08000c2c   Section        0  misc.o(i.NVIC_PriorityGroupConfig)
    i.PendSV_Handler                         0x08000c40   Section        0  stm32f4xx_it.o(i.PendSV_Handler)
    i.PrintfLogo                             0x08000c44   Section        0  main.o(i.PrintfLogo)
    PrintfLogo                               0x08000c45   Thumb Code    64  main.o(i.PrintfLogo)
    i.RCC_AHB1PeriphClockCmd                 0x08000d60   Section        0  stm32f4xx_rcc.o(i.RCC_AHB1PeriphClockCmd)
    i.RCC_APB1PeriphClockCmd                 0x08000d80   Section        0  stm32f4xx_rcc.o(i.RCC_APB1PeriphClockCmd)
    i.RCC_APB2PeriphClockCmd                 0x08000da0   Section        0  stm32f4xx_rcc.o(i.RCC_APB2PeriphClockCmd)
    i.RCC_GetClocksFreq                      0x08000dc0   Section        0  stm32f4xx_rcc.o(i.RCC_GetClocksFreq)
    i.SPI_Cmd                                0x08000ea8   Section        0  stm32f4xx_spi.o(i.SPI_Cmd)
    i.SPI_I2S_GetFlagStatus                  0x08000ec0   Section        0  stm32f4xx_spi.o(i.SPI_I2S_GetFlagStatus)
    i.SPI_I2S_ReceiveData                    0x08000ed2   Section        0  stm32f4xx_spi.o(i.SPI_I2S_ReceiveData)
    i.SPI_I2S_SendData                       0x08000ed8   Section        0  stm32f4xx_spi.o(i.SPI_I2S_SendData)
    i.SPI_Init                               0x08000edc   Section        0  stm32f4xx_spi.o(i.SPI_Init)
    i.SVC_Handler                            0x08000f18   Section        0  stm32f4xx_it.o(i.SVC_Handler)
    i.SetSysClock                            0x08000f1c   Section        0  system_stm32f4xx.o(i.SetSysClock)
    SetSysClock                              0x08000f1d   Thumb Code   218  system_stm32f4xx.o(i.SetSysClock)
    i.SysTick_Handler                        0x08001008   Section        0  bsp_timer.o(i.SysTick_Handler)
    i.SysTick_ISR                            0x08001010   Section        0  bsp_timer.o(i.SysTick_ISR)
    i.SystemInit                             0x08001094   Section        0  system_stm32f4xx.o(i.SystemInit)
    i.TM7705_CalibSelf                       0x080010fc   Section        0  bsp_tm7705.o(i.TM7705_CalibSelf)
    i.TM7705_Delay                           0x0800112c   Section        0  bsp_tm7705.o(i.TM7705_Delay)
    TM7705_Delay                             0x0800112d   Thumb Code    14  bsp_tm7705.o(i.TM7705_Delay)
    i.TM7705_Read2Byte                       0x0800113c   Section        0  bsp_tm7705.o(i.TM7705_Read2Byte)
    TM7705_Read2Byte                         0x0800113d   Thumb Code    44  bsp_tm7705.o(i.TM7705_Read2Byte)
    i.TM7705_Read3Byte                       0x0800116c   Section        0  bsp_tm7705.o(i.TM7705_Read3Byte)
    TM7705_Read3Byte                         0x0800116d   Thumb Code    44  bsp_tm7705.o(i.TM7705_Read3Byte)
    i.TM7705_ReadAdc                         0x0800119c   Section        0  bsp_tm7705.o(i.TM7705_ReadAdc)
    i.TM7705_ReadByte                        0x080011d4   Section        0  bsp_tm7705.o(i.TM7705_ReadByte)
    TM7705_ReadByte                          0x080011d5   Thumb Code    28  bsp_tm7705.o(i.TM7705_ReadByte)
    i.TM7705_ReadReg                         0x080011f4   Section        0  bsp_tm7705.o(i.TM7705_ReadReg)
    i.TM7705_Recive8Bit                      0x08001264   Section        0  bsp_tm7705.o(i.TM7705_Recive8Bit)
    TM7705_Recive8Bit                        0x08001265   Thumb Code    64  bsp_tm7705.o(i.TM7705_Recive8Bit)
    i.TM7705_ResetHard                       0x080012a8   Section        0  bsp_tm7705.o(i.TM7705_ResetHard)
    TM7705_ResetHard                         0x080012a9   Thumb Code    46  bsp_tm7705.o(i.TM7705_ResetHard)
    i.TM7705_Send8Bit                        0x080012dc   Section        0  bsp_tm7705.o(i.TM7705_Send8Bit)
    TM7705_Send8Bit                          0x080012dd   Thumb Code    70  bsp_tm7705.o(i.TM7705_Send8Bit)
    i.TM7705_SyncSPI                         0x08001328   Section        0  bsp_tm7705.o(i.TM7705_SyncSPI)
    TM7705_SyncSPI                           0x08001329   Thumb Code    44  bsp_tm7705.o(i.TM7705_SyncSPI)
    i.TM7705_WaitDRDY                        0x08001358   Section        0  bsp_tm7705.o(i.TM7705_WaitDRDY)
    TM7705_WaitDRDY                          0x08001359   Thumb Code    52  bsp_tm7705.o(i.TM7705_WaitDRDY)
    i.TM7705_WriteByte                       0x080013bc   Section        0  bsp_tm7705.o(i.TM7705_WriteByte)
    TM7705_WriteByte                         0x080013bd   Thumb Code    28  bsp_tm7705.o(i.TM7705_WriteByte)
    i.USART1_IRQHandler                      0x080013dc   Section        0  bsp_uart_fifo.o(i.USART1_IRQHandler)
    i.USART2_IRQHandler                      0x080013ec   Section        0  bsp_uart_fifo.o(i.USART2_IRQHandler)
    i.USART3_IRQHandler                      0x080013fc   Section        0  bsp_uart_fifo.o(i.USART3_IRQHandler)
    i.USART3_SendBefor                       0x0800140c   Section        0  bsp_uart_fifo.o(i.USART3_SendBefor)
    i.USART3_SendOver                        0x08001418   Section        0  bsp_uart_fifo.o(i.USART3_SendOver)
    i.USART6_IRQHandler                      0x08001424   Section        0  bsp_uart_fifo.o(i.USART6_IRQHandler)
    i.USART_ClearFlag                        0x08001434   Section        0  stm32f4xx_usart.o(i.USART_ClearFlag)
    i.USART_Cmd                              0x08001446   Section        0  stm32f4xx_usart.o(i.USART_Cmd)
    i.USART_GetITStatus                      0x0800145e   Section        0  stm32f4xx_usart.o(i.USART_GetITStatus)
    i.USART_ITConfig                         0x080014b2   Section        0  stm32f4xx_usart.o(i.USART_ITConfig)
    i.USART_Init                             0x080014fc   Section        0  stm32f4xx_usart.o(i.USART_Init)
    i.USART_ReceiveData                      0x080015d0   Section        0  stm32f4xx_usart.o(i.USART_ReceiveData)
    i.USART_SendData                         0x080015da   Section        0  stm32f4xx_usart.o(i.USART_SendData)
    i.UartGetChar                            0x080015e2   Section        0  bsp_uart_fifo.o(i.UartGetChar)
    UartGetChar                              0x080015e3   Thumb Code    74  bsp_uart_fifo.o(i.UartGetChar)
    i.UartIRQ                                0x0800162c   Section        0  bsp_uart_fifo.o(i.UartIRQ)
    UartIRQ                                  0x0800162d   Thumb Code   230  bsp_uart_fifo.o(i.UartIRQ)
    i.UartSend                               0x08001712   Section        0  bsp_uart_fifo.o(i.UartSend)
    UartSend                                 0x08001713   Thumb Code   114  bsp_uart_fifo.o(i.UartSend)
    i.UartVarInit                            0x08001784   Section        0  bsp_uart_fifo.o(i.UartVarInit)
    UartVarInit                              0x08001785   Thumb Code   176  bsp_uart_fifo.o(i.UartVarInit)
    i.UsageFault_Handler                     0x0800187c   Section        0  stm32f4xx_it.o(i.UsageFault_Handler)
    i.__0printf$8                            0x08001880   Section        0  printf8.o(i.__0printf$8)
    i.__scatterload_copy                     0x080018a0   Section       14  handlers.o(i.__scatterload_copy)
    i.__scatterload_null                     0x080018ae   Section        2  handlers.o(i.__scatterload_null)
    i.__scatterload_zeroinit                 0x080018b0   Section       14  handlers.o(i.__scatterload_zeroinit)
    i.__set_PRIMASK                          0x080018be   Section        0  bsp_timer.o(i.__set_PRIMASK)
    __set_PRIMASK                            0x080018bf   Thumb Code     6  bsp_timer.o(i.__set_PRIMASK)
    i.__set_PRIMASK                          0x080018c4   Section        0  bsp_uart_fifo.o(i.__set_PRIMASK)
    __set_PRIMASK                            0x080018c5   Thumb Code     6  bsp_uart_fifo.o(i.__set_PRIMASK)
    i._printf_core                           0x080018cc   Section        0  printf8.o(i._printf_core)
    _printf_core                             0x080018cd   Thumb Code   988  printf8.o(i._printf_core)
    i._printf_post_padding                   0x08001cd4   Section        0  printf8.o(i._printf_post_padding)
    _printf_post_padding                     0x08001cd5   Thumb Code    38  printf8.o(i._printf_post_padding)
    i._printf_pre_padding                    0x08001cfa   Section        0  printf8.o(i._printf_pre_padding)
    _printf_pre_padding                      0x08001cfb   Thumb Code    48  printf8.o(i._printf_pre_padding)
    i.bsp_CfgSPIForSFlash                    0x08001d2c   Section        0  bsp_spi_flash.o(i.bsp_CfgSPIForSFlash)
    bsp_CfgSPIForSFlash                      0x08001d2d   Thumb Code    96  bsp_spi_flash.o(i.bsp_CfgSPIForSFlash)
    i.bsp_DelayMS                            0x08001d90   Section        0  bsp_timer.o(i.bsp_DelayMS)
    i.bsp_DetectKey                          0x08001dd4   Section        0  bsp_key.o(i.bsp_DetectKey)
    bsp_DetectKey                            0x08001dd5   Thumb Code   198  bsp_key.o(i.bsp_DetectKey)
    i.bsp_Idle                               0x08001ea0   Section        0  bsp.o(i.bsp_Idle)
    i.bsp_Init                               0x08001ea2   Section        0  bsp.o(i.bsp_Init)
    i.bsp_InitBMP085                         0x08001ec0   Section        0  bsp_bmp085.o(i.bsp_InitBMP085)
    i.bsp_InitI2C                            0x08001f4c   Section        0  bsp_i2c_gpio.o(i.bsp_InitI2C)
    i.bsp_InitKey                            0x08001f84   Section        0  bsp_key.o(i.bsp_InitKey)
    i.bsp_InitKeyHard                        0x08001f90   Section        0  bsp_key.o(i.bsp_InitKeyHard)
    bsp_InitKeyHard                          0x08001f91   Thumb Code   138  bsp_key.o(i.bsp_InitKeyHard)
    i.bsp_InitKeyVar                         0x08002030   Section        0  bsp_key.o(i.bsp_InitKeyVar)
    bsp_InitKeyVar                           0x08002031   Thumb Code   164  bsp_key.o(i.bsp_InitKeyVar)
    i.bsp_InitSFlash                         0x08002104   Section        0  bsp_spi_flash.o(i.bsp_InitSFlash)
    i.bsp_InitTM7705                         0x080021b0   Section        0  bsp_tm7705.o(i.bsp_InitTM7705)
    i.bsp_InitTimer                          0x080022a4   Section        0  bsp_timer.o(i.bsp_InitTimer)
    i.bsp_InitUart                           0x0800233c   Section        0  bsp_uart_fifo.o(i.bsp_InitUart)
    i.bsp_KeyScan                            0x0800234c   Section        0  bsp_key.o(i.bsp_KeyScan)
    i.bsp_PutKey                             0x08002364   Section        0  bsp_key.o(i.bsp_PutKey)
    i.bsp_RunPer10ms                         0x08002384   Section        0  bsp.o(i.bsp_RunPer10ms)
    i.bsp_RunPer1ms                          0x0800238c   Section        0  bsp.o(i.bsp_RunPer1ms)
    i.bsp_SoftTimerDec                       0x0800238e   Section        0  bsp_timer.o(i.bsp_SoftTimerDec)
    bsp_SoftTimerDec                         0x0800238f   Thumb Code    28  bsp_timer.o(i.bsp_SoftTimerDec)
    i.bsp_StartAutoTimer                     0x080023ac   Section        0  bsp_timer.o(i.bsp_StartAutoTimer)
    i.comGetChar                             0x08002454   Section        0  bsp_uart_fifo.o(i.comGetChar)
    i.comSendBuf                             0x08002472   Section        0  bsp_uart_fifo.o(i.comSendBuf)
    i.comSendChar                            0x080024a0   Section        0  bsp_uart_fifo.o(i.comSendChar)
    i.fputc                                  0x080024b0   Section        0  bsp_uart_fifo.o(i.fputc)
    i.i2c_Ack                                0x080024c4   Section        0  bsp_i2c_gpio.o(i.i2c_Ack)
    i.i2c_Delay                              0x080024f4   Section        0  bsp_i2c_gpio.o(i.i2c_Delay)
    i2c_Delay                                0x080024f5   Thumb Code    14  bsp_i2c_gpio.o(i.i2c_Delay)
    i.i2c_NAck                               0x08002504   Section        0  bsp_i2c_gpio.o(i.i2c_NAck)
    i.i2c_ReadByte                           0x0800252c   Section        0  bsp_i2c_gpio.o(i.i2c_ReadByte)
    i.i2c_SendByte                           0x08002570   Section        0  bsp_i2c_gpio.o(i.i2c_SendByte)
    i.i2c_Start                              0x080025c4   Section        0  bsp_i2c_gpio.o(i.i2c_Start)
    i.i2c_Stop                               0x080025f4   Section        0  bsp_i2c_gpio.o(i.i2c_Stop)
    i.i2c_WaitAck                            0x08002614   Section        0  bsp_i2c_gpio.o(i.i2c_WaitAck)
    i.main                                   0x08002650   Section        0  main.o(i.main)
    i.sf_AutoWritePage                       0x080028e8   Section        0  bsp_spi_flash.o(i.sf_AutoWritePage)
    sf_AutoWritePage                         0x080028e9   Thumb Code   268  bsp_spi_flash.o(i.sf_AutoWritePage)
    i.sf_CmpData                             0x080029fc   Section        0  bsp_spi_flash.o(i.sf_CmpData)
    sf_CmpData                               0x080029fd   Thumb Code   122  bsp_spi_flash.o(i.sf_CmpData)
    i.sf_EraseSector                         0x08002a80   Section        0  bsp_spi_flash.o(i.sf_EraseSector)
    i.sf_NeedErase                           0x08002ac0   Section        0  bsp_spi_flash.o(i.sf_NeedErase)
    sf_NeedErase                             0x08002ac1   Thumb Code    40  bsp_spi_flash.o(i.sf_NeedErase)
    i.sf_PageWrite                           0x08002ae8   Section        0  bsp_spi_flash.o(i.sf_PageWrite)
    i.sf_ReadBuffer                          0x08002c44   Section        0  bsp_spi_flash.o(i.sf_ReadBuffer)
    i.sf_ReadID                              0x08002ca8   Section        0  bsp_spi_flash.o(i.sf_ReadID)
    i.sf_ReadInfo                            0x08002cf0   Section        0  bsp_spi_flash.o(i.sf_ReadInfo)
    i.sf_SendByte                            0x08002dbc   Section        0  bsp_spi_flash.o(i.sf_SendByte)
    sf_SendByte                              0x08002dbd   Thumb Code    50  bsp_spi_flash.o(i.sf_SendByte)
    i.sf_WaitForWriteEnd                     0x08002df4   Section        0  bsp_spi_flash.o(i.sf_WaitForWriteEnd)
    sf_WaitForWriteEnd                       0x08002df5   Thumb Code    42  bsp_spi_flash.o(i.sf_WaitForWriteEnd)
    i.sf_WriteBuffer                         0x08002e24   Section        0  bsp_spi_flash.o(i.sf_WriteBuffer)
    i.sf_WriteEnable                         0x08002f98   Section        0  bsp_spi_flash.o(i.sf_WriteEnable)
    sf_WriteEnable                           0x08002f99   Thumb Code    28  bsp_spi_flash.o(i.sf_WriteEnable)
    i.sf_WriteStatus                         0x08002fb8   Section        0  bsp_spi_flash.o(i.sf_WriteStatus)
    sf_WriteStatus                           0x08002fb9   Thumb Code    98  bsp_spi_flash.o(i.sf_WriteStatus)
    .constdata                               0x08003028   Section       48  bsp_timer.o(.constdata)
    __FUNCTION__                             0x08003028   Data          15  bsp_timer.o(.constdata)
    __FUNCTION__                             0x08003037   Data          19  bsp_timer.o(.constdata)
    __FUNCTION__                             0x0800304a   Data          14  bsp_timer.o(.constdata)
    .data                                    0x20000000   Section       12  ad7705_test.o(.data)
    .data                                    0x2000000c   Section       13  bsp_timer.o(.data)
    s_uiDelayCount                           0x2000000c   Data           4  bsp_timer.o(.data)
    s_ucTimeOutFlag                          0x20000010   Data           1  bsp_timer.o(.data)
    s_count                                  0x20000018   Data           1  bsp_timer.o(.data)
    .data                                    0x20000019   Section        1  bsp_uart_fifo.o(.data)
    g_TxBuf2                                 0x20000019   Data           1  bsp_uart_fifo.o(.data)
    .data                                    0x2000001a   Section        1  bsp_tm7705.o(.data)
    .data                                    0x2000001b   Section       16  stm32f4xx_rcc.o(.data)
    APBAHBPrescTable                         0x2000001b   Data          16  stm32f4xx_rcc.o(.data)
    .data                                    0x2000002c   Section       20  system_stm32f4xx.o(.data)
    .data                                    0x20000040   Section        4  stdout.o(.data)
    .bss                                     0x20000044   Section      173  bsp_key.o(.bss)
    s_tBtn                                   0x20000044   Data         160  bsp_key.o(.bss)
    s_tKey                                   0x200000e4   Data          13  bsp_key.o(.bss)
    .bss                                     0x200000f4   Section       48  bsp_timer.o(.bss)
    s_tTmr                                   0x200000f4   Data          48  bsp_timer.o(.bss)
    .bss                                     0x20000124   Section     8352  bsp_uart_fifo.o(.bss)
    g_tUart1                                 0x20000124   Data          40  bsp_uart_fifo.o(.bss)
    g_TxBuf1                                 0x2000014c   Data        1024  bsp_uart_fifo.o(.bss)
    g_RxBuf1                                 0x2000054c   Data        1024  bsp_uart_fifo.o(.bss)
    g_tUart2                                 0x2000094c   Data          40  bsp_uart_fifo.o(.bss)
    g_RxBuf2                                 0x20000974   Data        2048  bsp_uart_fifo.o(.bss)
    g_tUart3                                 0x20001174   Data          40  bsp_uart_fifo.o(.bss)
    g_TxBuf3                                 0x2000119c   Data        1024  bsp_uart_fifo.o(.bss)
    g_RxBuf3                                 0x2000159c   Data        1024  bsp_uart_fifo.o(.bss)
    g_tUart6                                 0x2000199c   Data          40  bsp_uart_fifo.o(.bss)
    g_TxBuf6                                 0x200019c4   Data        1024  bsp_uart_fifo.o(.bss)
    g_RxBuf6                                 0x20001dc4   Data        1024  bsp_uart_fifo.o(.bss)
    .bss                                     0x200021c4   Section     4124  bsp_spi_flash.o(.bss)
    s_spiBuf                                 0x200021e0   Data        4096  bsp_spi_flash.o(.bss)
    .bss                                     0x200031e0   Section       32  bsp_bmp085.o(.bss)
    STACK                                    0x20003200   Section    16384  startup_stm32f40_41xxx.o(STACK)

    Global Symbols

    Symbol Name                              Value     Ov Type        Size  Object(Section)

    BuildAttributes$$THM_ISAv4$E$P$D$K$B$S$7EM$VFPi3$EXTD16$VFPS$VFMA$PE$A:L22UL41UL21$X:L11$S22US41US21$IEEE1$IW$USESV6$~STKCKD$USESV7$~SHL$OSPACE$ROPI$EBA8$MICROLIB$REQ8$PRES8$EABIv2 0x00000000   Number         0  anon$$obj.o ABSOLUTE
    __ARM_use_no_argv                        0x00000000   Number         0  main.o ABSOLUTE
    _printf_a                                0x00000000   Number         0  stubs.o ABSOLUTE
    _printf_c                                0x00000000   Number         0  stubs.o ABSOLUTE
    _printf_charcount                        0x00000000   Number         0  stubs.o ABSOLUTE
    _printf_d                                0x00000000   Number         0  stubs.o ABSOLUTE
    _printf_e                                0x00000000   Number         0  stubs.o ABSOLUTE
    _printf_f                                0x00000000   Number         0  stubs.o ABSOLUTE
    _printf_flags                            0x00000000   Number         0  stubs.o ABSOLUTE
    _printf_fp_dec                           0x00000000   Number         0  stubs.o ABSOLUTE
    _printf_fp_hex                           0x00000000   Number         0  stubs.o ABSOLUTE
    _printf_g                                0x00000000   Number         0  stubs.o ABSOLUTE
    _printf_i                                0x00000000   Number         0  stubs.o ABSOLUTE
    _printf_int_dec                          0x00000000   Number         0  stubs.o ABSOLUTE
    _printf_l                                0x00000000   Number         0  stubs.o ABSOLUTE
    _printf_lc                               0x00000000   Number         0  stubs.o ABSOLUTE
    _printf_ll                               0x00000000   Number         0  stubs.o ABSOLUTE
    _printf_lld                              0x00000000   Number         0  stubs.o ABSOLUTE
    _printf_lli                              0x00000000   Number         0  stubs.o ABSOLUTE
    _printf_llo                              0x00000000   Number         0  stubs.o ABSOLUTE
    _printf_llu                              0x00000000   Number         0  stubs.o ABSOLUTE
    _printf_llx                              0x00000000   Number         0  stubs.o ABSOLUTE
    _printf_longlong_dec                     0x00000000   Number         0  stubs.o ABSOLUTE
    _printf_longlong_hex                     0x00000000   Number         0  stubs.o ABSOLUTE
    _printf_longlong_oct                     0x00000000   Number         0  stubs.o ABSOLUTE
    _printf_ls                               0x00000000   Number         0  stubs.o ABSOLUTE
    _printf_mbtowc                           0x00000000   Number         0  stubs.o ABSOLUTE
    _printf_n                                0x00000000   Number         0  stubs.o ABSOLUTE
    _printf_o                                0x00000000   Number         0  stubs.o ABSOLUTE
    _printf_p                                0x00000000   Number         0  stubs.o ABSOLUTE
    _printf_percent                          0x00000000   Number         0  stubs.o ABSOLUTE
    _printf_pre_padding                      0x00000000   Number         0  stubs.o ABSOLUTE
    _printf_return_value                     0x00000000   Number         0  stubs.o ABSOLUTE
    _printf_s                                0x00000000   Number         0  stubs.o ABSOLUTE
    _printf_sizespec                         0x00000000   Number         0  stubs.o ABSOLUTE
    _printf_str                              0x00000000   Number         0  stubs.o ABSOLUTE
    _printf_truncate_signed                  0x00000000   Number         0  stubs.o ABSOLUTE
    _printf_truncate_unsigned                0x00000000   Number         0  stubs.o ABSOLUTE
    _printf_u                                0x00000000   Number         0  stubs.o ABSOLUTE
    _printf_wc                               0x00000000   Number         0  stubs.o ABSOLUTE
    _printf_wctomb                           0x00000000   Number         0  stubs.o ABSOLUTE
    _printf_widthprec                        0x00000000   Number         0  stubs.o ABSOLUTE
    _printf_x                                0x00000000   Number         0  stubs.o ABSOLUTE
    __cpp_initialize__aeabi_                  - Undefined Weak Reference
    __cxa_finalize                            - Undefined Weak Reference
    __decompress                              - Undefined Weak Reference
    _clock_init                               - Undefined Weak Reference
    _microlib_exit                            - Undefined Weak Reference
    __Vectors_Size                           0x00000188   Number         0  startup_stm32f40_41xxx.o ABSOLUTE
    __Vectors                                0x08000000   Data           4  startup_stm32f40_41xxx.o(RESET)
    __Vectors_End                            0x08000188   Data           0  startup_stm32f40_41xxx.o(RESET)
    __main                                   0x08000189   Thumb Code     0  entry.o(.ARM.Collect$$$$00000000)
    _main_stk                                0x08000189   Thumb Code     0  entry2.o(.ARM.Collect$$$$00000001)
    _main_scatterload                        0x0800018d   Thumb Code     0  entry5.o(.ARM.Collect$$$$00000004)
    __main_after_scatterload                 0x08000191   Thumb Code     0  entry5.o(.ARM.Collect$$$$00000004)
    _main_clock                              0x08000191   Thumb Code     0  entry7b.o(.ARM.Collect$$$$00000008)
    _main_cpp_init                           0x08000191   Thumb Code     0  entry8b.o(.ARM.Collect$$$$0000000A)
    _main_init                               0x08000191   Thumb Code     0  entry9a.o(.ARM.Collect$$$$0000000B)
    __rt_final_cpp                           0x08000199   Thumb Code     0  entry10a.o(.ARM.Collect$$$$0000000D)
    __rt_final_exit                          0x08000199   Thumb Code     0  entry11a.o(.ARM.Collect$$$$0000000F)
    Reset_Handler                            0x0800019d   Thumb Code     8  startup_stm32f40_41xxx.o(.text)
    ADC_IRQHandler                           0x080001b7   Thumb Code     0  startup_stm32f40_41xxx.o(.text)
    CAN1_RX0_IRQHandler                      0x080001b7   Thumb Code     0  startup_stm32f40_41xxx.o(.text)
    CAN1_RX1_IRQHandler                      0x080001b7   Thumb Code     0  startup_stm32f40_41xxx.o(.text)
    CAN1_SCE_IRQHandler                      0x080001b7   Thumb Code     0  startup_stm32f40_41xxx.o(.text)
    CAN1_TX_IRQHandler                       0x080001b7   Thumb Code     0  startup_stm32f40_41xxx.o(.text)
    CAN2_RX0_IRQHandler                      0x080001b7   Thumb Code     0  startup_stm32f40_41xxx.o(.text)
    CAN2_RX1_IRQHandler                      0x080001b7   Thumb Code     0  startup_stm32f40_41xxx.o(.text)
    CAN2_SCE_IRQHandler                      0x080001b7   Thumb Code     0  startup_stm32f40_41xxx.o(.text)
    CAN2_TX_IRQHandler                       0x080001b7   Thumb Code     0  startup_stm32f40_41xxx.o(.text)
    CRYP_IRQHandler                          0x080001b7   Thumb Code     0  startup_stm32f40_41xxx.o(.text)
    DCMI_IRQHandler                          0x080001b7   Thumb Code     0  startup_stm32f40_41xxx.o(.text)
    DMA1_Stream0_IRQHandler                  0x080001b7   Thumb Code     0  startup_stm32f40_41xxx.o(.text)
    DMA1_Stream1_IRQHandler                  0x080001b7   Thumb Code     0  startup_stm32f40_41xxx.o(.text)
    DMA1_Stream2_IRQHandler                  0x080001b7   Thumb Code     0  startup_stm32f40_41xxx.o(.text)
    DMA1_Stream3_IRQHandler                  0x080001b7   Thumb Code     0  startup_stm32f40_41xxx.o(.text)
    DMA1_Stream4_IRQHandler                  0x080001b7   Thumb Code     0  startup_stm32f40_41xxx.o(.text)
    DMA1_Stream5_IRQHandler                  0x080001b7   Thumb Code     0  startup_stm32f40_41xxx.o(.text)
    DMA1_Stream6_IRQHandler                  0x080001b7   Thumb Code     0  startup_stm32f40_41xxx.o(.text)
    DMA1_Stream7_IRQHandler                  0x080001b7   Thumb Code     0  startup_stm32f40_41xxx.o(.text)
    DMA2_Stream0_IRQHandler                  0x080001b7   Thumb Code     0  startup_stm32f40_41xxx.o(.text)
    DMA2_Stream1_IRQHandler                  0x080001b7   Thumb Code     0  startup_stm32f40_41xxx.o(.text)
    DMA2_Stream2_IRQHandler                  0x080001b7   Thumb Code     0  startup_stm32f40_41xxx.o(.text)
    DMA2_Stream3_IRQHandler                  0x080001b7   Thumb Code     0  startup_stm32f40_41xxx.o(.text)
    DMA2_Stream4_IRQHandler                  0x080001b7   Thumb Code     0  startup_stm32f40_41xxx.o(.text)
    DMA2_Stream5_IRQHandler                  0x080001b7   Thumb Code     0  startup_stm32f40_41xxx.o(.text)
    DMA2_Stream6_IRQHandler                  0x080001b7   Thumb Code     0  startup_stm32f40_41xxx.o(.text)
    DMA2_Stream7_IRQHandler                  0x080001b7   Thumb Code     0  startup_stm32f40_41xxx.o(.text)
    ETH_IRQHandler                           0x080001b7   Thumb Code     0  startup_stm32f40_41xxx.o(.text)
    ETH_WKUP_IRQHandler                      0x080001b7   Thumb Code     0  startup_stm32f40_41xxx.o(.text)
    EXTI0_IRQHandler                         0x080001b7   Thumb Code     0  startup_stm32f40_41xxx.o(.text)
    EXTI15_10_IRQHandler                     0x080001b7   Thumb Code     0  startup_stm32f40_41xxx.o(.text)
    EXTI1_IRQHandler                         0x080001b7   Thumb Code     0  startup_stm32f40_41xxx.o(.text)
    EXTI2_IRQHandler                         0x080001b7   Thumb Code     0  startup_stm32f40_41xxx.o(.text)
    EXTI3_IRQHandler                         0x080001b7   Thumb Code     0  startup_stm32f40_41xxx.o(.text)
    EXTI4_IRQHandler                         0x080001b7   Thumb Code     0  startup_stm32f40_41xxx.o(.text)
    EXTI9_5_IRQHandler                       0x080001b7   Thumb Code     0  startup_stm32f40_41xxx.o(.text)
    FLASH_IRQHandler                         0x080001b7   Thumb Code     0  startup_stm32f40_41xxx.o(.text)
    FPU_IRQHandler                           0x080001b7   Thumb Code     0  startup_stm32f40_41xxx.o(.text)
    FSMC_IRQHandler                          0x080001b7   Thumb Code     0  startup_stm32f40_41xxx.o(.text)
    HASH_RNG_IRQHandler                      0x080001b7   Thumb Code     0  startup_stm32f40_41xxx.o(.text)
    I2C1_ER_IRQHandler                       0x080001b7   Thumb Code     0  startup_stm32f40_41xxx.o(.text)
    I2C1_EV_IRQHandler                       0x080001b7   Thumb Code     0  startup_stm32f40_41xxx.o(.text)
    I2C2_ER_IRQHandler                       0x080001b7   Thumb Code     0  startup_stm32f40_41xxx.o(.text)
    I2C2_EV_IRQHandler                       0x080001b7   Thumb Code     0  startup_stm32f40_41xxx.o(.text)
    I2C3_ER_IRQHandler                       0x080001b7   Thumb Code     0  startup_stm32f40_41xxx.o(.text)
    I2C3_EV_IRQHandler                       0x080001b7   Thumb Code     0  startup_stm32f40_41xxx.o(.text)
    OTG_FS_IRQHandler                        0x080001b7   Thumb Code     0  startup_stm32f40_41xxx.o(.text)
    OTG_FS_WKUP_IRQHandler                   0x080001b7   Thumb Code     0  startup_stm32f40_41xxx.o(.text)
    OTG_HS_EP1_IN_IRQHandler                 0x080001b7   Thumb Code     0  startup_stm32f40_41xxx.o(.text)
    OTG_HS_EP1_OUT_IRQHandler                0x080001b7   Thumb Code     0  startup_stm32f40_41xxx.o(.text)
    OTG_HS_IRQHandler                        0x080001b7   Thumb Code     0  startup_stm32f40_41xxx.o(.text)
    OTG_HS_WKUP_IRQHandler                   0x080001b7   Thumb Code     0  startup_stm32f40_41xxx.o(.text)
    PVD_IRQHandler                           0x080001b7   Thumb Code     0  startup_stm32f40_41xxx.o(.text)
    RCC_IRQHandler                           0x080001b7   Thumb Code     0  startup_stm32f40_41xxx.o(.text)
    RTC_Alarm_IRQHandler                     0x080001b7   Thumb Code     0  startup_stm32f40_41xxx.o(.text)
    RTC_WKUP_IRQHandler                      0x080001b7   Thumb Code     0  startup_stm32f40_41xxx.o(.text)
    SDIO_IRQHandler                          0x080001b7   Thumb Code     0  startup_stm32f40_41xxx.o(.text)
    SPI1_IRQHandler                          0x080001b7   Thumb Code     0  startup_stm32f40_41xxx.o(.text)
    SPI2_IRQHandler                          0x080001b7   Thumb Code     0  startup_stm32f40_41xxx.o(.text)
    SPI3_IRQHandler                          0x080001b7   Thumb Code     0  startup_stm32f40_41xxx.o(.text)
    TAMP_STAMP_IRQHandler                    0x080001b7   Thumb Code     0  startup_stm32f40_41xxx.o(.text)
    TIM1_BRK_TIM9_IRQHandler                 0x080001b7   Thumb Code     0  startup_stm32f40_41xxx.o(.text)
    TIM1_CC_IRQHandler                       0x080001b7   Thumb Code     0  startup_stm32f40_41xxx.o(.text)
    TIM1_TRG_COM_TIM11_IRQHandler            0x080001b7   Thumb Code     0  startup_stm32f40_41xxx.o(.text)
    TIM1_UP_TIM10_IRQHandler                 0x080001b7   Thumb Code     0  startup_stm32f40_41xxx.o(.text)
    TIM2_IRQHandler                          0x080001b7   Thumb Code     0  startup_stm32f40_41xxx.o(.text)
    TIM3_IRQHandler                          0x080001b7   Thumb Code     0  startup_stm32f40_41xxx.o(.text)
    TIM4_IRQHandler                          0x080001b7   Thumb Code     0  startup_stm32f40_41xxx.o(.text)
    TIM5_IRQHandler                          0x080001b7   Thumb Code     0  startup_stm32f40_41xxx.o(.text)
    TIM6_DAC_IRQHandler                      0x080001b7   Thumb Code     0  startup_stm32f40_41xxx.o(.text)
    TIM7_IRQHandler                          0x080001b7   Thumb Code     0  startup_stm32f40_41xxx.o(.text)
    TIM8_BRK_TIM12_IRQHandler                0x080001b7   Thumb Code     0  startup_stm32f40_41xxx.o(.text)
    TIM8_CC_IRQHandler                       0x080001b7   Thumb Code     0  startup_stm32f40_41xxx.o(.text)
    TIM8_TRG_COM_TIM14_IRQHandler            0x080001b7   Thumb Code     0  startup_stm32f40_41xxx.o(.text)
    TIM8_UP_TIM13_IRQHandler                 0x080001b7   Thumb Code     0  startup_stm32f40_41xxx.o(.text)
    UART4_IRQHandler                         0x080001b7   Thumb Code     0  startup_stm32f40_41xxx.o(.text)
    UART5_IRQHandler                         0x080001b7   Thumb Code     0  startup_stm32f40_41xxx.o(.text)
    WWDG_IRQHandler                          0x080001b7   Thumb Code     0  startup_stm32f40_41xxx.o(.text)
    __aeabi_memcpy                           0x080001c1   Thumb Code    36  memcpya.o(.text)
    __aeabi_memcpy4                          0x080001c1   Thumb Code     0  memcpya.o(.text)
    __aeabi_memcpy8                          0x080001c1   Thumb Code     0  memcpya.o(.text)
    memcmp                                   0x080001e5   Thumb Code    26  memcmp.o(.text)
    strcpy                                   0x080001ff   Thumb Code    18  strcpy.o(.text)
    __aeabi_uldivmod                         0x08000211   Thumb Code    98  uldiv.o(.text)
    __scatterload                            0x08000275   Thumb Code    28  init.o(.text)
    __scatterload_rt2                        0x08000275   Thumb Code     0  init.o(.text)
    __aeabi_llsl                             0x08000299   Thumb Code    30  llshl.o(.text)
    _ll_shift_l                              0x08000299   Thumb Code     0  llshl.o(.text)
    __aeabi_llsr                             0x080002b7   Thumb Code    32  llushr.o(.text)
    _ll_ushift_r                             0x080002b7   Thumb Code     0  llushr.o(.text)
    BMP085_ReadTempPress                     0x08000385   Thumb Code   300  bsp_bmp085.o(i.BMP085_ReadTempPress)
    BusFault_Handler                         0x0800052b   Thumb Code     4  stm32f4xx_it.o(i.BusFault_Handler)
    ComToUart                                0x08000531   Thumb Code    52  bsp_uart_fifo.o(i.ComToUart)
    DebugMon_Handler                         0x080005df   Thumb Code     2  stm32f4xx_it.o(i.DebugMon_Handler)
    F2CA                                     0x080005e1   Thumb Code    30  demo_spi_flash.o(i.F2CA)
    GPIO_Init                                0x080005ff   Thumb Code   144  stm32f4xx_gpio.o(i.GPIO_Init)
    GPIO_PinAFConfig                         0x0800068f   Thumb Code    70  stm32f4xx_gpio.o(i.GPIO_PinAFConfig)
    GPIO_ReadInputDataBit                    0x080006d5   Thumb Code    18  stm32f4xx_gpio.o(i.GPIO_ReadInputDataBit)
    GPIO_ResetBits                           0x080006e7   Thumb Code     4  stm32f4xx_gpio.o(i.GPIO_ResetBits)
    GPIO_SetBits                             0x080006eb   Thumb Code     4  stm32f4xx_gpio.o(i.GPIO_SetBits)
    GetAD7705                                0x080006f1   Thumb Code   104  ad7705_test.o(i.GetAD7705)
    GetBMP085                                0x08000769   Thumb Code    26  mems_test.o(i.GetBMP085)
    HardFault_Handler                        0x08000785   Thumb Code    36  stm32f4xx_it.o(i.HardFault_Handler)
    MemManage_Handler                        0x08000baf   Thumb Code     4  stm32f4xx_it.o(i.MemManage_Handler)
    NMI_Handler                              0x08000bb3   Thumb Code     2  stm32f4xx_it.o(i.NMI_Handler)
    NVIC_Init                                0x08000bb5   Thumb Code   108  misc.o(i.NVIC_Init)
    NVIC_PriorityGroupConfig                 0x08000c2d   Thumb Code    10  misc.o(i.NVIC_PriorityGroupConfig)
    PendSV_Handler                           0x08000c41   Thumb Code     2  stm32f4xx_it.o(i.PendSV_Handler)
    RCC_AHB1PeriphClockCmd                   0x08000d61   Thumb Code    26  stm32f4xx_rcc.o(i.RCC_AHB1PeriphClockCmd)
    RCC_APB1PeriphClockCmd                   0x08000d81   Thumb Code    26  stm32f4xx_rcc.o(i.RCC_APB1PeriphClockCmd)
    RCC_APB2PeriphClockCmd                   0x08000da1   Thumb Code    26  stm32f4xx_rcc.o(i.RCC_APB2PeriphClockCmd)
    RCC_GetClocksFreq                        0x08000dc1   Thumb Code   214  stm32f4xx_rcc.o(i.RCC_GetClocksFreq)
    SPI_Cmd                                  0x08000ea9   Thumb Code    24  stm32f4xx_spi.o(i.SPI_Cmd)
    SPI_I2S_GetFlagStatus                    0x08000ec1   Thumb Code    18  stm32f4xx_spi.o(i.SPI_I2S_GetFlagStatus)
    SPI_I2S_ReceiveData                      0x08000ed3   Thumb Code     6  stm32f4xx_spi.o(i.SPI_I2S_ReceiveData)
    SPI_I2S_SendData                         0x08000ed9   Thumb Code     4  stm32f4xx_spi.o(i.SPI_I2S_SendData)
    SPI_Init                                 0x08000edd   Thumb Code    60  stm32f4xx_spi.o(i.SPI_Init)
    SVC_Handler                              0x08000f19   Thumb Code     2  stm32f4xx_it.o(i.SVC_Handler)
    SysTick_Handler                          0x08001009   Thumb Code     8  bsp_timer.o(i.SysTick_Handler)
    SysTick_ISR                              0x08001011   Thumb Code   110  bsp_timer.o(i.SysTick_ISR)
    SystemInit                               0x08001095   Thumb Code    88  system_stm32f4xx.o(i.SystemInit)
    TM7705_CalibSelf                         0x080010fd   Thumb Code    48  bsp_tm7705.o(i.TM7705_CalibSelf)
    TM7705_ReadAdc                           0x0800119d   Thumb Code    54  bsp_tm7705.o(i.TM7705_ReadAdc)
    TM7705_ReadReg                           0x080011f5   Thumb Code   110  bsp_tm7705.o(i.TM7705_ReadReg)
    USART1_IRQHandler                        0x080013dd   Thumb Code    10  bsp_uart_fifo.o(i.USART1_IRQHandler)
    USART2_IRQHandler                        0x080013ed   Thumb Code    10  bsp_uart_fifo.o(i.USART2_IRQHandler)
    USART3_IRQHandler                        0x080013fd   Thumb Code    10  bsp_uart_fifo.o(i.USART3_IRQHandler)
    USART3_SendBefor                         0x0800140d   Thumb Code     8  bsp_uart_fifo.o(i.USART3_SendBefor)
    USART3_SendOver                          0x08001419   Thumb Code     8  bsp_uart_fifo.o(i.USART3_SendOver)
    USART6_IRQHandler                        0x08001425   Thumb Code    10  bsp_uart_fifo.o(i.USART6_IRQHandler)
    USART_ClearFlag                          0x08001435   Thumb Code    18  stm32f4xx_usart.o(i.USART_ClearFlag)
    USART_Cmd                                0x08001447   Thumb Code    24  stm32f4xx_usart.o(i.USART_Cmd)
    USART_GetITStatus                        0x0800145f   Thumb Code    84  stm32f4xx_usart.o(i.USART_GetITStatus)
    USART_ITConfig                           0x080014b3   Thumb Code    74  stm32f4xx_usart.o(i.USART_ITConfig)
    USART_Init                               0x080014fd   Thumb Code   204  stm32f4xx_usart.o(i.USART_Init)
    USART_ReceiveData                        0x080015d1   Thumb Code    10  stm32f4xx_usart.o(i.USART_ReceiveData)
    USART_SendData                           0x080015db   Thumb Code     8  stm32f4xx_usart.o(i.USART_SendData)
    UsageFault_Handler                       0x0800187d   Thumb Code     4  stm32f4xx_it.o(i.UsageFault_Handler)
    __0printf$8                              0x08001881   Thumb Code    22  printf8.o(i.__0printf$8)
    __1printf$8                              0x08001881   Thumb Code     0  printf8.o(i.__0printf$8)
    __2printf                                0x08001881   Thumb Code     0  printf8.o(i.__0printf$8)
    __scatterload_copy                       0x080018a1   Thumb Code    14  handlers.o(i.__scatterload_copy)
    __scatterload_null                       0x080018af   Thumb Code     2  handlers.o(i.__scatterload_null)
    __scatterload_zeroinit                   0x080018b1   Thumb Code    14  handlers.o(i.__scatterload_zeroinit)
    bsp_DelayMS                              0x08001d91   Thumb Code    58  bsp_timer.o(i.bsp_DelayMS)
    bsp_Idle                                 0x08001ea1   Thumb Code     2  bsp.o(i.bsp_Idle)
    bsp_Init                                 0x08001ea3   Thumb Code    28  bsp.o(i.bsp_Init)
    bsp_InitBMP085                           0x08001ec1   Thumb Code   134  bsp_bmp085.o(i.bsp_InitBMP085)
    bsp_InitI2C                              0x08001f4d   Thumb Code    50  bsp_i2c_gpio.o(i.bsp_InitI2C)
    bsp_InitKey                              0x08001f85   Thumb Code    12  bsp_key.o(i.bsp_InitKey)
    bsp_InitSFlash                           0x08002105   Thumb Code   164  bsp_spi_flash.o(i.bsp_InitSFlash)
    bsp_InitTM7705                           0x080021b1   Thumb Code   224  bsp_tm7705.o(i.bsp_InitTM7705)
    bsp_InitTimer                            0x080022a5   Thumb Code   136  bsp_timer.o(i.bsp_InitTimer)
    bsp_InitUart                             0x0800233d   Thumb Code    16  bsp_uart_fifo.o(i.bsp_InitUart)
    bsp_KeyScan                              0x0800234d   Thumb Code    22  bsp_key.o(i.bsp_KeyScan)
    bsp_PutKey                               0x08002365   Thumb Code    28  bsp_key.o(i.bsp_PutKey)
    bsp_RunPer10ms                           0x08002385   Thumb Code     8  bsp.o(i.bsp_RunPer10ms)
    bsp_RunPer1ms                            0x0800238d   Thumb Code     2  bsp.o(i.bsp_RunPer1ms)
    bsp_StartAutoTimer                       0x080023ad   Thumb Code    84  bsp_timer.o(i.bsp_StartAutoTimer)
    comGetChar                               0x08002455   Thumb Code    30  bsp_uart_fifo.o(i.comGetChar)
    comSendBuf                               0x08002473   Thumb Code    46  bsp_uart_fifo.o(i.comSendBuf)
    comSendChar                              0x080024a1   Thumb Code    16  bsp_uart_fifo.o(i.comSendChar)
    fputc                                    0x080024b1   Thumb Code    18  bsp_uart_fifo.o(i.fputc)
    i2c_Ack                                  0x080024c5   Thumb Code    44  bsp_i2c_gpio.o(i.i2c_Ack)
    i2c_NAck                                 0x08002505   Thumb Code    36  bsp_i2c_gpio.o(i.i2c_NAck)
    i2c_ReadByte                             0x0800252d   Thumb Code    62  bsp_i2c_gpio.o(i.i2c_ReadByte)
    i2c_SendByte                             0x08002571   Thumb Code    80  bsp_i2c_gpio.o(i.i2c_SendByte)
    i2c_Start                                0x080025c5   Thumb Code    42  bsp_i2c_gpio.o(i.i2c_Start)
    i2c_Stop                                 0x080025f5   Thumb Code    28  bsp_i2c_gpio.o(i.i2c_Stop)
    i2c_WaitAck                              0x08002615   Thumb Code    56  bsp_i2c_gpio.o(i.i2c_WaitAck)
    main                                     0x08002651   Thumb Code   600  main.o(i.main)
    sf_EraseSector                           0x08002a81   Thumb Code    60  bsp_spi_flash.o(i.sf_EraseSector)
    sf_PageWrite                             0x08002ae9   Thumb Code   336  bsp_spi_flash.o(i.sf_PageWrite)
    sf_ReadBuffer                            0x08002c45   Thumb Code    92  bsp_spi_flash.o(i.sf_ReadBuffer)
    sf_ReadID                                0x08002ca9   Thumb Code    68  bsp_spi_flash.o(i.sf_ReadID)
    sf_ReadInfo                              0x08002cf1   Thumb Code   134  bsp_spi_flash.o(i.sf_ReadInfo)
    sf_WriteBuffer                           0x08002e25   Thumb Code   366  bsp_spi_flash.o(i.sf_WriteBuffer)
    Region$$Table$$Base                      0x08003058   Number         0  anon$$obj.o(Region$$Table)
    Region$$Table$$Limit                     0x08003078   Number         0  anon$$obj.o(Region$$Table)
    adc1                                     0x20000000   Data           2  ad7705_test.o(.data)
    adc2                                     0x20000002   Data           2  ad7705_test.o(.data)
    volt1                                    0x20000004   Data           4  ad7705_test.o(.data)
    volt2                                    0x20000008   Data           4  ad7705_test.o(.data)
    g_iRunTime                               0x20000014   Data           4  bsp_timer.o(.data)
    g_TM7705_OK                              0x2000001a   Data           1  bsp_tm7705.o(.data)
    SystemCoreClock                          0x2000002c   Data           4  system_stm32f4xx.o(.data)
    AHBPrescTable                            0x20000030   Data          16  system_stm32f4xx.o(.data)
    __stdout                                 0x20000040   Data           4  stdout.o(.data)
    g_tSF                                    0x200021c4   Data          28  bsp_spi_flash.o(.bss)
    g_tBMP085                                0x200031e0   Data          32  bsp_bmp085.o(.bss)
    __initial_sp                             0x20007200   Data           0  startup_stm32f40_41xxx.o(STACK)



==============================================================================

Memory Map of the image

  Image Entry point : 0x08000189

  Load Region LR_IROM1 (Base: 0x08000000, Size: 0x000030bc, Max: 0x00100000, ABSOLUTE)

    Execution Region ER_IROM1 (Base: 0x08000000, Size: 0x00003078, Max: 0x00100000, ABSOLUTE)

    Base Addr    Size         Type   Attr      Idx    E Section Name        Object

    0x08000000   0x00000188   Data   RO         1187    RESET               startup_stm32f40_41xxx.o
    0x08000188   0x00000000   Code   RO         2107  * .ARM.Collect$$$$00000000  mc_w.l(entry.o)
    0x08000188   0x00000004   Code   RO         2379    .ARM.Collect$$$$00000001  mc_w.l(entry2.o)
    0x0800018c   0x00000004   Code   RO         2382    .ARM.Collect$$$$00000004  mc_w.l(entry5.o)
    0x08000190   0x00000000   Code   RO         2384    .ARM.Collect$$$$00000008  mc_w.l(entry7b.o)
    0x08000190   0x00000000   Code   RO         2386    .ARM.Collect$$$$0000000A  mc_w.l(entry8b.o)
    0x08000190   0x00000008   Code   RO         2387    .ARM.Collect$$$$0000000B  mc_w.l(entry9a.o)
    0x08000198   0x00000000   Code   RO         2389    .ARM.Collect$$$$0000000D  mc_w.l(entry10a.o)
    0x08000198   0x00000000   Code   RO         2391    .ARM.Collect$$$$0000000F  mc_w.l(entry11a.o)
    0x08000198   0x00000004   Code   RO         2380    .ARM.Collect$$$$00002712  mc_w.l(entry2.o)
    0x0800019c   0x00000024   Code   RO         1188    .text               startup_stm32f40_41xxx.o
    0x080001c0   0x00000024   Code   RO         2110    .text               mc_w.l(memcpya.o)
    0x080001e4   0x0000001a   Code   RO         2112    .text               mc_w.l(memcmp.o)
    0x080001fe   0x00000012   Code   RO         2114    .text               mc_w.l(strcpy.o)
    0x08000210   0x00000062   Code   RO         2396    .text               mc_w.l(uldiv.o)
    0x08000272   0x00000002   PAD
    0x08000274   0x00000024   Code   RO         2409    .text               mc_w.l(init.o)
    0x08000298   0x0000001e   Code   RO         2411    .text               mc_w.l(llshl.o)
    0x080002b6   0x00000020   Code   RO         2413    .text               mc_w.l(llushr.o)
    0x080002d6   0x00000050   Code   RO          945    i.BMP085_Read2Bytes  bsp_bmp085.o
    0x08000326   0x0000005e   Code   RO          946    i.BMP085_Read3Bytes  bsp_bmp085.o
    0x08000384   0x00000134   Code   RO          947    i.BMP085_ReadTempPress  bsp_bmp085.o
    0x080004b8   0x00000044   Code   RO          948    i.BMP085_WaitConvert  bsp_bmp085.o
    0x080004fc   0x0000002e   Code   RO          949    i.BMP085_WriteReg   bsp_bmp085.o
    0x0800052a   0x00000004   Code   RO          720    i.BusFault_Handler  stm32f4xx_it.o
    0x0800052e   0x00000002   PAD
    0x08000530   0x00000044   Code   RO          578    i.ComToUart         bsp_uart_fifo.o
    0x08000574   0x0000006a   Code   RO          579    i.ConfigUartNVIC    bsp_uart_fifo.o
    0x080005de   0x00000002   Code   RO          721    i.DebugMon_Handler  stm32f4xx_it.o
    0x080005e0   0x0000001e   Code   RO          184    i.F2CA              demo_spi_flash.o
    0x080005fe   0x00000090   Code   RO         1623    i.GPIO_Init         stm32f4xx_gpio.o
    0x0800068e   0x00000046   Code   RO         1624    i.GPIO_PinAFConfig  stm32f4xx_gpio.o
    0x080006d4   0x00000012   Code   RO         1627    i.GPIO_ReadInputDataBit  stm32f4xx_gpio.o
    0x080006e6   0x00000004   Code   RO         1630    i.GPIO_ResetBits    stm32f4xx_gpio.o
    0x080006ea   0x00000004   Code   RO         1631    i.GPIO_SetBits      stm32f4xx_gpio.o
    0x080006ee   0x00000002   PAD
    0x080006f0   0x00000078   Code   RO          269    i.GetAD7705         ad7705_test.o
    0x08000768   0x0000001a   Code   RO          249    i.GetBMP085         mems_test.o
    0x08000782   0x00000002   PAD
    0x08000784   0x00000054   Code   RO          722    i.HardFault_Handler  stm32f4xx_it.o
    0x080007d8   0x000002e8   Code   RO          580    i.InitHardUart      bsp_uart_fifo.o
    0x08000ac0   0x00000018   Code   RO          292    i.IsKeyDown1        bsp_key.o
    0x08000ad8   0x00000016   Code   RO          293    i.IsKeyDown10       bsp_key.o
    0x08000aee   0x00000002   PAD
    0x08000af0   0x00000018   Code   RO          294    i.IsKeyDown2        bsp_key.o
    0x08000b08   0x00000018   Code   RO          295    i.IsKeyDown3        bsp_key.o
    0x08000b20   0x00000018   Code   RO          296    i.IsKeyDown4        bsp_key.o
    0x08000b38   0x00000018   Code   RO          297    i.IsKeyDown5        bsp_key.o
    0x08000b50   0x00000018   Code   RO          298    i.IsKeyDown6        bsp_key.o
    0x08000b68   0x00000018   Code   RO          299    i.IsKeyDown7        bsp_key.o
    0x08000b80   0x00000018   Code   RO          300    i.IsKeyDown8        bsp_key.o
    0x08000b98   0x00000016   Code   RO          301    i.IsKeyDown9        bsp_key.o
    0x08000bae   0x00000004   Code   RO          723    i.MemManage_Handler  stm32f4xx_it.o
    0x08000bb2   0x00000002   Code   RO          724    i.NMI_Handler       stm32f4xx_it.o
    0x08000bb4   0x00000078   Code   RO         1578    i.NVIC_Init         misc.o
    0x08000c2c   0x00000014   Code   RO         1579    i.NVIC_PriorityGroupConfig  misc.o
    0x08000c40   0x00000002   Code   RO          725    i.PendSV_Handler    stm32f4xx_it.o
    0x08000c42   0x00000002   PAD
    0x08000c44   0x0000011c   Code   RO            3    i.PrintfLogo        main.o
    0x08000d60   0x00000020   Code   RO         1194    i.RCC_AHB1PeriphClockCmd  stm32f4xx_rcc.o
    0x08000d80   0x00000020   Code   RO         1203    i.RCC_APB1PeriphClockCmd  stm32f4xx_rcc.o
    0x08000da0   0x00000020   Code   RO         1206    i.RCC_APB2PeriphClockCmd  stm32f4xx_rcc.o
    0x08000dc0   0x000000e8   Code   RO         1215    i.RCC_GetClocksFreq  stm32f4xx_rcc.o
    0x08000ea8   0x00000018   Code   RO         1914    i.SPI_Cmd           stm32f4xx_spi.o
    0x08000ec0   0x00000012   Code   RO         1922    i.SPI_I2S_GetFlagStatus  stm32f4xx_spi.o
    0x08000ed2   0x00000006   Code   RO         1925    i.SPI_I2S_ReceiveData  stm32f4xx_spi.o
    0x08000ed8   0x00000004   Code   RO         1926    i.SPI_I2S_SendData  stm32f4xx_spi.o
    0x08000edc   0x0000003c   Code   RO         1927    i.SPI_Init          stm32f4xx_spi.o
    0x08000f18   0x00000002   Code   RO          726    i.SVC_Handler       stm32f4xx_it.o
    0x08000f1a   0x00000002   PAD
    0x08000f1c   0x000000ec   Code   RO         2072    i.SetSysClock       system_stm32f4xx.o
    0x08001008   0x00000008   Code   RO          482    i.SysTick_Handler   bsp_timer.o
    0x08001010   0x00000084   Code   RO          483    i.SysTick_ISR       bsp_timer.o
    0x08001094   0x00000068   Code   RO         2074    i.SystemInit        system_stm32f4xx.o
    0x080010fc   0x00000030   Code   RO         1070    i.TM7705_CalibSelf  bsp_tm7705.o
    0x0800112c   0x0000000e   Code   RO         1071    i.TM7705_Delay      bsp_tm7705.o
    0x0800113a   0x00000002   PAD
    0x0800113c   0x00000030   Code   RO         1072    i.TM7705_Read2Byte  bsp_tm7705.o
    0x0800116c   0x00000030   Code   RO         1073    i.TM7705_Read3Byte  bsp_tm7705.o
    0x0800119c   0x00000036   Code   RO         1074    i.TM7705_ReadAdc    bsp_tm7705.o
    0x080011d2   0x00000002   PAD
    0x080011d4   0x00000020   Code   RO         1075    i.TM7705_ReadByte   bsp_tm7705.o
    0x080011f4   0x0000006e   Code   RO         1076    i.TM7705_ReadReg    bsp_tm7705.o
    0x08001262   0x00000002   PAD
    0x08001264   0x00000044   Code   RO         1077    i.TM7705_Recive8Bit  bsp_tm7705.o
    0x080012a8   0x00000034   Code   RO         1078    i.TM7705_ResetHard  bsp_tm7705.o
    0x080012dc   0x0000004c   Code   RO         1079    i.TM7705_Send8Bit   bsp_tm7705.o
    0x08001328   0x00000030   Code   RO         1080    i.TM7705_SyncSPI    bsp_tm7705.o
    0x08001358   0x00000064   Code   RO         1083    i.TM7705_WaitDRDY   bsp_tm7705.o
    0x080013bc   0x00000020   Code   RO         1085    i.TM7705_WriteByte  bsp_tm7705.o
    0x080013dc   0x00000010   Code   RO          581    i.USART1_IRQHandler  bsp_uart_fifo.o
    0x080013ec   0x00000010   Code   RO          582    i.USART2_IRQHandler  bsp_uart_fifo.o
    0x080013fc   0x00000010   Code   RO          583    i.USART3_IRQHandler  bsp_uart_fifo.o
    0x0800140c   0x0000000c   Code   RO          584    i.USART3_SendBefor  bsp_uart_fifo.o
    0x08001418   0x0000000c   Code   RO          585    i.USART3_SendOver   bsp_uart_fifo.o
    0x08001424   0x00000010   Code   RO          586    i.USART6_IRQHandler  bsp_uart_fifo.o
    0x08001434   0x00000012   Code   RO         1720    i.USART_ClearFlag   stm32f4xx_usart.o
    0x08001446   0x00000018   Code   RO         1724    i.USART_Cmd         stm32f4xx_usart.o
    0x0800145e   0x00000054   Code   RO         1728    i.USART_GetITStatus  stm32f4xx_usart.o
    0x080014b2   0x0000004a   Code   RO         1730    i.USART_ITConfig    stm32f4xx_usart.o
    0x080014fc   0x000000d4   Code   RO         1731    i.USART_Init        stm32f4xx_usart.o
    0x080015d0   0x0000000a   Code   RO         1738    i.USART_ReceiveData  stm32f4xx_usart.o
    0x080015da   0x00000008   Code   RO         1741    i.USART_SendData    stm32f4xx_usart.o
    0x080015e2   0x0000004a   Code   RO          587    i.UartGetChar       bsp_uart_fifo.o
    0x0800162c   0x000000e6   Code   RO          588    i.UartIRQ           bsp_uart_fifo.o
    0x08001712   0x00000072   Code   RO          589    i.UartSend          bsp_uart_fifo.o
    0x08001784   0x000000f8   Code   RO          590    i.UartVarInit       bsp_uart_fifo.o
    0x0800187c   0x00000004   Code   RO          727    i.UsageFault_Handler  stm32f4xx_it.o
    0x08001880   0x00000020   Code   RO         2325    i.__0printf$8       mc_w.l(printf8.o)
    0x080018a0   0x0000000e   Code   RO         2421    i.__scatterload_copy  mc_w.l(handlers.o)
    0x080018ae   0x00000002   Code   RO         2422    i.__scatterload_null  mc_w.l(handlers.o)
    0x080018b0   0x0000000e   Code   RO         2423    i.__scatterload_zeroinit  mc_w.l(handlers.o)
    0x080018be   0x00000006   Code   RO          484    i.__set_PRIMASK     bsp_timer.o
    0x080018c4   0x00000006   Code   RO          591    i.__set_PRIMASK     bsp_uart_fifo.o
    0x080018ca   0x00000002   PAD
    0x080018cc   0x00000408   Code   RO         2332    i._printf_core      mc_w.l(printf8.o)
    0x08001cd4   0x00000026   Code   RO         2333    i._printf_post_padding  mc_w.l(printf8.o)
    0x08001cfa   0x00000030   Code   RO         2334    i._printf_pre_padding  mc_w.l(printf8.o)
    0x08001d2a   0x00000002   PAD
    0x08001d2c   0x00000064   Code   RO          837    i.bsp_CfgSPIForSFlash  bsp_spi_flash.o
    0x08001d90   0x00000044   Code   RO          486    i.bsp_DelayMS       bsp_timer.o
    0x08001dd4   0x000000cc   Code   RO          303    i.bsp_DetectKey     bsp_key.o
    0x08001ea0   0x00000002   Code   RO          799    i.bsp_Idle          bsp.o
    0x08001ea2   0x0000001c   Code   RO          800    i.bsp_Init          bsp.o
    0x08001ebe   0x00000002   PAD
    0x08001ec0   0x0000008c   Code   RO          950    i.bsp_InitBMP085    bsp_bmp085.o
    0x08001f4c   0x00000038   Code   RO          997    i.bsp_InitI2C       bsp_i2c_gpio.o
    0x08001f84   0x0000000c   Code   RO          307    i.bsp_InitKey       bsp_key.o
    0x08001f90   0x000000a0   Code   RO          308    i.bsp_InitKeyHard   bsp_key.o
    0x08002030   0x000000d4   Code   RO          309    i.bsp_InitKeyVar    bsp_key.o
    0x08002104   0x000000ac   Code   RO          838    i.bsp_InitSFlash    bsp_spi_flash.o
    0x080021b0   0x000000f4   Code   RO         1087    i.bsp_InitTM7705    bsp_tm7705.o
    0x080022a4   0x00000098   Code   RO          489    i.bsp_InitTimer     bsp_timer.o
    0x0800233c   0x00000010   Code   RO          592    i.bsp_InitUart      bsp_uart_fifo.o
    0x0800234c   0x00000016   Code   RO          310    i.bsp_KeyScan       bsp_key.o
    0x08002362   0x00000002   PAD
    0x08002364   0x00000020   Code   RO          311    i.bsp_PutKey        bsp_key.o
    0x08002384   0x00000008   Code   RO          801    i.bsp_RunPer10ms    bsp.o
    0x0800238c   0x00000002   Code   RO          802    i.bsp_RunPer1ms     bsp.o
    0x0800238e   0x0000001c   Code   RO          490    i.bsp_SoftTimerDec  bsp_timer.o
    0x080023aa   0x00000002   PAD
    0x080023ac   0x000000a8   Code   RO          491    i.bsp_StartAutoTimer  bsp_timer.o
    0x08002454   0x0000001e   Code   RO          595    i.comGetChar        bsp_uart_fifo.o
    0x08002472   0x0000002e   Code   RO          596    i.comSendBuf        bsp_uart_fifo.o
    0x080024a0   0x00000010   Code   RO          597    i.comSendChar       bsp_uart_fifo.o
    0x080024b0   0x00000012   Code   RO          599    i.fputc             bsp_uart_fifo.o
    0x080024c2   0x00000002   PAD
    0x080024c4   0x00000030   Code   RO          998    i.i2c_Ack           bsp_i2c_gpio.o
    0x080024f4   0x0000000e   Code   RO         1000    i.i2c_Delay         bsp_i2c_gpio.o
    0x08002502   0x00000002   PAD
    0x08002504   0x00000028   Code   RO         1001    i.i2c_NAck          bsp_i2c_gpio.o
    0x0800252c   0x00000044   Code   RO         1002    i.i2c_ReadByte      bsp_i2c_gpio.o
    0x08002570   0x00000054   Code   RO         1003    i.i2c_SendByte      bsp_i2c_gpio.o
    0x080025c4   0x00000030   Code   RO         1004    i.i2c_Start         bsp_i2c_gpio.o
    0x080025f4   0x00000020   Code   RO         1005    i.i2c_Stop          bsp_i2c_gpio.o
    0x08002614   0x0000003c   Code   RO         1006    i.i2c_WaitAck       bsp_i2c_gpio.o
    0x08002650   0x00000298   Code   RO            4    i.main              main.o
    0x080028e8   0x00000114   Code   RO          839    i.sf_AutoWritePage  bsp_spi_flash.o
    0x080029fc   0x00000084   Code   RO          840    i.sf_CmpData        bsp_spi_flash.o
    0x08002a80   0x00000040   Code   RO          842    i.sf_EraseSector    bsp_spi_flash.o
    0x08002ac0   0x00000028   Code   RO          843    i.sf_NeedErase      bsp_spi_flash.o
    0x08002ae8   0x0000015c   Code   RO          844    i.sf_PageWrite      bsp_spi_flash.o
    0x08002c44   0x00000064   Code   RO          845    i.sf_ReadBuffer     bsp_spi_flash.o
    0x08002ca8   0x00000048   Code   RO          846    i.sf_ReadID         bsp_spi_flash.o
    0x08002cf0   0x000000cc   Code   RO          847    i.sf_ReadInfo       bsp_spi_flash.o
    0x08002dbc   0x00000038   Code   RO          848    i.sf_SendByte       bsp_spi_flash.o
    0x08002df4   0x00000030   Code   RO          849    i.sf_WaitForWriteEnd  bsp_spi_flash.o
    0x08002e24   0x00000174   Code   RO          850    i.sf_WriteBuffer    bsp_spi_flash.o
    0x08002f98   0x00000020   Code   RO          851    i.sf_WriteEnable    bsp_spi_flash.o
    0x08002fb8   0x00000070   Code   RO          852    i.sf_WriteStatus    bsp_spi_flash.o
    0x08003028   0x00000030   Data   RO          495    .constdata          bsp_timer.o
    0x08003058   0x00000020   Data   RO         2419    Region$$Table       anon$$obj.o


    Execution Region RW_IRAM1 (Base: 0x20000000, Size: 0x00007200, Max: 0x00020000, ABSOLUTE)

    Base Addr    Size         Type   Attr      Idx    E Section Name        Object

    0x20000000   0x0000000c   Data   RW          270    .data               ad7705_test.o
    0x2000000c   0x0000000d   Data   RW          496    .data               bsp_timer.o
    0x20000019   0x00000001   Data   RW          601    .data               bsp_uart_fifo.o
    0x2000001a   0x00000001   Data   RW         1088    .data               bsp_tm7705.o
    0x2000001b   0x00000010   Data   RW         1246    .data               stm32f4xx_rcc.o
    0x2000002b   0x00000001   PAD
    0x2000002c   0x00000014   Data   RW         2075    .data               system_stm32f4xx.o
    0x20000040   0x00000004   Data   RW         2393    .data               mc_w.l(stdout.o)
    0x20000044   0x000000ad   Zero   RW          313    .bss                bsp_key.o
    0x200000f1   0x00000003   PAD
    0x200000f4   0x00000030   Zero   RW          494    .bss                bsp_timer.o
    0x20000124   0x000020a0   Zero   RW          600    .bss                bsp_uart_fifo.o
    0x200021c4   0x0000101c   Zero   RW          853    .bss                bsp_spi_flash.o
    0x200031e0   0x00000020   Zero   RW          951    .bss                bsp_bmp085.o
    0x20003200   0x00004000   Zero   RW         1185    STACK               startup_stm32f40_41xxx.o


==============================================================================

Image component sizes


      Code (inc. data)   RO Data    RW Data    ZI Data      Debug   Object Name

       120         16          0         12          0        776   ad7705_test.o
        40          0          0          0          0       1895   bsp.o
       736         18          0          0         32       4828   bsp_bmp085.o
       450         38          0          0          0       4990   bsp_i2c_gpio.o
       878        128          0          0        173      12977   bsp_key.o
      2128        164          0          0       4124      12028   bsp_spi_flash.o
       562        132         48         13         48      33760   bsp_timer.o
       974        104          0          1          0       8236   bsp_tm7705.o
      1804        154          0          1       8352      12396   bsp_uart_fifo.o
        30          0          0          0          0        615   demo_spi_flash.o
       948        284          0          0          0     271995   main.o
        26          0          0          0          0        476   mems_test.o
       140         22          0          0          0       1711   misc.o
        36          8        392          0      16384        908   startup_stm32f40_41xxx.o
       240          0          0          0          0       3823   stm32f4xx_gpio.o
       104         48          0          0          0       3976   stm32f4xx_it.o
       328         36          0         16          0       4899   stm32f4xx_rcc.o
       112          0          0          0          0       3790   stm32f4xx_spi.o
       430          8          0          0          0       5769   stm32f4xx_usart.o
       340         34          0         20          0       1901   system_stm32f4xx.o

    ----------------------------------------------------------------------
     10456       1194        472         64      29116     391749   Object Totals
         0          0         32          0          0          0   (incl. Generated)
        30          0          0          1          3          0   (incl. Padding)

    ----------------------------------------------------------------------

      Code (inc. data)   RO Data    RW Data    ZI Data      Debug   Library Member Name

         0          0          0          0          0          0   entry.o
         0          0          0          0          0          0   entry10a.o
         0          0          0          0          0          0   entry11a.o
         8          4          0          0          0          0   entry2.o
         4          0          0          0          0          0   entry5.o
         0          0          0          0          0          0   entry7b.o
         0          0          0          0          0          0   entry8b.o
         8          4          0          0          0          0   entry9a.o
        30          0          0          0          0          0   handlers.o
        36          8          0          0          0         68   init.o
        30          0          0          0          0         68   llshl.o
        32          0          0          0          0         68   llushr.o
        26          0          0          0          0         80   memcmp.o
        36          0          0          0          0         68   memcpya.o
      1150         54          0          0          0        352   printf8.o
         0          0          0          4          0          0   stdout.o
        18          0          0          0          0         68   strcpy.o
        98          0          0          0          0         92   uldiv.o

    ----------------------------------------------------------------------
      1480         70          0          4          0        864   Library Totals
         4          0          0          0          0          0   (incl. Padding)

    ----------------------------------------------------------------------

      Code (inc. data)   RO Data    RW Data    ZI Data      Debug   Library Name

      1476         70          0          4          0        864   mc_w.l

    ----------------------------------------------------------------------
      1480         70          0          4          0        864   Library Totals

    ----------------------------------------------------------------------

==============================================================================


      Code (inc. data)   RO Data    RW Data    ZI Data      Debug   

     11936       1264        472         68      29116     379997   Grand Totals
     11936       1264        472         68      29116     379997   ELF Image Totals
     11936       1264        472         68          0          0   ROM Totals

==============================================================================

    Total RO  Size (Code + RO Data)                12408 (  12.12kB)
    Total RW  Size (RW Data + ZI Data)             29184 (  28.50kB)
    Total ROM Size (Code + RO Data + RW Data)      12476 (  12.18kB)

==============================================================================

