<html>
<body>
<pre>
<h1>礦ision Build Log</h1>
<h2>Project:</h2>
C:\Users\mrer\Desktop\毕设下位机编程\下位机\Project\MDK-ARM(uV4)\project.uvproj
Project File Date:  03/28/2016

<h2>Output:</h2>
Rebuild target 'Flash'
compiling main.c...
compiling demo_spi_flash.c...
compiling mems_test.c...
compiling ad7705_test.c...
compiling bsp_key.c...
compiling bsp_led.c...
compiling bsp_timer.c...
compiling bsp_uart_fifo.c...
compiling stm32f4xx_it.c...
compiling stm32f4xx_assert.c...
compiling bsp.c...
compiling bsp_spi_flash.c...
compiling bsp_bmp085.c...
compiling bsp_i2c_gpio.c...
compiling bsp_tm7705.c...
compiling bsp_rtc.c...
assembling startup_stm32f40_41xxx.s...
compiling stm32f4xx_rcc.c...
compiling stm32f4xx_syscfg.c...
compiling misc.c...
compiling stm32f4xx_gpio.c...
compiling stm32f4xx_usart.c...
compiling stm32f4xx_spi.c...
compiling stm32f4xx_dma.c...
compiling stm32f4xx_iwdg.c...
compiling stm32f4xx_tim.c...
compiling stm32f4xx_wwdg.c...
compiling stm32f4xx_exti.c...
compiling stm32f4xx_rtc.c...
compiling stm32f4xx_pwr.c...
compiling system_stm32f4xx.c...
linking...
Program Size: Code=15832 RO-data=472 RW-data=84 ZI-data=29196  
FromELF: creating hex file...
After Build - User command #1: CopyHex_Flash.bat
C:\Users\mrer\Desktop\毕设下位机编程\下位机\Project\MDK-ARM(uV4)>copy Flash\Obj\output.hex ..\output(mdk).hex 
已复制         1 个文件。
".\Flash\Obj\output.axf" - 0 Error(s), 0 Warning(s).
</pre>
</body>
</html>
